Component: ARM Compiler 5.06 update 6 (build 750) Tool: armlink [4d35ed]

==============================================================================

Section Cross References

    adc.o(i.ADC_DMA_GetValue) refers to adc.o(i.ADC_DMA_SearchChannel) for ADC_DMA_SearchChannel
    adc.o(i.ADC_DMA_GetValue) refers to adc.o(.bss) for ADC_DMA_ConvertedValue
    adc.o(i.ADC_DMA_Init) refers to stm32f10x_rcc.o(i.RCC_AHBPeriphClockCmd) for RCC_AHBPeriphClockCmd
    adc.o(i.ADC_DMA_Init) refers to stm32f10x_rcc.o(i.RCC_APB2PeriphClockCmd) for RCC_APB2PeriphClockCmd
    adc.o(i.ADC_DMA_Init) refers to stm32f10x_adc.o(i.ADC_Init) for ADC_Init
    adc.o(i.ADC_DMA_Init) refers to stm32f10x_rcc.o(i.RCC_ADCCLKConfig) for RCC_ADCCLKConfig
    adc.o(i.ADC_DMA_Init) refers to stm32f10x_adc.o(i.ADC_RegularChannelConfig) for ADC_RegularChannelConfig
    adc.o(i.ADC_DMA_Init) refers to stm32f10x_adc.o(i.ADC_TempSensorVrefintCmd) for ADC_TempSensorVrefintCmd
    adc.o(i.ADC_DMA_Init) refers to stm32f10x_adc.o(i.ADC_DMACmd) for ADC_DMACmd
    adc.o(i.ADC_DMA_Init) refers to stm32f10x_adc.o(i.ADC_Cmd) for ADC_Cmd
    adc.o(i.ADC_DMA_Init) refers to stm32f10x_adc.o(i.ADC_ResetCalibration) for ADC_ResetCalibration
    adc.o(i.ADC_DMA_Init) refers to stm32f10x_adc.o(i.ADC_GetResetCalibrationStatus) for ADC_GetResetCalibrationStatus
    adc.o(i.ADC_DMA_Init) refers to stm32f10x_adc.o(i.ADC_StartCalibration) for ADC_StartCalibration
    adc.o(i.ADC_DMA_Init) refers to stm32f10x_adc.o(i.ADC_GetCalibrationStatus) for ADC_GetCalibrationStatus
    adc.o(i.ADC_DMA_Init) refers to stm32f10x_adc.o(i.ADC_SoftwareStartConvCmd) for ADC_SoftwareStartConvCmd
    adc.o(i.ADC_DMA_Init) refers to adc.o(.bss) for ADC_DMA_ConvertedValue
    adc.o(i.ADC_DMA_Init) refers to adc.o(.data) for ADC_DMA_RegCnt
    adc.o(i.ADC_DMA_Register) refers to adc.o(i.ADC_DMA_SearchChannel) for ADC_DMA_SearchChannel
    adc.o(i.ADC_DMA_Register) refers to adc.o(.data) for IsInit
    adc.o(i.ADC_DMA_Register) refers to adc.o(.bss) for ADC_DMA_RegChannelList
    adc.o(i.ADC_DMA_SearchChannel) refers to adc.o(.bss) for ADC_DMA_RegChannelList
    adc.o(i.ADC_DMA_SearchChannel) refers to adc.o(.data) for ADC_DMA_RegCnt
    adc.o(i.ADCx_GetValue) refers to stm32f10x_adc.o(i.ADC_RegularChannelConfig) for ADC_RegularChannelConfig
    adc.o(i.ADCx_GetValue) refers to stm32f10x_adc.o(i.ADC_SoftwareStartConvCmd) for ADC_SoftwareStartConvCmd
    adc.o(i.ADCx_GetValue) refers to stm32f10x_adc.o(i.ADC_GetFlagStatus) for ADC_GetFlagStatus
    adc.o(i.ADCx_GetValue) refers to stm32f10x_adc.o(i.ADC_GetConversionValue) for ADC_GetConversionValue
    adc.o(i.ADCx_Init) refers to stm32f10x_rcc.o(i.RCC_APB2PeriphClockCmd) for RCC_APB2PeriphClockCmd
    adc.o(i.ADCx_Init) refers to stm32f10x_rcc.o(i.RCC_ADCCLKConfig) for RCC_ADCCLKConfig
    adc.o(i.ADCx_Init) refers to stm32f10x_adc.o(i.ADC_DeInit) for ADC_DeInit
    adc.o(i.ADCx_Init) refers to stm32f10x_adc.o(i.ADC_Init) for ADC_Init
    adc.o(i.ADCx_Init) refers to stm32f10x_adc.o(i.ADC_Cmd) for ADC_Cmd
    adc.o(i.ADCx_Init) refers to stm32f10x_adc.o(i.ADC_ResetCalibration) for ADC_ResetCalibration
    adc.o(i.ADCx_Init) refers to stm32f10x_adc.o(i.ADC_GetResetCalibrationStatus) for ADC_GetResetCalibrationStatus
    adc.o(i.ADCx_Init) refers to stm32f10x_adc.o(i.ADC_StartCalibration) for ADC_StartCalibration
    adc.o(i.ADCx_Init) refers to stm32f10x_adc.o(i.ADC_GetCalibrationStatus) for ADC_GetCalibrationStatus
    delay.o(i.Delay_Init) refers to system_stm32f10x.o(i.SystemCoreClockUpdate) for SystemCoreClockUpdate
    delay.o(i.Delay_Init) refers to delay.o(i.__NVIC_SetPriority) for __NVIC_SetPriority
    delay.o(i.Delay_Init) refers to system_stm32f10x.o(.data) for SystemCoreClock
    delay.o(i.SysClock_Init) refers to stm32f10x_rcc.o(i.RCC_SYSCLKConfig) for RCC_SYSCLKConfig
    delay.o(i.SysClock_Init) refers to stm32f10x_rcc.o(i.RCC_GetSYSCLKSource) for RCC_GetSYSCLKSource
    delay.o(i.SysClock_Init) refers to stm32f10x_rcc.o(i.RCC_HCLKConfig) for RCC_HCLKConfig
    delay.o(i.SysClock_Init) refers to stm32f10x_rcc.o(i.RCC_PCLK1Config) for RCC_PCLK1Config
    delay.o(i.SysClock_Init) refers to stm32f10x_rcc.o(i.RCC_PCLK2Config) for RCC_PCLK2Config
    delay.o(i.SysClock_Init) refers to stm32f10x_rcc.o(i.RCC_PLLCmd) for RCC_PLLCmd
    delay.o(i.SysClock_Init) refers to stm32f10x_rcc.o(i.RCC_HSEConfig) for RCC_HSEConfig
    delay.o(i.SysClock_Init) refers to stm32f10x_rcc.o(i.RCC_WaitForHSEStartUp) for RCC_WaitForHSEStartUp
    delay.o(i.SysClock_Init) refers to stm32f10x_rcc.o(i.RCC_PLLConfig) for RCC_PLLConfig
    delay.o(i.SysClock_Init) refers to stm32f10x_rcc.o(i.RCC_GetFlagStatus) for RCC_GetFlagStatus
    delay.o(i.SysClock_Init) refers to stm32f10x_rcc.o(i.RCC_APB2PeriphClockCmd) for RCC_APB2PeriphClockCmd
    delay.o(i.SysClock_Init) refers to delay.o(.data) for SysClock
    delay.o(i.SysClock_Init) refers to system_stm32f10x.o(.data) for SystemCoreClock
    delay.o(i.SysTick_Handler) refers to delay.o(.data) for System_ms
[...]
    Removing Print.o(i._ZN5Print5printEmi), (22 bytes).
    Removing Print.o(i._ZN5Print5printExi), (68 bytes).
    Removing Print.o(i._ZN5Print5printEyi), (54 bytes).
    Removing Print.o(i._ZN5Print5writeEPKc), (34 bytes).
    Removing Print.o(i._ZN5Print5writeEPKvj), (48 bytes).
    Removing Print.o(i._ZN5Print6printfEPKcz), (48 bytes).
    Removing Print.o(i._ZN5Print7printlnEPK19__FlashStringHelper), (28 bytes).
    Removing Print.o(i._ZN5Print7printlnEPKc), (28 bytes).
    Removing Print.o(i._ZN5Print7printlnERK6String), (28 bytes).
    Removing Print.o(i._ZN5Print7printlnERK9Printable), (28 bytes).
    Removing Print.o(i._ZN5Print7printlnEc), (28 bytes).
    Removing Print.o(i._ZN5Print7printlnEdi), (44 bytes).
    Removing Print.o(i._ZN5Print7printlnEhi), (36 bytes).
    Removing Print.o(i._ZN5Print7printlnEii), (36 bytes).
    Removing Print.o(i._ZN5Print7printlnEji), (36 bytes).
    Removing Print.o(i._ZN5Print7printlnEli), (34 bytes).
    Removing Print.o(i._ZN5Print7printlnEmi), (34 bytes).
    Removing Print.o(i._ZN5Print7printlnEv), (28 bytes).
    Removing Print.o(i._ZN5Print7printlnExi), (44 bytes).
    Removing Print.o(i._ZN5Print7printlnEyi), (44 bytes).
    Removing Print.o(.ARM.exidx), (8 bytes).
    Removing Print.o(.ARM.exidx), (8 bytes).
    Removing Print.o(.ARM.exidx), (8 bytes).
    Removing Print.o(.ARM.exidx), (8 bytes).
    Removing Print.o(.ARM.exidx), (8 bytes).
    Removing Print.o(.ARM.exidx), (8 bytes).
    Removing Print.o(.ARM.exidx), (8 bytes).
    Removing Print.o(.ARM.exidx), (8 bytes).
    Removing Print.o(.ARM.exidx), (8 bytes).
    Removing Print.o(.ARM.exidx), (8 bytes).
    Removing Print.o(.ARM.exidx), (8 bytes).
    Removing Print.o(.ARM.exidx), (8 bytes).
    Removing Print.o(.ARM.exidx), (8 bytes).
    Removing Print.o(.ARM.exidx), (8 bytes).
    Removing Print.o(.ARM.exidx), (8 bytes).
    Removing Print.o(.ARM.exidx), (8 bytes).
    Removing Print.o(.ARM.exidx), (8 bytes).
    Removing Print.o(.ARM.exidx), (8 bytes).
    Removing Print.o(.ARM.exidx), (8 bytes).
    Removing Print.o(.ARM.exidx), (8 bytes).
    Removing Print.o(.ARM.exidx), (8 bytes).
    Removing Print.o(.ARM.exidx), (8 bytes).
    Removing Print.o(.ARM.exidx), (8 bytes).
    Removing Print.o(.ARM.exidx), (8 bytes).
    Removing Print.o(.ARM.exidx), (8 bytes).
    Removing Print.o(.ARM.exidx), (8 bytes).
    Removing Print.o(.ARM.exidx), (8 bytes).
    Removing Print.o(.ARM.exidx), (8 bytes).
    Removing Print.o(.ARM.exidx), (8 bytes).
    Removing Print.o(.ARM.exidx), (8 bytes).
    Removing Print.o(.ARM.exidx), (8 bytes).
    Removing Print.o(.ARM.exidx), (8 bytes).
    Removing SPI.o(.rev16_text), (4 bytes).
    Removing SPI.o(.revsh_text), (4 bytes).
    Removing SPI.o(.rrx_text), (6 bytes).
    Removing SPI.o(i._ZN8SPIClass10beginSlaveEv), (44 bytes).
    Removing SPI.o(i._ZN8SPIClass11setBitOrderEt), (38 bytes).
    Removing SPI.o(i._ZN8SPIClass11setDataModeEh), (82 bytes).
    Removing SPI.o(i._ZN8SPIClass11setDataSizeEt), (26 bytes).
    Removing SPI.o(i._ZN8SPIClass12SPI_SettingsEP11SPI_TypeDeftttttt), (128 bytes).
    Removing SPI.o(i._ZN8SPIClass14endTransactionEv), (2 bytes).
    Removing SPI.o(i._ZN8SPIClass15setClockDividerEj), (40 bytes).
    Removing SPI.o(i._ZN8SPIClass16beginTransactionE11SPISettings), (14 bytes).
    Removing SPI.o(i._ZN8SPIClass21beginTransactionSlaveEv), (12 bytes).
    Removing SPI.o(i._ZN8SPIClass3endEv), (14 bytes).
    Removing SPI.o(i._ZN8SPIClass4readEPhj), (112 bytes).
    Removing SPI.o(i._ZN8SPIClass4readEv), (22 bytes).
    Removing SPI.o(i._ZN8SPIClass4recvEv), (14 bytes).
    Removing SPI.o(i._ZN8SPIClass4sendEPhj), (22 bytes).
    Removing SPI.o(i._ZN8SPIClass4sendEh), (18 bytes).
    Removing SPI.o(i._ZN8SPIClass5beginE11SPISettings), (54 bytes).
    Removing SPI.o(i._ZN8SPIClass5beginEjtt), (54 bytes).
    Removing SPI.o(i._ZN8SPIClass5beginEv), (236 bytes).
    Removing SPI.o(i._ZN8SPIClass5writeEPKhj), (64 bytes).
    Removing SPI.o(i._ZN8SPIClass5writeEPKtj), (64 bytes).
    Removing SPI.o(i._ZN8SPIClass5writeEt), (34 bytes).
    Removing SPI.o(i._ZN8SPIClass5writeEtj), (46 bytes).
    Removing SPI.o(i._ZN8SPIClass8setClockEj), (96 bytes).
    Removing SPI.o(i._ZNK8SPIClass10transfer16Et), (48 bytes).
    Removing SPI.o(i._ZNK8SPIClass8transferEh), (50 bytes).
    Removing SPI.o(.ARM.exidx), (8 bytes).
    Removing SPI.o(.ARM.exidx), (8 bytes).
    Removing SPI.o(.ARM.exidx), (8 bytes).
    Removing SPI.o(.ARM.exidx), (8 bytes).
    Removing SPI.o(.ARM.exidx), (8 bytes).
    Removing SPI.o(.ARM.exidx), (8 bytes).
    Removing SPI.o(.ARM.exidx), (8 bytes).
    Removing SPI.o(.ARM.exidx), (8 bytes).
    Removing SPI.o(.ARM.exidx), (8 bytes).
    Removing SPI.o(.ARM.exidx), (8 bytes).
    Removing SPI.o(.ARM.exidx), (8 bytes).
    Removing SPI.o(.ARM.exidx), (8 bytes).
    Removing SPI.o(.ARM.exidx), (8 bytes).
    Removing SPI.o(.ARM.exidx), (8 bytes).
    Removing SPI.o(.ARM.exidx), (8 bytes).
    Removing SPI.o(.ARM.exidx), (8 bytes).
    Removing SPI.o(.ARM.exidx), (8 bytes).
    Removing SPI.o(.ARM.exidx), (8 bytes).
    Removing SPI.o(.ARM.exidx), (8 bytes).
    Removing SPI.o(.ARM.exidx), (8 bytes).
    Removing SPI.o(.ARM.exidx), (8 bytes).
    Removing SPI.o(.ARM.exidx), (8 bytes).
    Removing SPI.o(.ARM.exidx), (8 bytes).
    Removing SPI.o(.ARM.exidx), (8 bytes).
    Removing SPI.o(.ARM.exidx), (8 bytes).
    Removing SPI.o(.ARM.exidx), (8 bytes).
    Removing SPI.o(.ARM.exidx), (8 bytes).
    Removing Stream.o(.rev16_text), (4 bytes).
    Removing Stream.o(.revsh_text), (4 bytes).
    Removing Stream.o(.rrx_text), (6 bytes).
    Removing Stream.o(i._ZN6Stream10parseFloatEc), (196 bytes).
    Removing Stream.o(i._ZN6Stream10parseFloatEv), (14 bytes).
    Removing Stream.o(i._ZN6Stream10readStringEv), (52 bytes).
    Removing Stream.o(i._ZN6Stream10setTimeoutEm), (4 bytes).
    Removing Stream.o(i._ZN6Stream13peekNextDigitEv), (52 bytes).
    Removing Stream.o(i._ZN6Stream14readBytesUntilEcPcj), (60 bytes).
    Removing Stream.o(i._ZN6Stream15readStringUntilEc), (64 bytes).
    Removing Stream.o(i._ZN6Stream4findEPc), (24 bytes).
    Removing Stream.o(i._ZN6Stream4findEPcj), (26 bytes).
    Removing Stream.o(i._ZN6Stream8parseIntEc), (108 bytes).
    Removing Stream.o(i._ZN6Stream8parseIntEv), (14 bytes).
    Removing Stream.o(i._ZN6Stream9findMultiEPNS_11MultiTargetEi), (268 bytes).
    Removing Stream.o(i._ZN6Stream9findUntilEPcS0_), (44 bytes).
    Removing Stream.o(i._ZN6Stream9findUntilEPcjS0_j), (104 bytes).
    Removing Stream.o(i._ZN6Stream9readBytesEPcj), (48 bytes).
    Removing Stream.o(i._ZN6Stream9timedPeekEv), (50 bytes).
    Removing Stream.o(i._ZN6Stream9timedReadEv), (50 bytes).
    Removing Stream.o(.ARM.exidx), (8 bytes).
    Removing Stream.o(.ARM.exidx), (8 bytes).
    Removing Stream.o(.ARM.exidx), (8 bytes).
    Removing Stream.o(.ARM.exidx), (8 bytes).
    Removing Stream.o(.ARM.exidx), (8 bytes).
    Removing Stream.o(.ARM.exidx), (8 bytes).
    Removing Stream.o(.ARM.exidx), (8 bytes).
    Removing Stream.o(.ARM.exidx), (8 bytes).
    Removing Stream.o(.ARM.exidx), (8 bytes).
    Removing Stream.o(.ARM.exidx), (8 bytes).
    Removing Stream.o(.ARM.exidx), (8 bytes).
    Removing Stream.o(.ARM.exidx), (8 bytes).
    Removing Stream.o(.ARM.exidx), (8 bytes).
    Removing Stream.o(.ARM.exidx), (8 bytes).
    Removing Stream.o(.ARM.exidx), (8 bytes).
    Removing Stream.o(.ARM.exidx), (8 bytes).
    Removing Stream.o(.ARM.exidx), (8 bytes).
    Removing Tone.o(.rev16_text), (4 bytes).
    Removing Tone.o(.revsh_text), (4 bytes).
    Removing Tone.o(.rrx_text), (6 bytes).
    Removing Tone.o(i._Z12toneSetTimerP11TIM_TypeDef), (12 bytes).
    Removing Tone.o(i._Z16toneBlock_Volumnhjjf), (176 bytes).
    Removing Tone.o(i._Z17toneTimer_Handlerv), (88 bytes).
    Removing Tone.o(i._Z19toneBlock_Volumn_ushjjf), (176 bytes).
    Removing Tone.o(i._Z4tonehj), (216 bytes).
    Removing Tone.o(i._Z4tonehjj), (72 bytes).
    Removing Tone.o(i._Z6noToneh), (48 bytes).
    Removing Tone.o(i._Z9toneBlockhjj), (124 bytes).
    Removing Tone.o(.ARM.exidx), (8 bytes).
    Removing Tone.o(.ARM.exidx), (8 bytes).
    Removing Tone.o(.ARM.exidx), (8 bytes).
    Removing Tone.o(.ARM.exidx), (8 bytes).
    Removing Tone.o(.ARM.exidx), (8 bytes).
    Removing Tone.o(.ARM.exidx), (8 bytes).
    Removing Tone.o(.ARM.exidx), (8 bytes).
    Removing Tone.o(.ARM.exidx), (8 bytes).
    Removing Tone.o(.data), (16 bytes).
    Removing WMath.o(.rev16_text), (4 bytes).
    Removing WMath.o(.revsh_text), (4 bytes).
    Removing WMath.o(.rrx_text), (6 bytes).
    Removing WMath.o(i._Z10randomSeedm), (14 bytes).
    Removing WMath.o(i._Z6randoml), (24 bytes).
    Removing WMath.o(i._Z6randomll), (26 bytes).
    Removing WMath.o(i._Z8makeWordhh), (8 bytes).
    Removing WMath.o(i._Z8makeWordj), (2 bytes).
    Removing WMath.o(.ARM.exidx), (8 bytes).
    Removing WMath.o(.ARM.exidx), (8 bytes).
    Removing WMath.o(.ARM.exidx), (8 bytes).
    Removing WMath.o(.ARM.exidx), (8 bytes).
    Removing WMath.o(.ARM.exidx), (8 bytes).
    Removing WString.o(i._ZN6String10invalidateEv), (24 bytes).
    Removing WString.o(i._ZN6String11toLowerCaseEv), (34 bytes).
    Removing WString.o(i._ZN6String11toUpperCaseEv), (34 bytes).
    Removing WString.o(i._ZN6String12changeBufferEj), (30 bytes).
    Removing WString.o(i._ZN6String4copyEPK19__FlashStringHelperj), (42 bytes).
    Removing WString.o(i._ZN6String4copyEPKcj), (42 bytes).
    Removing WString.o(i._ZN6String4trimEv), (88 bytes).
    Removing WString.o(i._ZN6String6concatEPK19__FlashStringHelper), (66 bytes).
    Removing WString.o(i._ZN6String6concatEPKc), (32 bytes).
    Removing WString.o(i._ZN6String6concatEPKcj), (60 bytes).
    Removing WString.o(i._ZN6String6concatERKS_), (18 bytes).
    Removing WString.o(i._ZN6String6concatEc), (28 bytes).
    Removing WString.o(i._ZN6String6concatEd), (54 bytes).
    Removing WString.o(i._ZN6String6concatEf), (58 bytes).
    Removing WString.o(i._ZN6String6concatEh), (36 bytes).
    Removing WString.o(i._ZN6String6concatEi), (38 bytes).
    Removing WString.o(i._ZN6String6concatEj), (38 bytes).
    Removing WString.o(i._ZN6String6concatEl), (38 bytes).
    Removing WString.o(i._ZN6String6concatEm), (38 bytes).
    Removing WString.o(i._ZN6String6removeEj), (20 bytes).
    Removing WString.o(i._ZN6String6removeEjj), (74 bytes).
    Removing WString.o(i._ZN6String7replaceERKS_S1_), (300 bytes).
    Removing WString.o(i._ZN6String7replaceEcc), (34 bytes).
    Removing WString.o(i._ZN6String7reserveEj), (48 bytes).
    Removing WString.o(i._ZN6String7sprintfEPKcz), (58 bytes).
    Removing WString.o(i._ZN6String9setCharAtEjc), (12 bytes).
    Removing WString.o(i._ZN6StringC1EPK19__FlashStringHelper), (24 bytes).
    Removing WString.o(i._ZN6StringC1EPKc), (36 bytes).
    Removing WString.o(i._ZN6StringC1ERKS_), (24 bytes).
    Removing WString.o(i._ZN6StringC1Ec), (34 bytes).
    Removing WString.o(i._ZN6StringC1Edh), (56 bytes).
    Removing WString.o(i._ZN6StringC1Efh), (60 bytes).
    Removing WString.o(i._ZN6StringC1Ehh), (36 bytes).
    Removing WString.o(i._ZN6StringC1Eih), (40 bytes).
    Removing WString.o(i._ZN6StringC1Ejh), (40 bytes).
    Removing WString.o(i._ZN6StringC1Elh), (40 bytes).
    Removing WString.o(i._ZN6StringC1Emh), (40 bytes).
    Removing WString.o(i._ZN6StringD1Ev), (14 bytes).
    Removing WString.o(i._ZN6StringaSEPK19__FlashStringHelper), (38 bytes).
    Removing WString.o(i._ZN6StringaSEPKc), (38 bytes).
    Removing WString.o(i._ZN6StringaSERKS_), (40 bytes).
    Removing WString.o(i._ZN6StringixEj), (32 bytes).
    Removing WString.o(i._ZNK6String10startsWithERKS_), (30 bytes).
    Removing WString.o(i._ZNK6String10startsWithERKS_j), (52 bytes).
    Removing WString.o(i._ZNK6String11lastIndexOfERKS_), (22 bytes).
    Removing WString.o(i._ZNK6String11lastIndexOfERKS_j), (94 bytes).
    Removing WString.o(i._ZNK6String11lastIndexOfEc), (20 bytes).
    Removing WString.o(i._ZNK6String11lastIndexOfEcj), (76 bytes).
    Removing WString.o(i._ZNK6String16equalsIgnoreCaseERKS_), (80 bytes).
    Removing WString.o(i._ZNK6String5toIntEv), (20 bytes).
    Removing WString.o(i._ZNK6String6charAtEj), (16 bytes).
    Removing WString.o(i._ZNK6String6equalsEPKc), (58 bytes).
    Removing WString.o(i._ZNK6String6equalsERKS_), (32 bytes).
    Removing WString.o(i._ZNK6String7indexOfERKS_), (18 bytes).
    Removing WString.o(i._ZNK6String7indexOfERKS_j), (50 bytes).
    Removing WString.o(i._ZNK6String7indexOfEc), (18 bytes).
    Removing WString.o(i._ZNK6String7indexOfEcj), (56 bytes).
    Removing WString.o(i._ZNK6String7toFloatEv), (26 bytes).
    Removing WString.o(i._ZNK6String8endsWithERKS_), (52 bytes).
    Removing WString.o(i._ZNK6String8getBytesEPhjj), (72 bytes).
    Removing WString.o(i._ZNK6String9compareToERKS_), (58 bytes).
    Removing WString.o(i._ZNK6String9substringEjj), (84 bytes).
    Removing WString.o(i._ZNK6StringgeERKS_), (20 bytes).
    Removing WString.o(i._ZNK6StringgtERKS_), (26 bytes).
    Removing WString.o(i._ZNK6StringixEj), (22 bytes).
    Removing WString.o(i._ZNK6StringleERKS_), (26 bytes).
    Removing WString.o(i._ZNK6StringltERKS_), (18 bytes).
    Removing WString.o(i._ZplRK15StringSumHelperPK19__FlashStringHelper), (28 bytes).
    Removing WString.o(i._ZplRK15StringSumHelperPKc), (44 bytes).
    Removing WString.o(i._ZplRK15StringSumHelperRK6String), (30 bytes).
    Removing WString.o(i._ZplRK15StringSumHelperc), (28 bytes).
    Removing WString.o(i._ZplRK15StringSumHelperd), (36 bytes).
    Removing WString.o(i._ZplRK15StringSumHelperf), (28 bytes).
    Removing WString.o(i._ZplRK15StringSumHelperh), (28 bytes).
    Removing WString.o(i._ZplRK15StringSumHelperi), (28 bytes).
    Removing WString.o(i._ZplRK15StringSumHelperj), (28 bytes).
    Removing WString.o(i._ZplRK15StringSumHelperl), (28 bytes).
    Removing WString.o(i._ZplRK15StringSumHelperm), (28 bytes).
    Removing WString.o(.ARM.exidx), (8 bytes).
    Removing WString.o(.ARM.exidx), (8 bytes).
    Removing WString.o(.ARM.exidx), (8 bytes).
    Removing WString.o(.ARM.exidx), (8 bytes).
    Removing WString.o(.ARM.exidx), (8 bytes).
    Removing WString.o(.ARM.exidx), (8 bytes).
    Removing WString.o(.ARM.exidx), (8 bytes).
    Removing WString.o(.ARM.exidx), (8 bytes).
    Removing WString.o(.ARM.exidx), (8 bytes).
    Removing WString.o(.ARM.exidx), (8 bytes).
    Removing WString.o(.ARM.exidx), (8 bytes).
    Removing WString.o(.ARM.exidx), (8 bytes).
    Removing WString.o(.ARM.exidx), (8 bytes).
    Removing WString.o(.ARM.exidx), (8 bytes).
    Removing WString.o(.ARM.exidx), (8 bytes).
    Removing WString.o(.ARM.exidx), (8 bytes).
    Removing WString.o(.ARM.exidx), (8 bytes).
    Removing WString.o(.ARM.exidx), (8 bytes).
    Removing WString.o(.ARM.exidx), (8 bytes).
    Removing WString.o(.ARM.exidx), (8 bytes).
    Removing WString.o(.ARM.exidx), (8 bytes).
    Removing WString.o(.ARM.exidx), (8 bytes).
    Removing WString.o(.ARM.exidx), (8 bytes).
    Removing WString.o(.ARM.exidx), (8 bytes).
    Removing WString.o(.ARM.exidx), (8 bytes).
    Removing WString.o(.ARM.exidx), (8 bytes).
    Removing WString.o(.ARM.exidx), (8 bytes).
    Removing WString.o(.ARM.exidx), (8 bytes).
    Removing WString.o(.ARM.exidx), (8 bytes).
    Removing WString.o(.ARM.exidx), (8 bytes).
    Removing WString.o(.ARM.exidx), (8 bytes).
    Removing WString.o(.ARM.exidx), (8 bytes).
    Removing WString.o(.ARM.exidx), (8 bytes).
    Removing WString.o(.ARM.exidx), (8 bytes).
    Removing WString.o(.ARM.exidx), (8 bytes).
    Removing WString.o(.ARM.exidx), (8 bytes).
    Removing WString.o(.ARM.exidx), (8 bytes).
    Removing WString.o(.ARM.exidx), (8 bytes).
    Removing WString.o(.ARM.exidx), (8 bytes).
    Removing WString.o(.ARM.exidx), (8 bytes).
    Removing WString.o(.ARM.exidx), (8 bytes).
    Removing WString.o(.ARM.exidx), (8 bytes).
    Removing WString.o(.ARM.exidx), (8 bytes).
    Removing WString.o(.ARM.exidx), (8 bytes).
    Removing WString.o(.ARM.exidx), (8 bytes).
    Removing WString.o(.ARM.exidx), (8 bytes).
    Removing WString.o(.ARM.exidx), (8 bytes).
    Removing WString.o(.ARM.exidx), (8 bytes).
    Removing WString.o(.ARM.exidx), (8 bytes).
    Removing WString.o(.ARM.exidx), (8 bytes).
    Removing WString.o(.ARM.exidx), (8 bytes).
    Removing WString.o(.ARM.exidx), (8 bytes).
    Removing WString.o(.ARM.exidx), (8 bytes).
    Removing WString.o(.ARM.exidx), (8 bytes).
    Removing WString.o(.ARM.exidx), (8 bytes).
    Removing WString.o(.ARM.exidx), (8 bytes).
    Removing WString.o(.ARM.exidx), (8 bytes).
    Removing WString.o(.ARM.exidx), (8 bytes).
    Removing WString.o(.ARM.exidx), (8 bytes).
    Removing WString.o(.ARM.exidx), (8 bytes).
    Removing WString.o(.ARM.exidx), (8 bytes).
    Removing WString.o(.ARM.exidx), (8 bytes).
    Removing WString.o(.ARM.exidx), (8 bytes).
    Removing WString.o(.ARM.exidx), (8 bytes).
    Removing WString.o(.ARM.exidx), (8 bytes).
    Removing WString.o(.ARM.exidx), (8 bytes).
    Removing WString.o(.ARM.exidx), (8 bytes).
    Removing WString.o(.ARM.exidx), (8 bytes).
    Removing WString.o(.ARM.exidx), (8 bytes).
    Removing WString.o(.ARM.exidx), (8 bytes).
    Removing WString.o(.ARM.exidx), (8 bytes).
    Removing WString.o(.ARM.exidx), (8 bytes).
    Removing WString.o(.ARM.exidx), (8 bytes).
    Removing WString.o(.ARM.exidx), (8 bytes).
    Removing WString.o(.ARM.exidx), (8 bytes).
    Removing WString.o(.ARM.exidx), (8 bytes).
    Removing WString.o(.ARM.exidx), (8 bytes).
    Removing WString.o(.ARM.exidx), (8 bytes).
    Removing WString.o(.data), (1 bytes).
    Removing Wire.o(.rev16_text), (4 bytes).
    Removing Wire.o(.revsh_text), (4 bytes).
    Removing Wire.o(.rrx_text), (6 bytes).
    Removing Wire.o(i._ZN7TwoWire11i2c_get_ackEv), (120 bytes).
    Removing Wire.o(i._ZN7TwoWire12i2c_send_ackEv), (72 bytes).
    Removing Wire.o(i._ZN7TwoWire12i2c_shift_inEv), (116 bytes).
    Removing Wire.o(i._ZN7TwoWire13i2c_send_nackEv), (72 bytes).
    Removing Wire.o(i._ZN7TwoWire13i2c_shift_outEh), (96 bytes).
    Removing Wire.o(i._ZN7TwoWire5beginEh), (58 bytes).
    Removing Wire.o(i._ZN7TwoWire7processEv), (170 bytes).
    Removing Wire.o(i._ZN7TwoWire7set_sclEb), (36 bytes).
    Removing Wire.o(i._ZN7TwoWire7set_sdaEb), (18 bytes).
    Removing Wire.o(i._ZN7TwoWire8i2c_stopEv), (72 bytes).
    Removing Wire.o(i._ZN7TwoWire9i2c_startEv), (52 bytes).
    Removing Wire.o(.ARM.exidx), (8 bytes).
    Removing Wire.o(.ARM.exidx), (8 bytes).
    Removing Wire.o(.ARM.exidx), (8 bytes).
    Removing Wire.o(.ARM.exidx), (8 bytes).
    Removing Wire.o(.ARM.exidx), (8 bytes).
    Removing Wire.o(.ARM.exidx), (8 bytes).
    Removing Wire.o(.ARM.exidx), (8 bytes).
    Removing Wire.o(.ARM.exidx), (8 bytes).
    Removing Wire.o(.ARM.exidx), (8 bytes).
    Removing Wire.o(.ARM.exidx), (8 bytes).
    Removing Wire.o(.ARM.exidx), (8 bytes).
    Removing Wire.o(.ARM.exidx), (8 bytes).
    Removing Wire.o(.ARM.exidx), (8 bytes).
    Removing Wire.o(.ARM.exidx), (8 bytes).
    Removing WireBase.o(.rev16_text), (4 bytes).
    Removing WireBase.o(.revsh_text), (4 bytes).
    Removing WireBase.o(.rrx_text), (6 bytes).
    Removing WireBase.o(i._ZN8WireBase11requestFromEhi), (64 bytes).
    Removing WireBase.o(i._ZN8WireBase11requestFromEii), (20 bytes).
    Removing WireBase.o(i._ZN8WireBase15endTransmissionEv), (38 bytes).
    Removing WireBase.o(i._ZN8WireBase17beginTransmissionEh), (22 bytes).
    Removing WireBase.o(i._ZN8WireBase17beginTransmissionEi), (16 bytes).
    Removing WireBase.o(i._ZN8WireBase4readEv), (84 bytes).
    Removing WireBase.o(i._ZN8WireBase5beginEh), (20 bytes).
    Removing WireBase.o(i._ZN8WireBase5writeEPc), (28 bytes).
    Removing WireBase.o(i._ZN8WireBase5writeEPhi), (30 bytes).
    Removing WireBase.o(i._ZN8WireBase5writeEPii), (20 bytes).
    Removing WireBase.o(i._ZN8WireBase5writeEh), (44 bytes).
    Removing WireBase.o(i._ZN8WireBase5writeEi), (16 bytes).
    Removing WireBase.o(i._ZN8WireBase8setClockEj), (2 bytes).
    Removing WireBase.o(i._ZN8WireBase9availableEv), (16 bytes).
    Removing WireBase.o(.ARM.exidx), (8 bytes).
    Removing WireBase.o(.ARM.exidx), (8 bytes).
    Removing WireBase.o(.ARM.exidx), (8 bytes).
    Removing WireBase.o(.ARM.exidx), (8 bytes).
    Removing WireBase.o(.ARM.exidx), (8 bytes).
    Removing WireBase.o(.ARM.exidx), (8 bytes).
    Removing WireBase.o(.ARM.exidx), (8 bytes).
    Removing WireBase.o(.ARM.exidx), (8 bytes).
    Removing WireBase.o(.ARM.exidx), (8 bytes).
    Removing WireBase.o(.ARM.exidx), (8 bytes).
    Removing WireBase.o(.ARM.exidx), (8 bytes).
    Removing WireBase.o(.ARM.exidx), (8 bytes).
    Removing WireBase.o(.ARM.exidx), (8 bytes).
    Removing WireBase.o(.ARM.exidx), (8 bytes).
    Removing new.o(i._ZdaPv), (12 bytes).
    Removing new.o(i._ZdlPv), (12 bytes).
    Removing new.o(i._Znaj), (12 bytes).
    Removing new.o(i._Znwj), (12 bytes).
    Removing new.o(.ARM.exidx), (8 bytes).
    Removing new.o(.ARM.exidx), (8 bytes).
    Removing new.o(.ARM.exidx), (8 bytes).
    Removing new.o(.ARM.exidx), (8 bytes).
    Removing main.o(.rev16_text), (4 bytes).
    Removing main.o(.revsh_text), (4 bytes).
    Removing main.o(.rrx_text), (6 bytes).
    Removing main.o(.ARM.exidx), (8 bytes).
    Removing main.o(.ARM.exidx), (8 bytes).
    Removing main.o(.ARM.exidx), (8 bytes).
    Removing fadd.o(.text), (176 bytes).
    Removing fmul.o(.text), (100 bytes).
    Removing fdiv.o(.text), (124 bytes).
    Removing dadd.o(.text), (334 bytes).
    Removing dmul.o(.text), (228 bytes).
    Removing ddiv.o(.text), (222 bytes).
    Removing fflti.o(.text), (18 bytes).
    Removing ffltui.o(.text), (10 bytes).
    Removing dflti.o(.text), (34 bytes).
    Removing dfltui.o(.text), (26 bytes).
    Removing dfltl.o(.text), (40 bytes).
    Removing ffixi.o(.text), (50 bytes).
    Removing ffixui.o(.text), (40 bytes).
    Removing dfixi.o(.text), (62 bytes).
    Removing dfixui.o(.text), (50 bytes).
    Removing dfixl.o(.text), (74 bytes).
    Removing f2d.o(.text), (38 bytes).
    Removing cdcmple.o(.text), (48 bytes).
    Removing cdrcmple.o(.text), (48 bytes).
    Removing d2f.o(.text), (56 bytes).
    Removing cfcmple.o(.text), (20 bytes).
    Removing cfrcmple.o(.text), (20 bytes).
    Removing fepilogue.o(.text), (110 bytes).
    Removing depilogue.o(.text), (186 bytes).
    Removing dfixul.o(.text), (48 bytes).
    Removing dfltul.o(.text), (24 bytes).
    Removing Servo.o(i._ZNK5Servo8attachedEv), (18 bytes).
    Removing Servo.o(.ARM.exidx), (8 bytes).
    Removing HardwareSerial.o(.constdata__ZTI14HardwareSerial), (12 bytes).
    Removing HardwareSerial.o(.constdata__ZTI6Stream), (12 bytes).
    Removing HardwareSerial.o(.constdata__ZTS14HardwareSerial), (17 bytes).
    Removing HardwareSerial.o(.constdata__ZTS6Stream), (8 bytes).
    Removing IPAddress.o(.ARM.exidx), (8 bytes).
    Removing IPAddress.o(.constdata__ZTI9IPAddress), (12 bytes).
    Removing IPAddress.o(.constdata__ZTI9Printable), (8 bytes).
    Removing IPAddress.o(.constdata__ZTS9IPAddress), (11 bytes).
    Removing IPAddress.o(.constdata__ZTS9Printable), (11 bytes).
    Removing Print.o(.constdata__ZTI5Print), (8 bytes).
    Removing Print.o(.constdata__ZTS5Print), (7 bytes).
    Removing Stream.o(i._ZN6StringpLEc), (18 bytes).
    Removing Stream.o(.ARM.exidx), (8 bytes).
    Removing WString.o(i.isspace), (18 bytes).
    Removing WString.o(.ARM.exidx), (8 bytes).
    Removing WString.o(i._ZN6String4initEv), (10 bytes).
    Removing WString.o(.ARM.exidx), (8 bytes).
    Removing WString.o(i._ZSt6strstrPcPKc), (16 bytes).
    Removing WString.o(.ARM.exidx), (8 bytes).
    Removing Wire.o(.constdata__ZTI7TwoWire), (12 bytes).
    Removing Wire.o(.constdata__ZTS7TwoWire), (9 bytes).
    Removing WireBase.o(.constdata__ZTI8WireBase), (8 bytes).
    Removing WireBase.o(.constdata__ZTS8WireBase), (10 bytes).

1163 unused section(s) (total 45934 bytes) removed from the image.

==============================================================================

Image Symbol Table

    Local Symbols

    Symbol Name                              Value     Ov Type        Size  Object(Section)

    ../../../edgfe/lib_src/arm_exceptions.c  0x00000000   Number         0  arm_exceptions_support.o ABSOLUTE
    ../../../edgfe/lib_src/arm_exceptions.c  0x00000000   Number         0  arm_exceptions_globs.o ABSOLUTE
    ../../../edgfe/lib_src/arm_exceptions.c  0x00000000   Number         0  arm_exceptions_callterm.o ABSOLUTE
    ../../../edgfe/lib_src/arm_exceptions.c  0x00000000   Number         0  arm_exceptions_terminate.o ABSOLUTE
    ../../../edgfe/lib_src/arm_exceptions.c  0x00000000   Number         0  arm_exceptions_mem.o ABSOLUTE
    ../../../edgfe/lib_src/arm_noexceptions.c 0x00000000   Number         0  arm_begincatch_noexceptions.o ABSOLUTE
    ../../../edgfe/lib_src/pure_virt.c       0x00000000   Number         0  pure_virt.o ABSOLUTE
    ../../../edgfe/lib_src/typeinfo.c        0x00000000   Number         0  lib_rtti_impl.o ABSOLUTE
    ../../../edgfe/lib_src/typeinfo.c        0x00000000   Number         0  type_info_dtor.o ABSOLUTE
    ../clib/microlib/cpp/cpp_dtor.c          0x00000000   Number         0  cpp_dtor.o ABSOLUTE
    ../clib/microlib/cpp/cpp_final.c         0x00000000   Number         0  cpp_final.o ABSOLUTE
    ../clib/microlib/cpp/cpp_init.c          0x00000000   Number         0  cpp_init.o ABSOLUTE
    ../clib/microlib/cpp/cpp_init.c          0x00000000   Number         0  cpp_init.o ABSOLUTE
    ../clib/microlib/cpp/cpp_memory.c        0x00000000   Number         0  cpp_memory.o ABSOLUTE
    ../clib/microlib/cpp/cpp_signal.c        0x00000000   Number         0  cpp_signal.o ABSOLUTE
    ../clib/microlib/ctype/ctype.c           0x00000000   Number         0  isxdigit_o.o ABSOLUTE
    ../clib/microlib/ctype/ctype.c           0x00000000   Number         0  isspace_o.o ABSOLUTE
    ../clib/microlib/ctype/ctype.c           0x00000000   Number         0  isblank_o.o ABSOLUTE
    ../clib/microlib/ctype/ctype.c           0x00000000   Number         0  isdigit_o.o ABSOLUTE
    ../clib/microlib/ctype/ctype.c           0x00000000   Number         0  ctype_o.o ABSOLUTE
    ../clib/microlib/ctype/ctype.c           0x00000000   Number         0  isalnum_o.o ABSOLUTE
    ../clib/microlib/ctype/ctype.c           0x00000000   Number         0  isalpha_o.o ABSOLUTE
    ../clib/microlib/ctype/ctype.c           0x00000000   Number         0  islower_o.o ABSOLUTE
    ../clib/microlib/ctype/ctype.c           0x00000000   Number         0  isgraph_o.o ABSOLUTE
    ../clib/microlib/ctype/ctype.c           0x00000000   Number         0  iscntrl_o.o ABSOLUTE
    ../clib/microlib/ctype/ctype.c           0x00000000   Number         0  ispunct_o.o ABSOLUTE
    ../clib/microlib/ctype/ctype.c           0x00000000   Number         0  isupper_o.o ABSOLUTE
    ../clib/microlib/ctype/ctype.c           0x00000000   Number         0  isprint_o.o ABSOLUTE
    ../clib/microlib/ctype/tolower.c         0x00000000   Number         0  tolower.o ABSOLUTE
    ../clib/microlib/ctype/toupper.c         0x00000000   Number         0  toupper.o ABSOLUTE
    ../clib/microlib/division.c              0x00000000   Number         0  uldiv.o ABSOLUTE
    ../clib/microlib/division.c              0x00000000   Number         0  uidiv.o ABSOLUTE
    ../clib/microlib/errno.c                 0x00000000   Number         0  errno.o ABSOLUTE
    ../clib/microlib/init/entry.s            0x00000000   Number         0  entry9a.o ABSOLUTE
    ../clib/microlib/init/entry.s            0x00000000   Number         0  entry9b.o ABSOLUTE
    ../clib/microlib/init/entry.s            0x00000000   Number         0  entry10a.o ABSOLUTE
    ../clib/microlib/init/entry.s            0x00000000   Number         0  entry10b.o ABSOLUTE
    ../clib/microlib/init/entry.s            0x00000000   Number         0  entry11a.o ABSOLUTE
    ../clib/microlib/init/entry.s            0x00000000   Number         0  entry11b.o ABSOLUTE
    ../clib/microlib/init/entry.s            0x00000000   Number         0  entry8a.o ABSOLUTE
    ../clib/microlib/init/entry.s            0x00000000   Number         0  entry.o ABSOLUTE
    ../clib/microlib/init/entry.s            0x00000000   Number         0  entry2.o ABSOLUTE
    ../clib/microlib/init/entry.s            0x00000000   Number         0  entry5.o ABSOLUTE
    ../clib/microlib/init/entry.s            0x00000000   Number         0  entry7a.o ABSOLUTE
    ../clib/microlib/init/entry.s            0x00000000   Number         0  entry7b.o ABSOLUTE
    ../clib/microlib/init/entry.s            0x00000000   Number         0  entry8b.o ABSOLUTE
    ../clib/microlib/longlong.c              0x00000000   Number         0  llshl.o ABSOLUTE
    ../clib/microlib/longlong.c              0x00000000   Number         0  llushr.o ABSOLUTE
    ../clib/microlib/longlong.c              0x00000000   Number         0  llsshr.o ABSOLUTE
    ../clib/microlib/malloc/malloc.c         0x00000000   Number         0  malloc.o ABSOLUTE
    ../clib/microlib/malloc/malloc.c         0x00000000   Number         0  mallocr.o ABSOLUTE
    ../clib/microlib/malloc/malloc.c         0x00000000   Number         0  malloca.o ABSOLUTE
    ../clib/microlib/malloc/malloc.c         0x00000000   Number         0  mallocra.o ABSOLUTE
    ../clib/microlib/malloc/mvars.c          0x00000000   Number         0  mvars.o ABSOLUTE
    ../clib/microlib/printf/printf.c         0x00000000   Number         0  printf5.o ABSOLUTE
    ../clib/microlib/printf/printf.c         0x00000000   Number         0  printf6.o ABSOLUTE
    ../clib/microlib/printf/printf.c         0x00000000   Number         0  printfb.o ABSOLUTE
    ../clib/microlib/printf/printf.c         0x00000000   Number         0  printf0.o ABSOLUTE
    ../clib/microlib/printf/printf.c         0x00000000   Number         0  printf1.o ABSOLUTE
    ../clib/microlib/printf/printf.c         0x00000000   Number         0  printf2.o ABSOLUTE
    ../clib/microlib/printf/printf.c         0x00000000   Number         0  printf3.o ABSOLUTE
    ../clib/microlib/printf/printf.c         0x00000000   Number         0  printf4.o ABSOLUTE
    ../clib/microlib/printf/printf.c         0x00000000   Number         0  printfa.o ABSOLUTE
    ../clib/microlib/printf/printf.c         0x00000000   Number         0  printf8.o ABSOLUTE
    ../clib/microlib/printf/printf.c         0x00000000   Number         0  printf7.o ABSOLUTE
    ../clib/microlib/printf/stubs.s          0x00000000   Number         0  stubs.o ABSOLUTE
    ../clib/microlib/stdio/fputc.c           0x00000000   Number         0  fputc.o ABSOLUTE
    ../clib/microlib/stdio/semi.s            0x00000000   Number         0  semi.o ABSOLUTE
    ../clib/microlib/stdio/streams.c         0x00000000   Number         0  stdout.o ABSOLUTE
    ../clib/microlib/stdlib/abort.c          0x00000000   Number         0  abort.o ABSOLUTE
    ../clib/microlib/stdlib/rand.c           0x00000000   Number         0  rand.o ABSOLUTE
    ../clib/microlib/string/memcmp.c         0x00000000   Number         0  memcmp.o ABSOLUTE
    ../clib/microlib/string/memcpy.c         0x00000000   Number         0  memmovea.o ABSOLUTE
    ../clib/microlib/string/memcpy.c         0x00000000   Number         0  memmoveb.o ABSOLUTE
    ../clib/microlib/string/memcpy.c         0x00000000   Number         0  memcpya.o ABSOLUTE
    ../clib/microlib/string/memcpy.c         0x00000000   Number         0  memcpyb.o ABSOLUTE
    ../clib/microlib/string/strchr.c         0x00000000   Number         0  strchr.o ABSOLUTE
    ../clib/microlib/string/strcmp.c         0x00000000   Number         0  strcmp.o ABSOLUTE
    ../clib/microlib/string/strcpy.c         0x00000000   Number         0  strcpy.o ABSOLUTE
    ../clib/microlib/string/strlen.c         0x00000000   Number         0  strlen.o ABSOLUTE
    ../clib/microlib/string/strncmp.c        0x00000000   Number         0  strncmp.o ABSOLUTE
    ../clib/microlib/string/strncpy.c        0x00000000   Number         0  strncpy.o ABSOLUTE
    ../clib/microlib/string/strrchr.c        0x00000000   Number         0  strrchr.o ABSOLUTE
    ../clib/microlib/string/strstr.c         0x00000000   Number         0  strstr.o ABSOLUTE
    ../clib/microlib/stubs.s                 0x00000000   Number         0  iusefp.o ABSOLUTE
    ../clib/microlib/stubs.s                 0x00000000   Number         0  iusesemip.o ABSOLUTE
    ../clib/scanf.c                          0x00000000   Number         0  atol.o ABSOLUTE
    ../clib/scanf.c                          0x00000000   Number         0  _sgetc.o ABSOLUTE
    ../clib/scanf.c                          0x00000000   Number         0  scanf_fp.o ABSOLUTE
    ../clib/scanf.c                          0x00000000   Number         0  _strtoul.o ABSOLUTE
    ../clib/scanf.c                          0x00000000   Number         0  strtol.o ABSOLUTE
    ../clib/scanf.c                          0x00000000   Number         0  strtod.o ABSOLUTE
    ../clib/scanf.c                          0x00000000   Number         0  _chval.o ABSOLUTE
    ../clib/stdlib.c                         0x00000000   Number         0  aeabi_atexit.o ABSOLUTE
    ../clib/stdlib.c                         0x00000000   Number         0  cxa_finalize.o ABSOLUTE
    ../fplib/microlib/d2f.c                  0x00000000   Number         0  d2f.o ABSOLUTE
    ../fplib/microlib/f2d.c                  0x00000000   Number         0  f2d.o ABSOLUTE
    ../fplib/microlib/fpadd.c                0x00000000   Number         0  fadd.o ABSOLUTE
    ../fplib/microlib/fpadd.c                0x00000000   Number         0  dadd.o ABSOLUTE
    ../fplib/microlib/fpdiv.c                0x00000000   Number         0  ddiv.o ABSOLUTE
    ../fplib/microlib/fpdiv.c                0x00000000   Number         0  fdiv.o ABSOLUTE
    ../fplib/microlib/fpepilogue.c           0x00000000   Number         0  depilogue.o ABSOLUTE
    ../fplib/microlib/fpepilogue.c           0x00000000   Number         0  fepilogue.o ABSOLUTE
    ../fplib/microlib/fpfix.c                0x00000000   Number         0  ffixi.o ABSOLUTE
    ../fplib/microlib/fpfix.c                0x00000000   Number         0  dfixui.o ABSOLUTE
    ../fplib/microlib/fpfix.c                0x00000000   Number         0  dfixul.o ABSOLUTE
    ../fplib/microlib/fpfix.c                0x00000000   Number         0  dfixl.o ABSOLUTE
    ../fplib/microlib/fpfix.c                0x00000000   Number         0  dfixi.o ABSOLUTE
    ../fplib/microlib/fpfix.c                0x00000000   Number         0  ffixui.o ABSOLUTE
    ../fplib/microlib/fpflt.c                0x00000000   Number         0  dflti.o ABSOLUTE
    ../fplib/microlib/fpflt.c                0x00000000   Number         0  dfltui.o ABSOLUTE
    ../fplib/microlib/fpflt.c                0x00000000   Number         0  fflti.o ABSOLUTE
    ../fplib/microlib/fpflt.c                0x00000000   Number         0  dfltl.o ABSOLUTE
    ../fplib/microlib/fpflt.c                0x00000000   Number         0  dfltul.o ABSOLUTE
    ../fplib/microlib/fpflt.c                0x00000000   Number         0  ffltui.o ABSOLUTE
    ../fplib/microlib/fpmul.c                0x00000000   Number         0  dmul.o ABSOLUTE
    ../fplib/microlib/fpmul.c                0x00000000   Number         0  fmul.o ABSOLUTE
    ../mathlib/atof.c                        0x00000000   Number         0  atof.o ABSOLUTE
    .\\lib\\Core\\adc.c                      0x00000000   Number         0  adc.o ABSOLUTE
    .\\lib\\Core\\delay.c                    0x00000000   Number         0  delay.o ABSOLUTE
    .\\lib\\Core\\exti.c                     0x00000000   Number         0  exti.o ABSOLUTE
    .\\lib\\Core\\gpio.c                     0x00000000   Number         0  gpio.o ABSOLUTE
    .\\lib\\Core\\pwm.c                      0x00000000   Number         0  pwm.o ABSOLUTE
    .\\lib\\Core\\timer.c                    0x00000000   Number         0  timer.o ABSOLUTE
    .\\lib\\Dht11\\dht11.cpp                 0x00000000   Number         0  dht11.o ABSOLUTE
    .\\lib\\STM32F10x_FWLib\\src\\misc.c     0x00000000   Number         0  misc.o ABSOLUTE
    .\\lib\\STM32F10x_FWLib\\src\\stm32f10x_adc.c 0x00000000   Number         0  stm32f10x_adc.o ABSOLUTE
    .\\lib\\STM32F10x_FWLib\\src\\stm32f10x_bkp.c 0x00000000   Number         0  stm32f10x_bkp.o ABSOLUTE
    .\\lib\\STM32F10x_FWLib\\src\\stm32f10x_can.c 0x00000000   Number         0  stm32f10x_can.o ABSOLUTE
    .\\lib\\STM32F10x_FWLib\\src\\stm32f10x_cec.c 0x00000000   Number         0  stm32f10x_cec.o ABSOLUTE
    .\\lib\\STM32F10x_FWLib\\src\\stm32f10x_crc.c 0x00000000   Number         0  stm32f10x_crc.o ABSOLUTE
    .\\lib\\STM32F10x_FWLib\\src\\stm32f10x_dac.c 0x00000000   Number         0  stm32f10x_dac.o ABSOLUTE
    .\\lib\\STM32F10x_FWLib\\src\\stm32f10x_dbgmcu.c 0x00000000   Number         0  stm32f10x_dbgmcu.o ABSOLUTE
    .\\lib\\STM32F10x_FWLib\\src\\stm32f10x_dma.c 0x00000000   Number         0  stm32f10x_dma.o ABSOLUTE
    .\\lib\\STM32F10x_FWLib\\src\\stm32f10x_exti.c 0x00000000   Number         0  stm32f10x_exti.o ABSOLUTE
    .\\lib\\STM32F10x_FWLib\\src\\stm32f10x_flash.c 0x00000000   Number         0  stm32f10x_flash.o ABSOLUTE
    .\\lib\\STM32F10x_FWLib\\src\\stm32f10x_fsmc.c 0x00000000   Number         0  stm32f10x_fsmc.o ABSOLUTE
    .\\lib\\STM32F10x_FWLib\\src\\stm32f10x_gpio.c 0x00000000   Number         0  stm32f10x_gpio.o ABSOLUTE
    .\\lib\\STM32F10x_FWLib\\src\\stm32f10x_i2c.c 0x00000000   Number         0  stm32f10x_i2c.o ABSOLUTE
    .\\lib\\STM32F10x_FWLib\\src\\stm32f10x_iwdg.c 0x00000000   Number         0  stm32f10x_iwdg.o ABSOLUTE
    .\\lib\\STM32F10x_FWLib\\src\\stm32f10x_pwr.c 0x00000000   Number         0  stm32f10x_pwr.o ABSOLUTE
    .\\lib\\STM32F10x_FWLib\\src\\stm32f10x_rcc.c 0x00000000   Number         0  stm32f10x_rcc.o ABSOLUTE
    .\\lib\\STM32F10x_FWLib\\src\\stm32f10x_rtc.c 0x00000000   Number         0  stm32f10x_rtc.o ABSOLUTE
    .\\lib\\STM32F10x_FWLib\\src\\stm32f10x_sdio.c 0x00000000   Number         0  stm32f10x_sdio.o ABSOLUTE
    .\\lib\\STM32F10x_FWLib\\src\\stm32f10x_spi.c 0x00000000   Number         0  stm32f10x_spi.o ABSOLUTE
    .\\lib\\STM32F10x_FWLib\\src\\stm32f10x_tim.c 0x00000000   Number         0  stm32f10x_tim.o ABSOLUTE
    .\\lib\\STM32F10x_FWLib\\src\\stm32f10x_usart.c 0x00000000   Number         0  stm32f10x_usart.o ABSOLUTE
    .\\lib\\STM32F10x_FWLib\\src\\stm32f10x_wwdg.c 0x00000000   Number         0  stm32f10x_wwdg.o ABSOLUTE
    .\\lib\\STM32F10x_FWLib\\system_stm32f10x.c 0x00000000   Number         0  system_stm32f10x.o ABSOLUTE
    .\\lib\\Servo\\Servo.cpp                 0x00000000   Number         0  Servo.o ABSOLUTE
    .\\lib\\qiArdlib\\HardwareSerial.cpp     0x00000000   Number         0  HardwareSerial.o ABSOLUTE
    .\\lib\\qiArdlib\\IPAddress.cpp          0x00000000   Number         0  IPAddress.o ABSOLUTE
    .\\lib\\qiArdlib\\SPI.cpp                0x00000000   Number         0  SPI.o ABSOLUTE
    .\\lib\\qiArdlib\\Stream.cpp             0x00000000   Number         0  Stream.o ABSOLUTE
    .\\lib\\qiArdlib\\Tone.cpp               0x00000000   Number         0  Tone.o ABSOLUTE
    .\\lib\\qiArdlib\\WMath.cpp              0x00000000   Number         0  WMath.o ABSOLUTE
    .\\lib\\qiArdlib\\Wire.cpp               0x00000000   Number         0  Wire.o ABSOLUTE
    .\\lib\\qiArdlib\\WireBase.cpp           0x00000000   Number         0  WireBase.o ABSOLUTE
    .\\lib\\qiArdlib\\qiArdlib.c             0x00000000   Number         0  qiArdlib.o ABSOLUTE
    .\\src\\main.cpp                         0x00000000   Number         0  main.o ABSOLUTE
    .\lib\Core\adc.c                         0x00000000   Number         0  adc.o ABSOLUTE
    .\lib\Core\delay.c                       0x00000000   Number         0  delay.o ABSOLUTE
    .\lib\Core\exti.c                        0x00000000   Number         0  exti.o ABSOLUTE
    .\lib\Core\gpio.c                        0x00000000   Number         0  gpio.o ABSOLUTE
    .\lib\Core\pwm.c                         0x00000000   Number         0  pwm.o ABSOLUTE
    .\lib\Core\timer.c                       0x00000000   Number         0  timer.o ABSOLUTE
    .\lib\Dht11\dht11.cpp                    0x00000000   Number         0  dht11.o ABSOLUTE
    .\lib\STM32F10x_FWLib\src\misc.c         0x00000000   Number         0  misc.o ABSOLUTE
    .\lib\STM32F10x_FWLib\src\stm32f10x_adc.c 0x00000000   Number         0  stm32f10x_adc.o ABSOLUTE
    .\lib\STM32F10x_FWLib\src\stm32f10x_bkp.c 0x00000000   Number         0  stm32f10x_bkp.o ABSOLUTE
    .\lib\STM32F10x_FWLib\src\stm32f10x_can.c 0x00000000   Number         0  stm32f10x_can.o ABSOLUTE
    .\lib\STM32F10x_FWLib\src\stm32f10x_cec.c 0x00000000   Number         0  stm32f10x_cec.o ABSOLUTE
    .\lib\STM32F10x_FWLib\src\stm32f10x_crc.c 0x00000000   Number         0  stm32f10x_crc.o ABSOLUTE
    .\lib\STM32F10x_FWLib\src\stm32f10x_dac.c 0x00000000   Number         0  stm32f10x_dac.o ABSOLUTE
    .\lib\STM32F10x_FWLib\src\stm32f10x_dbgmcu.c 0x00000000   Number         0  stm32f10x_dbgmcu.o ABSOLUTE
    .\lib\STM32F10x_FWLib\src\stm32f10x_dma.c 0x00000000   Number         0  stm32f10x_dma.o ABSOLUTE
    .\lib\STM32F10x_FWLib\src\stm32f10x_exti.c 0x00000000   Number         0  stm32f10x_exti.o ABSOLUTE
    .\lib\STM32F10x_FWLib\src\stm32f10x_flash.c 0x00000000   Number         0  stm32f10x_flash.o ABSOLUTE
    .\lib\STM32F10x_FWLib\src\stm32f10x_fsmc.c 0x00000000   Number         0  stm32f10x_fsmc.o ABSOLUTE
    .\lib\STM32F10x_FWLib\src\stm32f10x_gpio.c 0x00000000   Number         0  stm32f10x_gpio.o ABSOLUTE
    .\lib\STM32F10x_FWLib\src\stm32f10x_i2c.c 0x00000000   Number         0  stm32f10x_i2c.o ABSOLUTE
    .\lib\STM32F10x_FWLib\src\stm32f10x_iwdg.c 0x00000000   Number         0  stm32f10x_iwdg.o ABSOLUTE
    .\lib\STM32F10x_FWLib\src\stm32f10x_pwr.c 0x00000000   Number         0  stm32f10x_pwr.o ABSOLUTE
    .\lib\STM32F10x_FWLib\src\stm32f10x_rcc.c 0x00000000   Number         0  stm32f10x_rcc.o ABSOLUTE
    .\lib\STM32F10x_FWLib\src\stm32f10x_rtc.c 0x00000000   Number         0  stm32f10x_rtc.o ABSOLUTE
    .\lib\STM32F10x_FWLib\src\stm32f10x_sdio.c 0x00000000   Number         0  stm32f10x_sdio.o ABSOLUTE
    .\lib\STM32F10x_FWLib\src\stm32f10x_spi.c 0x00000000   Number         0  stm32f10x_spi.o ABSOLUTE
    .\lib\STM32F10x_FWLib\src\stm32f10x_tim.c 0x00000000   Number         0  stm32f10x_tim.o ABSOLUTE
    .\lib\STM32F10x_FWLib\src\stm32f10x_usart.c 0x00000000   Number         0  stm32f10x_usart.o ABSOLUTE
    .\lib\STM32F10x_FWLib\src\stm32f10x_wwdg.c 0x00000000   Number         0  stm32f10x_wwdg.o ABSOLUTE
    .\lib\STM32F10x_FWLib\system_stm32f10x.c 0x00000000   Number         0  system_stm32f10x.o ABSOLUTE
    .\lib\Servo\Servo.cpp                    0x00000000   Number         0  Servo.o ABSOLUTE
    .\lib\qiArdlib\HardwareSerial.cpp        0x00000000   Number         0  HardwareSerial.o ABSOLUTE
    .\lib\qiArdlib\IPAddress.cpp             0x00000000   Number         0  IPAddress.o ABSOLUTE
    .\lib\qiArdlib\Print.cpp                 0x00000000   Number         0  Print.o ABSOLUTE
    .\lib\qiArdlib\SPI.cpp                   0x00000000   Number         0  SPI.o ABSOLUTE
    .\lib\qiArdlib\Stream.cpp                0x00000000   Number         0  Stream.o ABSOLUTE
    .\lib\qiArdlib\Tone.cpp                  0x00000000   Number         0  Tone.o ABSOLUTE
    .\lib\qiArdlib\WMath.cpp                 0x00000000   Number         0  WMath.o ABSOLUTE
    .\lib\qiArdlib\WString.cpp               0x00000000   Number         0  WString.o ABSOLUTE
    .\lib\qiArdlib\Wire.cpp                  0x00000000   Number         0  Wire.o ABSOLUTE
    .\lib\qiArdlib\WireBase.cpp              0x00000000   Number         0  WireBase.o ABSOLUTE
    .\lib\qiArdlib\dtostrf.c                 0x00000000   Number         0  dtostrf.o ABSOLUTE
    .\lib\qiArdlib\itoa.c                    0x00000000   Number         0  itoa.o ABSOLUTE
    .\lib\qiArdlib\new.cpp                   0x00000000   Number         0  new.o ABSOLUTE
    .\lib\qiArdlib\qiArdlib.c                0x00000000   Number         0  qiArdlib.o ABSOLUTE
    .\src\main.cpp                           0x00000000   Number         0  main.o ABSOLUTE
    .\src\startup_stm32f10x_md.s             0x00000000   Number         0  startup_stm32f10x_md.o ABSOLUTE
    cdcmple.s                                0x00000000   Number         0  cdcmple.o ABSOLUTE
    cdrcmple.s                               0x00000000   Number         0  cdrcmple.o ABSOLUTE
    cfcmple.s                                0x00000000   Number         0  cfcmple.o ABSOLUTE
    cfrcmple.s                               0x00000000   Number         0  cfrcmple.o ABSOLUTE
    dc.s                                     0x00000000   Number         0  dc.o ABSOLUTE
    handlers.s                               0x00000000   Number         0  handlers.o ABSOLUTE
    init.s                                   0x00000000   Number         0  init.o ABSOLUTE
    RESET                                    0x08000000   Section      236  startup_stm32f10x_md.o(RESET)
    .ARM.Collect$$$$00000000                 0x080000ec   Section        0  entry.o(.ARM.Collect$$$$00000000)
    .ARM.Collect$$$$00000001                 0x080000ec   Section        4  entry2.o(.ARM.Collect$$$$00000001)
    .ARM.Collect$$$$00000004                 0x080000f0   Section        4  entry5.o(.ARM.Collect$$$$00000004)
    .ARM.Collect$$$$00000008                 0x080000f4   Section        0  entry7b.o(.ARM.Collect$$$$00000008)
    .ARM.Collect$$$$00000009                 0x080000f4   Section        4  entry8a.o(.ARM.Collect$$$$00000009)
    .ARM.Collect$$$$0000000A                 0x080000f8   Section        0  entry8b.o(.ARM.Collect$$$$0000000A)
    .ARM.Collect$$$$0000000B                 0x080000f8   Section        8  entry9a.o(.ARM.Collect$$$$0000000B)
    .ARM.Collect$$$$0000000D                 0x08000100   Section        0  entry10a.o(.ARM.Collect$$$$0000000D)
    .ARM.Collect$$$$0000000E                 0x08000100   Section        4  entry10b.o(.ARM.Collect$$$$0000000E)
    .ARM.Collect$$$$0000000F                 0x08000104   Section        0  entry11a.o(.ARM.Collect$$$$0000000F)
    .ARM.Collect$$$$00002712                 0x08000104   Section        4  entry2.o(.ARM.Collect$$$$00002712)
    __lit__00000000                          0x08000104   Data           4  entry2.o(.ARM.Collect$$$$00002712)
    .text                                    0x08000108   Section       36  startup_stm32f10x_md.o(.text)
    .text                                    0x0800012c   Section        0  memmovea.o(.text)
    .text                                    0x0800016c   Section        0  cpp_init.o(.text)
    .text                                    0x0800018c   Section        0  aeabi_atexit.o(.text)
    .text                                    0x080001bc   Section        0  cpp_dtor.o(.text)
    .text                                    0x080001c4   Section        0  cxa_finalize.o(.text)
    .text                                    0x08000208   Section       36  init.o(.text)
    .text                                    0x0800022c   Section        0  cpp_final.o(.text)
    i.Delay_Init                             0x08000230   Section        0  delay.o(i.Delay_Init)
    i.EXTI0_IRQHandler                       0x0800027c   Section        0  exti.o(i.EXTI0_IRQHandler)
    i.EXTI15_10_IRQHandler                   0x080002a4   Section        0  exti.o(i.EXTI15_10_IRQHandler)
    i.EXTI1_IRQHandler                       0x08000378   Section        0  exti.o(i.EXTI1_IRQHandler)
    i.EXTI2_IRQHandler                       0x080003a0   Section        0  exti.o(i.EXTI2_IRQHandler)
    i.EXTI3_IRQHandler                       0x080003c8   Section        0  exti.o(i.EXTI3_IRQHandler)
    i.EXTI4_IRQHandler                       0x080003f0   Section        0  exti.o(i.EXTI4_IRQHandler)
    i.EXTI9_5_IRQHandler                     0x08000418   Section        0  exti.o(i.EXTI9_5_IRQHandler)
    i.EXTI_ClearITPendingBit                 0x080004c0   Section        0  stm32f10x_exti.o(i.EXTI_ClearITPendingBit)
    i.EXTI_GetITStatus                       0x080004cc   Section        0  stm32f10x_exti.o(i.EXTI_GetITStatus)
    i.NVIC_PriorityGroupConfig               0x080004f4   Section        0  misc.o(i.NVIC_PriorityGroupConfig)
    i.RCC_APB2PeriphClockCmd                 0x08000508   Section        0  stm32f10x_rcc.o(i.RCC_APB2PeriphClockCmd)
    i.RCC_GetFlagStatus                      0x08000528   Section        0  stm32f10x_rcc.o(i.RCC_GetFlagStatus)
    i.RCC_GetSYSCLKSource                    0x08000564   Section        0  stm32f10x_rcc.o(i.RCC_GetSYSCLKSource)
    i.RCC_HCLKConfig                         0x08000574   Section        0  stm32f10x_rcc.o(i.RCC_HCLKConfig)
    i.RCC_HSEConfig                          0x0800058c   Section        0  stm32f10x_rcc.o(i.RCC_HSEConfig)
    i.RCC_PCLK1Config                        0x080005d8   Section        0  stm32f10x_rcc.o(i.RCC_PCLK1Config)
    i.RCC_PCLK2Config                        0x080005f0   Section        0  stm32f10x_rcc.o(i.RCC_PCLK2Config)
    i.RCC_PLLCmd                             0x08000608   Section        0  stm32f10x_rcc.o(i.RCC_PLLCmd)
    i.RCC_PLLConfig                          0x08000614   Section        0  stm32f10x_rcc.o(i.RCC_PLLConfig)
    i.RCC_SYSCLKConfig                       0x08000630   Section        0  stm32f10x_rcc.o(i.RCC_SYSCLKConfig)
    i.RCC_WaitForHSEStartUp                  0x08000648   Section        0  stm32f10x_rcc.o(i.RCC_WaitForHSEStartUp)
    i.SetSysClock                            0x08000680   Section        0  system_stm32f10x.o(i.SetSysClock)
    SetSysClock                              0x08000681   Thumb Code     8  system_stm32f10x.o(i.SetSysClock)
    i.SetSysClockTo72                        0x08000688   Section        0  system_stm32f10x.o(i.SetSysClockTo72)
    SetSysClockTo72                          0x08000689   Thumb Code   214  system_stm32f10x.o(i.SetSysClockTo72)
    i.SysClock_Init                          0x08000768   Section        0  delay.o(i.SysClock_Init)
    i.SysTick_Handler                        0x080007f0   Section        0  delay.o(i.SysTick_Handler)
    i.SystemCoreClockUpdate                  0x08000800   Section        0  system_stm32f10x.o(i.SystemCoreClockUpdate)
    i.SystemInit                             0x080008a4   Section        0  system_stm32f10x.o(i.SystemInit)
    i.TIM1_UP_IRQHandler                     0x08000904   Section        0  timer.o(i.TIM1_UP_IRQHandler)
    i.TIM2_IRQHandler                        0x08000934   Section        0  timer.o(i.TIM2_IRQHandler)
    i.TIM3_IRQHandler                        0x08000960   Section        0  timer.o(i.TIM3_IRQHandler)
    i.TIM4_IRQHandler                        0x08000990   Section        0  timer.o(i.TIM4_IRQHandler)
    i.TIM_ClearITPendingBit                  0x080009c0   Section        0  stm32f10x_tim.o(i.TIM_ClearITPendingBit)
    i.TIM_GetITStatus                        0x080009c6   Section        0  stm32f10x_tim.o(i.TIM_GetITStatus)
    i.USART1_IRQHandler                      0x080009e8   Section        0  HardwareSerial.o(i.USART1_IRQHandler)
    i.USART2_IRQHandler                      0x080009f8   Section        0  HardwareSerial.o(i.USART2_IRQHandler)
    i.USART3_IRQHandler                      0x08000a08   Section        0  HardwareSerial.o(i.USART3_IRQHandler)
    i.USART_ClearITPendingBit                0x08000a18   Section        0  stm32f10x_usart.o(i.USART_ClearITPendingBit)
    i.USART_GetITStatus                      0x08000a36   Section        0  stm32f10x_usart.o(i.USART_GetITStatus)
    i.USART_ReceiveData                      0x08000a8a   Section        0  stm32f10x_usart.o(i.USART_ReceiveData)
    i._Z4loopv                               0x08000a94   Section        0  main.o(i._Z4loopv)
    i._Z5setupv                              0x08000a96   Section        0  main.o(i._Z5setupv)
    i._ZN14HardwareSerial10IRQHandlerEv      0x08000a98   Section        0  HardwareSerial.o(i._ZN14HardwareSerial10IRQHandlerEv)
    i._ZN14HardwareSerialC1EP13USART_TypeDef 0x08000aec   Section        0  HardwareSerial.o(i._ZN14HardwareSerialC1EP13USART_TypeDef)
    i._ZN7TwoWireC1Ehhh                      0x08000b20   Section        0  Wire.o(i._ZN7TwoWireC1Ehhh)
    i._ZN7TwoWireD1Ev                        0x08000b44   Section        0  Wire.o(i._ZN7TwoWireD1Ev)
    i._ZN8SPIClassC1EP11SPI_TypeDef          0x08000b60   Section        0  SPI.o(i._ZN8SPIClassC1EP11SPI_TypeDef)
    i._ZN9IPAddressC1Ehhhh                   0x08000b64   Section        0  IPAddress.o(i._ZN9IPAddressC1Ehhhh)
    i._ZN9PrintableC2Ev                      0x08000b94   Section        0  IPAddress.o(i._ZN9PrintableC2Ev)
    i.__NVIC_SetPriority                     0x08000ba0   Section        0  delay.o(i.__NVIC_SetPriority)
    __NVIC_SetPriority                       0x08000ba1   Thumb Code    32  delay.o(i.__NVIC_SetPriority)
    i.__free$realloc                         0x08000bc8   Section        0  mallocr.o(i.__free$realloc)
    i.__malloc$realloc                       0x08000c24   Section        0  mallocr.o(i.__malloc$realloc)
    i.__scatterload_copy                     0x08000c74   Section       14  handlers.o(i.__scatterload_copy)
    i.__scatterload_null                     0x08000c82   Section        2  handlers.o(i.__scatterload_null)
    i.__scatterload_zeroinit                 0x08000c84   Section       14  handlers.o(i.__scatterload_zeroinit)
    i.__sti___13_IPAddress_cpp_0fe1e075      0x08000c94   Section        0  IPAddress.o(i.__sti___13_IPAddress_cpp_0fe1e075)
    __sti___13_IPAddress_cpp_0fe1e075        0x08000c95   Thumb Code    20  IPAddress.o(i.__sti___13_IPAddress_cpp_0fe1e075)
    i.__sti___18_HardwareSerial_cpp_cfa1b6a6 0x08000cac   Section        0  HardwareSerial.o(i.__sti___18_HardwareSerial_cpp_cfa1b6a6)
    __sti___18_HardwareSerial_cpp_cfa1b6a6   0x08000cad   Thumb Code    44  HardwareSerial.o(i.__sti___18_HardwareSerial_cpp_cfa1b6a6)
    i.__sti___7_SPI_cpp_ce5662b4             0x08000d00   Section        0  SPI.o(i.__sti___7_SPI_cpp_ce5662b4)
    __sti___7_SPI_cpp_ce5662b4               0x08000d01   Thumb Code    28  SPI.o(i.__sti___7_SPI_cpp_ce5662b4)
    i.__sti___8_Wire_cpp_928ee5ff            0x08000d34   Section        0  Wire.o(i.__sti___8_Wire_cpp_928ee5ff)
    __sti___8_Wire_cpp_928ee5ff              0x08000d35   Thumb Code    26  Wire.o(i.__sti___8_Wire_cpp_928ee5ff)
    i.internal_alloc                         0x08000d5c   Section        0  mallocr.o(i.internal_alloc)
    internal_alloc                           0x08000d5d   Thumb Code    76  mallocr.o(i.internal_alloc)
    i.main                                   0x08000dac   Section        0  main.o(i.main)
    .constdata__ZTV14HardwareSerial          0x08000dcc   Section       36  HardwareSerial.o(.constdata__ZTV14HardwareSerial)
    .constdata__ZTV5Print                    0x08000df0   Section       20  Print.o(.constdata__ZTV5Print)
    .constdata__ZTV6Stream                   0x08000e04   Section       36  HardwareSerial.o(.constdata__ZTV6Stream)
    .constdata__ZTV7TwoWire                  0x08000e28   Section       16  Wire.o(.constdata__ZTV7TwoWire)
    .constdata__ZTV8WireBase                 0x08000e38   Section       16  WireBase.o(.constdata__ZTV8WireBase)
    .constdata__ZTV9IPAddress                0x08000e48   Section       12  IPAddress.o(.constdata__ZTV9IPAddress)
    .constdata__ZTV9Printable                0x08000e54   Section       12  IPAddress.o(.constdata__ZTV9Printable)
    .init_array                              0x08000e80   Section        4  HardwareSerial.o(.init_array)
    .init_array                              0x08000e84   Section        4  IPAddress.o(.init_array)
    .init_array                              0x08000e88   Section        4  SPI.o(.init_array)
    .init_array                              0x08000e8c   Section        4  Wire.o(.init_array)
    .init_array                              0x08000e90   Section        0  cpp_init.o(.init_array)
    .data                                    0x20000000   Section      124  delay.o(.data)
    System_ms                                0x20000000   Data           4  delay.o(.data)
    SysClock                                 0x20000004   Data         120  delay.o(.data)
    .data                                    0x2000007c   Section       20  system_stm32f10x.o(.data)
    .data                                    0x20000090   Section        8  IPAddress.o(.data)
    INADDR_NONE                              0x20000090   Data           8  IPAddress.o(.data)
    .data                                    0x20000098   Section        4  mvars.o(.data)
    .data                                    0x2000009c   Section        4  mvars.o(.data)
    .data                                    0x200000a0   Section        4  cpp_dtor.o(.data)
    ddtor_pointer                            0x200000a0   Data           4  cpp_dtor.o(.data)
    .bss                                     0x200000a4   Section       64  exti.o(.bss)
    EXTI_Function                            0x200000a4   Data          64  exti.o(.bss)
    .bss                                     0x200000e4   Section       32  timer.o(.bss)
    TIMx_Function                            0x200000e4   Data          32  timer.o(.bss)
    .bss                                     0x20000104   Section      780  HardwareSerial.o(.bss)
    .bss                                     0x20000410   Section       84  SPI.o(.bss)
    .bss                                     0x20000464   Section       88  Wire.o(.bss)
    HEAP                                     0x200004c0   Section      512  startup_stm32f10x_md.o(HEAP)
    STACK                                    0x200006c0   Section     1024  startup_stm32f10x_md.o(STACK)

    Global Symbols

    Symbol Name                              Value     Ov Type        Size  Object(Section)

    BuildAttributes$$THM_ISAv4$P$D$K$B$S$PE$A:L22UL41UL21$X:L11$S22US41US21$IEEE1$IW$USESV6$~STKCKD$USESV7$~SHL$OTIME$ROPI$IEEEJ$EBA8$UX$MICROLIB$REQ8$PRES8$EABIv2 0x00000000   Number         0  anon$$obj.o ABSOLUTE
    __ARM_use_no_argv                        0x00000000   Number         0  main.o ABSOLUTE
    _printf_a                                0x00000000   Number         0  stubs.o ABSOLUTE
    _printf_c                                0x00000000   Number         0  stubs.o ABSOLUTE
    _printf_charcount                        0x00000000   Number         0  stubs.o ABSOLUTE
    _printf_d                                0x00000000   Number         0  stubs.o ABSOLUTE
    _printf_e                                0x00000000   Number         0  stubs.o ABSOLUTE
    _printf_f                                0x00000000   Number         0  stubs.o ABSOLUTE
    _printf_flags                            0x00000000   Number         0  stubs.o ABSOLUTE
    _printf_fp_dec                           0x00000000   Number         0  stubs.o ABSOLUTE
    _printf_fp_hex                           0x00000000   Number         0  stubs.o ABSOLUTE
    _printf_g                                0x00000000   Number         0  stubs.o ABSOLUTE
    _printf_i                                0x00000000   Number         0  stubs.o ABSOLUTE
    _printf_int_dec                          0x00000000   Number         0  stubs.o ABSOLUTE
    _printf_l                                0x00000000   Number         0  stubs.o ABSOLUTE
    _printf_lc                               0x00000000   Number         0  stubs.o ABSOLUTE
    _printf_ll                               0x00000000   Number         0  stubs.o ABSOLUTE
    _printf_lld                              0x00000000   Number         0  stubs.o ABSOLUTE
    _printf_lli                              0x00000000   Number         0  stubs.o ABSOLUTE
    _printf_llo                              0x00000000   Number         0  stubs.o ABSOLUTE
    _printf_llu                              0x00000000   Number         0  stubs.o ABSOLUTE
    _printf_llx                              0x00000000   Number         0  stubs.o ABSOLUTE
    _printf_longlong_dec                     0x00000000   Number         0  stubs.o ABSOLUTE
    _printf_longlong_hex                     0x00000000   Number         0  stubs.o ABSOLUTE
    _printf_longlong_oct                     0x00000000   Number         0  stubs.o ABSOLUTE
    _printf_ls                               0x00000000   Number         0  stubs.o ABSOLUTE
    _printf_mbtowc                           0x00000000   Number         0  stubs.o ABSOLUTE
    _printf_n                                0x00000000   Number         0  stubs.o ABSOLUTE
    _printf_o                                0x00000000   Number         0  stubs.o ABSOLUTE
    _printf_p                                0x00000000   Number         0  stubs.o ABSOLUTE
    _printf_percent                          0x00000000   Number         0  stubs.o ABSOLUTE
    _printf_pre_padding                      0x00000000   Number         0  stubs.o ABSOLUTE
    _printf_return_value                     0x00000000   Number         0  stubs.o ABSOLUTE
    _printf_s                                0x00000000   Number         0  stubs.o ABSOLUTE
    _printf_sizespec                         0x00000000   Number         0  stubs.o ABSOLUTE
    _printf_str                              0x00000000   Number         0  stubs.o ABSOLUTE
    _printf_truncate_signed                  0x00000000   Number         0  stubs.o ABSOLUTE
    _printf_truncate_unsigned                0x00000000   Number         0  stubs.o ABSOLUTE
    _printf_u                                0x00000000   Number         0  stubs.o ABSOLUTE
    _printf_wc                               0x00000000   Number         0  stubs.o ABSOLUTE
    _printf_wctomb                           0x00000000   Number         0  stubs.o ABSOLUTE
    _printf_widthprec                        0x00000000   Number         0  stubs.o ABSOLUTE
    _printf_x                                0x00000000   Number         0  stubs.o ABSOLUTE
    __ARM::default_unexpected_handler()       - Undefined Weak Reference
    __ARM_exceptions_buffer_required          - Undefined Weak Reference
    __decompress                              - Undefined Weak Reference
    _clock_init                               - Undefined Weak Reference
    _microlib_exit                            - Undefined Weak Reference
    __Vectors_Size                           0x000000ec   Number         0  startup_stm32f10x_md.o ABSOLUTE
    __Vectors                                0x08000000   Data           4  startup_stm32f10x_md.o(RESET)
    __dso_handle                             0x08000000   Number         0  startup_stm32f10x_md.o(RESET)
    __Vectors_End                            0x080000ec   Data           0  startup_stm32f10x_md.o(RESET)
    __main                                   0x080000ed   Thumb Code     0  entry.o(.ARM.Collect$$$$00000000)
    _main_stk                                0x080000ed   Thumb Code     0  entry2.o(.ARM.Collect$$$$00000001)
    _main_scatterload                        0x080000f1   Thumb Code     0  entry5.o(.ARM.Collect$$$$00000004)
    __main_after_scatterload                 0x080000f5   Thumb Code     0  entry5.o(.ARM.Collect$$$$00000004)
    _main_clock                              0x080000f5   Thumb Code     0  entry7b.o(.ARM.Collect$$$$00000008)
    _main_cpp_init$empty                     0x080000f5   Thumb Code     0  entry8a.o(.ARM.Collect$$$$00000009)
    _main_cpp_init                           0x080000f9   Thumb Code     0  entry8b.o(.ARM.Collect$$$$0000000A)
    _main_init                               0x080000f9   Thumb Code     0  entry9a.o(.ARM.Collect$$$$0000000B)
    __rt_final_cpp                           0x08000101   Thumb Code     0  entry10a.o(.ARM.Collect$$$$0000000D)
    __rt_final_cpp$nonempty                  0x08000101   Thumb Code     0  entry10b.o(.ARM.Collect$$$$0000000E)
    __rt_final_exit                          0x08000105   Thumb Code     0  entry11a.o(.ARM.Collect$$$$0000000F)
    Reset_Handler                            0x08000109   Thumb Code     8  startup_stm32f10x_md.o(.text)
    NMI_Handler                              0x08000111   Thumb Code     2  startup_stm32f10x_md.o(.text)
    HardFault_Handler                        0x08000113   Thumb Code     2  startup_stm32f10x_md.o(.text)
    MemManage_Handler                        0x08000115   Thumb Code     2  startup_stm32f10x_md.o(.text)
    BusFault_Handler                         0x08000117   Thumb Code     2  startup_stm32f10x_md.o(.text)
    UsageFault_Handler                       0x08000119   Thumb Code     2  startup_stm32f10x_md.o(.text)
    SVC_Handler                              0x0800011b   Thumb Code     2  startup_stm32f10x_md.o(.text)
    DebugMon_Handler                         0x0800011d   Thumb Code     2  startup_stm32f10x_md.o(.text)
    PendSV_Handler                           0x0800011f   Thumb Code     2  startup_stm32f10x_md.o(.text)
    ADC1_2_IRQHandler                        0x08000123   Thumb Code     0  startup_stm32f10x_md.o(.text)
    CAN1_RX1_IRQHandler                      0x08000123   Thumb Code     0  startup_stm32f10x_md.o(.text)
    CAN1_SCE_IRQHandler                      0x08000123   Thumb Code     0  startup_stm32f10x_md.o(.text)
    DMA1_Channel1_IRQHandler                 0x08000123   Thumb Code     0  startup_stm32f10x_md.o(.text)
    DMA1_Channel2_IRQHandler                 0x08000123   Thumb Code     0  startup_stm32f10x_md.o(.text)
    DMA1_Channel3_IRQHandler                 0x08000123   Thumb Code     0  startup_stm32f10x_md.o(.text)
    DMA1_Channel4_IRQHandler                 0x08000123   Thumb Code     0  startup_stm32f10x_md.o(.text)
    DMA1_Channel5_IRQHandler                 0x08000123   Thumb Code     0  startup_stm32f10x_md.o(.text)
    DMA1_Channel6_IRQHandler                 0x08000123   Thumb Code     0  startup_stm32f10x_md.o(.text)
    DMA1_Channel7_IRQHandler                 0x08000123   Thumb Code     0  startup_stm32f10x_md.o(.text)
    FLASH_IRQHandler                         0x08000123   Thumb Code     0  startup_stm32f10x_md.o(.text)
    I2C1_ER_IRQHandler                       0x08000123   Thumb Code     0  startup_stm32f10x_md.o(.text)
    I2C1_EV_IRQHandler                       0x08000123   Thumb Code     0  startup_stm32f10x_md.o(.text)
    I2C2_ER_IRQHandler                       0x08000123   Thumb Code     0  startup_stm32f10x_md.o(.text)
    I2C2_EV_IRQHandler                       0x08000123   Thumb Code     0  startup_stm32f10x_md.o(.text)
    PVD_IRQHandler                           0x08000123   Thumb Code     0  startup_stm32f10x_md.o(.text)
    RCC_IRQHandler                           0x08000123   Thumb Code     0  startup_stm32f10x_md.o(.text)
    RTCAlarm_IRQHandler                      0x08000123   Thumb Code     0  startup_stm32f10x_md.o(.text)
    RTC_IRQHandler                           0x08000123   Thumb Code     0  startup_stm32f10x_md.o(.text)
    SPI1_IRQHandler                          0x08000123   Thumb Code     0  startup_stm32f10x_md.o(.text)
    SPI2_IRQHandler                          0x08000123   Thumb Code     0  startup_stm32f10x_md.o(.text)
    TAMPER_IRQHandler                        0x08000123   Thumb Code     0  startup_stm32f10x_md.o(.text)
    TIM1_BRK_IRQHandler                      0x08000123   Thumb Code     0  startup_stm32f10x_md.o(.text)
    TIM1_CC_IRQHandler                       0x08000123   Thumb Code     0  startup_stm32f10x_md.o(.text)
    TIM1_TRG_COM_IRQHandler                  0x08000123   Thumb Code     0  startup_stm32f10x_md.o(.text)
    USBWakeUp_IRQHandler                     0x08000123   Thumb Code     0  startup_stm32f10x_md.o(.text)
    USB_HP_CAN1_TX_IRQHandler                0x08000123   Thumb Code     0  startup_stm32f10x_md.o(.text)
    USB_LP_CAN1_RX0_IRQHandler               0x08000123   Thumb Code     0  startup_stm32f10x_md.o(.text)
    WWDG_IRQHandler                          0x08000123   Thumb Code     0  startup_stm32f10x_md.o(.text)
    ___aeabi_memcpy4$move                    0x0800012d   Thumb Code     0  memmovea.o(.text)
    ___aeabi_memcpy8$move                    0x0800012d   Thumb Code     0  memmovea.o(.text)
    __aeabi_memcpy                           0x0800012d   Thumb Code    64  memmovea.o(.text)
    __aeabi_memmove                          0x0800012d   Thumb Code     0  memmovea.o(.text)
    __aeabi_memmove4                         0x0800012d   Thumb Code     0  memmovea.o(.text)
    __aeabi_memmove8                         0x0800012d   Thumb Code     0  memmovea.o(.text)
    __cpp_initialize__aeabi_                 0x0800016d   Thumb Code    22  cpp_init.o(.text)
    __aeabi_atexit                           0x0800018d   Thumb Code    46  aeabi_atexit.o(.text)
    __rt_ddtor_pointer_addr                  0x080001bd   Thumb Code     4  cpp_dtor.o(.text)
    __cxa_finalize                           0x080001c5   Thumb Code    66  cxa_finalize.o(.text)
    __scatterload                            0x08000209   Thumb Code    28  init.o(.text)
    __scatterload_rt2                        0x08000209   Thumb Code     0  init.o(.text)
    __rt_lib_shutdown_cpp_2                  0x0800022d   Thumb Code     2  cpp_final.o(.text)
    Delay_Init                               0x08000231   Thumb Code    70  delay.o(i.Delay_Init)
    EXTI0_IRQHandler                         0x0800027d   Thumb Code    34  exti.o(i.EXTI0_IRQHandler)
    EXTI15_10_IRQHandler                     0x080002a5   Thumb Code   208  exti.o(i.EXTI15_10_IRQHandler)
    EXTI1_IRQHandler                         0x08000379   Thumb Code    34  exti.o(i.EXTI1_IRQHandler)
    EXTI2_IRQHandler                         0x080003a1   Thumb Code    34  exti.o(i.EXTI2_IRQHandler)
    EXTI3_IRQHandler                         0x080003c9   Thumb Code    34  exti.o(i.EXTI3_IRQHandler)
    EXTI4_IRQHandler                         0x080003f1   Thumb Code    34  exti.o(i.EXTI4_IRQHandler)
    EXTI9_5_IRQHandler                       0x08000419   Thumb Code   162  exti.o(i.EXTI9_5_IRQHandler)
    EXTI_ClearITPendingBit                   0x080004c1   Thumb Code     6  stm32f10x_exti.o(i.EXTI_ClearITPendingBit)
    EXTI_GetITStatus                         0x080004cd   Thumb Code    34  stm32f10x_exti.o(i.EXTI_GetITStatus)
    NVIC_PriorityGroupConfig                 0x080004f5   Thumb Code    10  misc.o(i.NVIC_PriorityGroupConfig)
    RCC_APB2PeriphClockCmd                   0x08000509   Thumb Code    26  stm32f10x_rcc.o(i.RCC_APB2PeriphClockCmd)
    RCC_GetFlagStatus                        0x08000529   Thumb Code    56  stm32f10x_rcc.o(i.RCC_GetFlagStatus)
    RCC_GetSYSCLKSource                      0x08000565   Thumb Code    10  stm32f10x_rcc.o(i.RCC_GetSYSCLKSource)
    RCC_HCLKConfig                           0x08000575   Thumb Code    18  stm32f10x_rcc.o(i.RCC_HCLKConfig)
    RCC_HSEConfig                            0x0800058d   Thumb Code    70  stm32f10x_rcc.o(i.RCC_HSEConfig)
    RCC_PCLK1Config                          0x080005d9   Thumb Code    18  stm32f10x_rcc.o(i.RCC_PCLK1Config)
    RCC_PCLK2Config                          0x080005f1   Thumb Code    20  stm32f10x_rcc.o(i.RCC_PCLK2Config)
    RCC_PLLCmd                               0x08000609   Thumb Code     6  stm32f10x_rcc.o(i.RCC_PLLCmd)
    RCC_PLLConfig                            0x08000615   Thumb Code    24  stm32f10x_rcc.o(i.RCC_PLLConfig)
    RCC_SYSCLKConfig                         0x08000631   Thumb Code    18  stm32f10x_rcc.o(i.RCC_SYSCLKConfig)
    RCC_WaitForHSEStartUp                    0x08000649   Thumb Code    56  stm32f10x_rcc.o(i.RCC_WaitForHSEStartUp)
    SysClock_Init                            0x08000769   Thumb Code   126  delay.o(i.SysClock_Init)
    SysTick_Handler                          0x080007f1   Thumb Code    12  delay.o(i.SysTick_Handler)
    SystemCoreClockUpdate                    0x08000801   Thumb Code   142  system_stm32f10x.o(i.SystemCoreClockUpdate)
    SystemInit                               0x080008a5   Thumb Code    78  system_stm32f10x.o(i.SystemInit)
    TIM1_UP_IRQHandler                       0x08000905   Thumb Code    38  timer.o(i.TIM1_UP_IRQHandler)
    TIM2_IRQHandler                          0x08000935   Thumb Code    38  timer.o(i.TIM2_IRQHandler)
    TIM3_IRQHandler                          0x08000961   Thumb Code    38  timer.o(i.TIM3_IRQHandler)
    TIM4_IRQHandler                          0x08000991   Thumb Code    38  timer.o(i.TIM4_IRQHandler)
    TIM_ClearITPendingBit                    0x080009c1   Thumb Code     6  stm32f10x_tim.o(i.TIM_ClearITPendingBit)
    TIM_GetITStatus                          0x080009c7   Thumb Code    34  stm32f10x_tim.o(i.TIM_GetITStatus)
    USART1_IRQHandler                        0x080009e9   Thumb Code    10  HardwareSerial.o(i.USART1_IRQHandler)
    USART2_IRQHandler                        0x080009f9   Thumb Code    10  HardwareSerial.o(i.USART2_IRQHandler)
    USART3_IRQHandler                        0x08000a09   Thumb Code    10  HardwareSerial.o(i.USART3_IRQHandler)
    USART_ClearITPendingBit                  0x08000a19   Thumb Code    30  stm32f10x_usart.o(i.USART_ClearITPendingBit)
    USART_GetITStatus                        0x08000a37   Thumb Code    84  stm32f10x_usart.o(i.USART_GetITStatus)
    USART_ReceiveData                        0x08000a8b   Thumb Code    10  stm32f10x_usart.o(i.USART_ReceiveData)
    loop()                                   0x08000a95   Thumb Code     2  main.o(i._Z4loopv)
    setup()                                  0x08000a97   Thumb Code     2  main.o(i._Z5setupv)
    HardwareSerial::IRQHandler()             0x08000a99   Thumb Code    82  HardwareSerial.o(i._ZN14HardwareSerial10IRQHandlerEv)
    HardwareSerial::HardwareSerial(USART_TypeDef*) 0x08000aed   Thumb Code    40  HardwareSerial.o(i._ZN14HardwareSerialC1EP13USART_TypeDef)
    HardwareSerial::HardwareSerial__sub_object(USART_TypeDef*) 0x08000aed   Thumb Code     0  HardwareSerial.o(i._ZN14HardwareSerialC1EP13USART_TypeDef)
    TwoWire::TwoWire(unsigned char, unsigned char, unsigned char) 0x08000b21   Thumb Code    26  Wire.o(i._ZN7TwoWireC1Ehhh)
    TwoWire::TwoWire__sub_object(unsigned char, unsigned char, unsigned char) 0x08000b21   Thumb Code     0  Wire.o(i._ZN7TwoWireC1Ehhh)
    TwoWire::~TwoWire()                      0x08000b45   Thumb Code    22  Wire.o(i._ZN7TwoWireD1Ev)
    TwoWire::~TwoWire__sub_object()          0x08000b45   Thumb Code     0  Wire.o(i._ZN7TwoWireD1Ev)
    SPIClass::SPIClass(SPI_TypeDef*)         0x08000b61   Thumb Code     4  SPI.o(i._ZN8SPIClassC1EP11SPI_TypeDef)
    SPIClass::SPIClass__sub_object(SPI_TypeDef*) 0x08000b61   Thumb Code     0  SPI.o(i._ZN8SPIClassC1EP11SPI_TypeDef)
    IPAddress::IPAddress(unsigned char, unsigned char, unsigned char, unsigned char) 0x08000b65   Thumb Code    44  IPAddress.o(i._ZN9IPAddressC1Ehhhh)
    IPAddress::IPAddress__sub_object(unsigned char, unsigned char, unsigned char, unsigned char) 0x08000b65   Thumb Code     0  IPAddress.o(i._ZN9IPAddressC1Ehhhh)
    Printable::Printable__sub_object()       0x08000b95   Thumb Code     6  IPAddress.o(i._ZN9PrintableC2Ev)
    free                                     0x08000bc9   Thumb Code    88  mallocr.o(i.__free$realloc)
    malloc                                   0x08000c25   Thumb Code    64  mallocr.o(i.__malloc$realloc)
    __scatterload_copy                       0x08000c75   Thumb Code    14  handlers.o(i.__scatterload_copy)
    __scatterload_null                       0x08000c83   Thumb Code     2  handlers.o(i.__scatterload_null)
    __scatterload_zeroinit                   0x08000c85   Thumb Code    14  handlers.o(i.__scatterload_zeroinit)
    main                                     0x08000dad   Thumb Code    30  main.o(i.main)
    vtable for HardwareSerial                0x08000dcc   Data          36  HardwareSerial.o(.constdata__ZTV14HardwareSerial)
    vtable for Print                         0x08000df0   Data          20  Print.o(.constdata__ZTV5Print)
    vtable for Stream                        0x08000e04   Data          36  HardwareSerial.o(.constdata__ZTV6Stream)
    vtable for TwoWire                       0x08000e28   Data          16  Wire.o(.constdata__ZTV7TwoWire)
    vtable for WireBase                      0x08000e38   Data          16  WireBase.o(.constdata__ZTV8WireBase)
    vtable for IPAddress                     0x08000e48   Data          12  IPAddress.o(.constdata__ZTV9IPAddress)
    vtable for Printable                     0x08000e54   Data          12  IPAddress.o(.constdata__ZTV9Printable)
    Region$$Table$$Base                      0x08000e60   Number         0  anon$$obj.o(Region$$Table)
    Region$$Table$$Limit                     0x08000e80   Number         0  anon$$obj.o(Region$$Table)
    SHT$$INIT_ARRAY$$Base                    0x08000e80   Number         0  HardwareSerial.o(.init_array)
    SHT$$INIT_ARRAY$$Limit                   0x08000e90   Number         0  cpp_init.o(.init_array)
    SystemCoreClock                          0x2000007c   Data           4  system_stm32f10x.o(.data)
    AHBPrescTable                            0x20000080   Data          16  system_stm32f10x.o(.data)
    __microlib_freelist                      0x20000098   Data           4  mvars.o(.data)
    __microlib_freelist_initialised          0x2000009c   Data           4  mvars.o(.data)
    Serial                                   0x20000104   Data         156  HardwareSerial.o(.bss)
    Serial2                                  0x200001a0   Data         156  HardwareSerial.o(.bss)
    Serial3                                  0x2000023c   Data         156  HardwareSerial.o(.bss)
    Serial4                                  0x200002d8   Data         156  HardwareSerial.o(.bss)
    Serial5                                  0x20000374   Data         156  HardwareSerial.o(.bss)
    SPI                                      0x20000410   Data          28  SPI.o(.bss)
    SPI_2                                    0x2000042c   Data          28  SPI.o(.bss)
    SPI_3                                    0x20000448   Data          28  SPI.o(.bss)
    Wire                                     0x20000464   Data          88  Wire.o(.bss)
    __heap_base                              0x200004c0   Data           0  startup_stm32f10x_md.o(HEAP)
    __heap_limit                             0x200006c0   Data           0  startup_stm32f10x_md.o(HEAP)
    __initial_sp                             0x20000ac0   Data           0  startup_stm32f10x_md.o(STACK)



==============================================================================

Memory Map of the image

  Image Entry point : 0x080000ed

  Load Region LR_IROM1 (Base: 0x08000000, Size: 0x00000f34, Max: 0x00010000, ABSOLUTE)

    Execution Region ER_IROM1 (Base: 0x08000000, Size: 0x00000e90, Max: 0x00010000, ABSOLUTE)

    Base Addr    Size         Type   Attr      Idx    E Section Name        Object

    0x08000000   0x000000ec   Data   RO         4151    RESET               startup_stm32f10x_md.o
    0x080000ec   0x00000000   Code   RO         6467  * .ARM.Collect$$$$00000000  mc_w.l(entry.o)
    0x080000ec   0x00000004   Code   RO         6888    .ARM.Collect$$$$00000001  mc_w.l(entry2.o)
    0x080000f0   0x00000004   Code   RO         6891    .ARM.Collect$$$$00000004  mc_w.l(entry5.o)
    0x080000f4   0x00000000   Code   RO         6893    .ARM.Collect$$$$00000008  mc_w.l(entry7b.o)
    0x080000f4   0x00000004   Code   RO         6894    .ARM.Collect$$$$00000009  mc_w.l(entry8a.o)
    0x080000f8   0x00000000   Code   RO         6895    .ARM.Collect$$$$0000000A  mc_w.l(entry8b.o)
    0x080000f8   0x00000008   Code   RO         6896    .ARM.Collect$$$$0000000B  mc_w.l(entry9a.o)
    0x08000100   0x00000000   Code   RO         6898    .ARM.Collect$$$$0000000D  mc_w.l(entry10a.o)
    0x08000100   0x00000004   Code   RO         6899    .ARM.Collect$$$$0000000E  mc_w.l(entry10b.o)
    0x08000104   0x00000000   Code   RO         6900    .ARM.Collect$$$$0000000F  mc_w.l(entry11a.o)
    0x08000104   0x00000004   Code   RO         6889    .ARM.Collect$$$$00002712  mc_w.l(entry2.o)
    0x08000108   0x00000024   Code   RO         4152    .text               startup_stm32f10x_md.o
    0x0800012c   0x00000040   Code   RO         6509    .text               mc_w.l(memmovea.o)
    0x0800016c   0x00000020   Code   RO         6827    .text               mc_w.l(cpp_init.o)
    0x0800018c   0x0000002e   Code   RO         6829    .text               mc_w.l(aeabi_atexit.o)
    0x080001ba   0x00000002   PAD
    0x080001bc   0x00000008   Code   RO         6927    .text               mc_w.l(cpp_dtor.o)
    0x080001c4   0x00000042   Code   RO         6932    .text               mc_w.l(cxa_finalize.o)
    0x08000206   0x00000002   PAD
    0x08000208   0x00000024   Code   RO         6953    .text               mc_w.l(init.o)
    0x0800022c   0x00000002   Code   RO         6965    .text               mc_w.l(cpp_final.o)
    0x0800022e   0x00000002   PAD
    0x08000230   0x0000004c   Code   RO          164    i.Delay_Init        delay.o
    0x0800027c   0x00000028   Code   RO          238    i.EXTI0_IRQHandler  exti.o
    0x080002a4   0x000000d4   Code   RO          239    i.EXTI15_10_IRQHandler  exti.o
    0x08000378   0x00000028   Code   RO          240    i.EXTI1_IRQHandler  exti.o
    0x080003a0   0x00000028   Code   RO          241    i.EXTI2_IRQHandler  exti.o
    0x080003c8   0x00000028   Code   RO          242    i.EXTI3_IRQHandler  exti.o
    0x080003f0   0x00000028   Code   RO          243    i.EXTI4_IRQHandler  exti.o
    0x08000418   0x000000a8   Code   RO          244    i.EXTI9_5_IRQHandler  exti.o
    0x080004c0   0x0000000c   Code   RO         1594    i.EXTI_ClearITPendingBit  stm32f10x_exti.o
    0x080004cc   0x00000028   Code   RO         1598    i.EXTI_GetITStatus  stm32f10x_exti.o
    0x080004f4   0x00000014   Code   RO          602    i.NVIC_PriorityGroupConfig  misc.o
    0x08000508   0x00000020   Code   RO         2464    i.RCC_APB2PeriphClockCmd  stm32f10x_rcc.o
    0x08000528   0x0000003c   Code   RO         2473    i.RCC_GetFlagStatus  stm32f10x_rcc.o
    0x08000564   0x00000010   Code   RO         2475    i.RCC_GetSYSCLKSource  stm32f10x_rcc.o
    0x08000574   0x00000018   Code   RO         2476    i.RCC_HCLKConfig    stm32f10x_rcc.o
    0x0800058c   0x0000004c   Code   RO         2477    i.RCC_HSEConfig     stm32f10x_rcc.o
    0x080005d8   0x00000018   Code   RO         2483    i.RCC_PCLK1Config   stm32f10x_rcc.o
    0x080005f0   0x00000018   Code   RO         2484    i.RCC_PCLK2Config   stm32f10x_rcc.o
    0x08000608   0x0000000c   Code   RO         2485    i.RCC_PLLCmd        stm32f10x_rcc.o
    0x08000614   0x0000001c   Code   RO         2486    i.RCC_PLLConfig     stm32f10x_rcc.o
    0x08000630   0x00000018   Code   RO         2489    i.RCC_SYSCLKConfig  stm32f10x_rcc.o
    0x08000648   0x00000038   Code   RO         2491    i.RCC_WaitForHSEStartUp  stm32f10x_rcc.o
    0x08000680   0x00000008   Code   RO         3961    i.SetSysClock       system_stm32f10x.o
    0x08000688   0x000000e0   Code   RO         3962    i.SetSysClockTo72   system_stm32f10x.o
    0x08000768   0x00000088   Code   RO          165    i.SysClock_Init     delay.o
    0x080007f0   0x00000010   Code   RO          166    i.SysTick_Handler   delay.o
    0x08000800   0x000000a4   Code   RO         3963    i.SystemCoreClockUpdate  system_stm32f10x.o
    0x080008a4   0x00000060   Code   RO         3964    i.SystemInit        system_stm32f10x.o
    0x08000904   0x00000030   Code   RO          483    i.TIM1_UP_IRQHandler  timer.o
    0x08000934   0x0000002c   Code   RO          484    i.TIM2_IRQHandler   timer.o
    0x08000960   0x00000030   Code   RO          485    i.TIM3_IRQHandler   timer.o
    0x08000990   0x00000030   Code   RO          486    i.TIM4_IRQHandler   timer.o
    0x080009c0   0x00000006   Code   RO         3148    i.TIM_ClearITPendingBit  stm32f10x_tim.o
    0x080009c6   0x00000022   Code   RO         3174    i.TIM_GetITStatus   stm32f10x_tim.o
    0x080009e8   0x00000010   Code   RO         4478    i.USART1_IRQHandler  HardwareSerial.o
    0x080009f8   0x00000010   Code   RO         4479    i.USART2_IRQHandler  HardwareSerial.o
    0x08000a08   0x00000010   Code   RO         4480    i.USART3_IRQHandler  HardwareSerial.o
    0x08000a18   0x0000001e   Code   RO         3701    i.USART_ClearITPendingBit  stm32f10x_usart.o
    0x08000a36   0x00000054   Code   RO         3708    i.USART_GetITStatus  stm32f10x_usart.o
    0x08000a8a   0x0000000a   Code   RO         3718    i.USART_ReceiveData  stm32f10x_usart.o
    0x08000a94   0x00000002   Code   RO         6318    i._Z4loopv          main.o
    0x08000a96   0x00000002   Code   RO         6319    i._Z5setupv         main.o
    0x08000a98   0x00000052   Code   RO         4483    i._ZN14HardwareSerial10IRQHandlerEv  HardwareSerial.o
    0x08000aea   0x00000002   PAD
    0x08000aec   0x00000034   Code   RO         4494    i._ZN14HardwareSerialC1EP13USART_TypeDef  HardwareSerial.o
    0x08000b20   0x00000024   Code   RO         6060    i._ZN7TwoWireC1Ehhh  Wire.o
    0x08000b44   0x0000001c   Code   RO         6061    i._ZN7TwoWireD1Ev   Wire.o
    0x08000b60   0x00000004   Code   RO         5000    i._ZN8SPIClassC1EP11SPI_TypeDef  SPI.o
    0x08000b64   0x00000030   Code   RO         4642    i._ZN9IPAddressC1Ehhhh  IPAddress.o
    0x08000b94   0x0000000c   Code   RO         4714    i._ZN9PrintableC2Ev  IPAddress.o
    0x08000ba0   0x00000028   Code   RO          167    i.__NVIC_SetPriority  delay.o
    0x08000bc8   0x0000005c   Code   RO         6798    i.__free$realloc    mc_w.l(mallocr.o)
    0x08000c24   0x00000050   Code   RO         6799    i.__malloc$realloc  mc_w.l(mallocr.o)
    0x08000c74   0x0000000e   Code   RO         6981    i.__scatterload_copy  mc_w.l(handlers.o)
    0x08000c82   0x00000002   Code   RO         6982    i.__scatterload_null  mc_w.l(handlers.o)
    0x08000c84   0x0000000e   Code   RO         6983    i.__scatterload_zeroinit  mc_w.l(handlers.o)
    0x08000c92   0x00000002   PAD
    0x08000c94   0x00000018   Code   RO         4649    i.__sti___13_IPAddress_cpp_0fe1e075  IPAddress.o
    0x08000cac   0x00000054   Code   RO         4495    i.__sti___18_HardwareSerial_cpp_cfa1b6a6  HardwareSerial.o
    0x08000d00   0x00000034   Code   RO         5003    i.__sti___7_SPI_cpp_ce5662b4  SPI.o
    0x08000d34   0x00000028   Code   RO         6062    i.__sti___8_Wire_cpp_928ee5ff  Wire.o
    0x08000d5c   0x00000050   Code   RO         6800    i.internal_alloc    mc_w.l(mallocr.o)
    0x08000dac   0x0000001e   Code   RO         6320    i.main              main.o
    0x08000dca   0x00000002   PAD
    0x08000dcc   0x00000024   Data   RO         4605    .constdata__ZTV14HardwareSerial  HardwareSerial.o
    0x08000df0   0x00000014   Data   RO         4933    .constdata__ZTV5Print  Print.o
    0x08000e04   0x00000024   Data   RO         4607    .constdata__ZTV6Stream  HardwareSerial.o
    0x08000e28   0x00000010   Data   RO         6147    .constdata__ZTV7TwoWire  Wire.o
    0x08000e38   0x00000010   Data   RO         6266    .constdata__ZTV8WireBase  WireBase.o
    0x08000e48   0x0000000c   Data   RO         4713    .constdata__ZTV9IPAddress  IPAddress.o
    0x08000e54   0x0000000c   Data   RO         4718    .constdata__ZTV9Printable  IPAddress.o
    0x08000e60   0x00000020   Data   RO         6979    Region$$Table       anon$$obj.o
    0x08000e80   0x00000004   Data   RO         4515    .init_array         HardwareSerial.o
    0x08000e84   0x00000004   Data   RO         4661    .init_array         IPAddress.o
    0x08000e88   0x00000004   Data   RO         5032    .init_array         SPI.o
    0x08000e8c   0x00000004   Data   RO         6078    .init_array         Wire.o
    0x08000e90   0x00000000   Data   RO         6825    .init_array         mc_w.l(cpp_init.o)


    Execution Region RW_IRAM1 (Base: 0x20000000, Size: 0x00000ac0, Max: 0x00002800, ABSOLUTE)

    Base Addr    Size         Type   Attr      Idx    E Section Name        Object

    0x20000000   0x0000007c   Data   RW          172    .data               delay.o
    0x2000007c   0x00000014   Data   RW         3965    .data               system_stm32f10x.o
    0x20000090   0x00000008   Data   RW         4660    .data               IPAddress.o
    0x20000098   0x00000004   Data   RW         6913    .data               mc_w.l(mvars.o)
    0x2000009c   0x00000004   Data   RW         6914    .data               mc_w.l(mvars.o)
    0x200000a0   0x00000004   Data   RW         6928    .data               mc_w.l(cpp_dtor.o)
    0x200000a4   0x00000040   Zero   RW          249    .bss                exti.o
    0x200000e4   0x00000020   Zero   RW          499    .bss                timer.o
    0x20000104   0x0000030c   Zero   RW         4514    .bss                HardwareSerial.o
    0x20000410   0x00000054   Zero   RW         5031    .bss                SPI.o
    0x20000464   0x00000058   Zero   RW         6077    .bss                Wire.o
    0x200004bc   0x00000004   PAD
    0x200004c0   0x00000200   Zero   RW         4150    HEAP                startup_stm32f10x_md.o
    0x200006c0   0x00000400   Zero   RW         4149    STACK               startup_stm32f10x_md.o


==============================================================================

Image component sizes


      Code (inc. data)   RO Data    RW Data    ZI Data      Debug   Object Name

       266         70         76          0        780      10869   HardwareSerial.o
        84         14         28          8          0       2320   IPAddress.o
         0          0         20          0          0          0   Print.o
        56         24          4          0         84       4558   SPI.o
       104         30         20          0         88       3811   Wire.o
         0          0         16          0          0          0   WireBase.o
         0          0          0          0          0     208372   adc.o
       268         28          0        124          0      27518   delay.o
         0          0          0          0          0     225229   dht11.o
       580         40          0          0         64       4143   exti.o
        34          0          0          0          0       1110   main.o
        20         10          0          0          0        487   misc.o
         0          0          0          0          0        720   pwm.o
        36          8        236          0       1536        756   startup_stm32f10x_md.o
        52         12          0          0          0       1076   stm32f10x_exti.o
       376         54          0          0          0      16904   stm32f10x_rcc.o
        40          0          0          0          0      22030   stm32f10x_tim.o
       124          0          0          0          0       9322   stm32f10x_usart.o
       492         50          0         20          0       2729   system_stm32f10x.o
       188         36          0          0         32       2619   timer.o

    ----------------------------------------------------------------------
      2724        376        432        152       2588     544573   Object Totals
         0          0         32          0          0          0   (incl. Generated)
         4          0          0          0          4          0   (incl. Padding)

    ----------------------------------------------------------------------

      Code (inc. data)   RO Data    RW Data    ZI Data      Debug   Library Member Name

        46          0          0          0          0         84   aeabi_atexit.o
         8          4          0          4          0         68   cpp_dtor.o
         2          0          0          0          0         68   cpp_final.o
        32         10          0          0          0         80   cpp_init.o
        66          0          0          0          0         84   cxa_finalize.o
         0          0          0          0          0          0   entry.o
         0          0          0          0          0          0   entry10a.o
         4          0          0          0          0          0   entry10b.o
         0          0          0          0          0          0   entry11a.o
         8          4          0          0          0          0   entry2.o
         4          0          0          0          0          0   entry5.o
         0          0          0          0          0          0   entry7b.o
         4          0          0          0          0          0   entry8a.o
         0          0          0          0          0          0   entry8b.o
         8          4          0          0          0          0   entry9a.o
        30          0          0          0          0          0   handlers.o
        36          8          0          0          0         68   init.o
       252         24          0          0          0        252   mallocr.o
        64          0          0          0          0         76   memmovea.o
         0          0          0          8          0          0   mvars.o

    ----------------------------------------------------------------------
       572         54          0         12          0        780   Library Totals
         8          0          0          0          0          0   (incl. Padding)

    ----------------------------------------------------------------------

      Code (inc. data)   RO Data    RW Data    ZI Data      Debug   Library Name

       564         54          0         12          0        780   mc_w.l

    ----------------------------------------------------------------------
       572         54          0         12          0        780   Library Totals

    ----------------------------------------------------------------------

==============================================================================


      Code (inc. data)   RO Data    RW Data    ZI Data      Debug   

      3296        430        432        164       2588     542593   Grand Totals
      3296        430        432        164       2588     542593   ELF Image Totals
      3296        430        432        164          0          0   ROM Totals

==============================================================================

    Total RO  Size (Code + RO Data)                 3728 (   3.64kB)
    Total RW  Size (RW Data + ZI Data)              2752 (   2.69kB)
    Total ROM Size (Code + RO Data + RW Data)       3892 (   3.80kB)

==============================================================================

