Component: ARM Compiler 5.06 update 6 (build 750) Tool: armlink [4d35ed]

==============================================================================

Section Cross References

    adc.o(i.ADC_DMA_GetValue) refers to adc.o(i.ADC_DMA_SearchChannel) for ADC_DMA_SearchChannel
    adc.o(i.ADC_DMA_GetValue) refers to adc.o(.bss) for ADC_DMA_ConvertedValue
    adc.o(i.ADC_DMA_Init) refers to stm32f10x_rcc.o(i.RCC_AHBPeriphClockCmd) for RCC_AHBPeriphClockCmd
    adc.o(i.ADC_DMA_Init) refers to stm32f10x_rcc.o(i.RCC_APB2PeriphClockCmd) for RCC_APB2PeriphClockCmd
    adc.o(i.ADC_DMA_Init) refers to stm32f10x_adc.o(i.ADC_Init) for ADC_Init
    adc.o(i.ADC_DMA_Init) refers to stm32f10x_rcc.o(i.RCC_ADCCLKConfig) for RCC_ADCCLKConfig
    adc.o(i.ADC_DMA_Init) refers to stm32f10x_adc.o(i.ADC_RegularChannelConfig) for ADC_RegularChannelConfig
    adc.o(i.ADC_DMA_Init) refers to stm32f10x_adc.o(i.ADC_TempSensorVrefintCmd) for ADC_TempSensorVrefintCmd
    adc.o(i.ADC_DMA_Init) refers to stm32f10x_adc.o(i.ADC_DMACmd) for ADC_DMACmd
    adc.o(i.ADC_DMA_Init) refers to stm32f10x_adc.o(i.ADC_Cmd) for ADC_Cmd
    adc.o(i.ADC_DMA_Init) refers to stm32f10x_adc.o(i.ADC_ResetCalibration) for ADC_ResetCalibration
    adc.o(i.ADC_DMA_Init) refers to stm32f10x_adc.o(i.ADC_GetResetCalibrationStatus) for ADC_GetResetCalibrationStatus
    adc.o(i.ADC_DMA_Init) refers to stm32f10x_adc.o(i.ADC_StartCalibration) for ADC_StartCalibration
    adc.o(i.ADC_DMA_Init) refers to stm32f10x_adc.o(i.ADC_GetCalibrationStatus) for ADC_GetCalibrationStatus
    adc.o(i.ADC_DMA_Init) refers to stm32f10x_adc.o(i.ADC_SoftwareStartConvCmd) for ADC_SoftwareStartConvCmd
    adc.o(i.ADC_DMA_Init) refers to adc.o(.bss) for ADC_DMA_ConvertedValue
    adc.o(i.ADC_DMA_Init) refers to adc.o(.data) for ADC_DMA_RegCnt
    adc.o(i.ADC_DMA_Register) refers to adc.o(i.ADC_DMA_SearchChannel) for ADC_DMA_SearchChannel
    adc.o(i.ADC_DMA_Register) refers to adc.o(.data) for IsInit
    adc.o(i.ADC_DMA_Register) refers to adc.o(.bss) for ADC_DMA_RegChannelList
    adc.o(i.ADC_DMA_SearchChannel) refers to adc.o(.bss) for ADC_DMA_RegChannelList
    adc.o(i.ADC_DMA_SearchChannel) refers to adc.o(.data) for ADC_DMA_RegCnt
    adc.o(i.ADCx_GetValue) refers to stm32f10x_adc.o(i.ADC_RegularChannelConfig) for ADC_RegularChannelConfig
    adc.o(i.ADCx_GetValue) refers to stm32f10x_adc.o(i.ADC_SoftwareStartConvCmd) for ADC_SoftwareStartConvCmd
    adc.o(i.ADCx_GetValue) refers to stm32f10x_adc.o(i.ADC_GetFlagStatus) for ADC_GetFlagStatus
    adc.o(i.ADCx_GetValue) refers to stm32f10x_adc.o(i.ADC_GetConversionValue) for ADC_GetConversionValue
    adc.o(i.ADCx_Init) refers to stm32f10x_rcc.o(i.RCC_APB2PeriphClockCmd) for RCC_APB2PeriphClockCmd
    adc.o(i.ADCx_Init) refers to stm32f10x_rcc.o(i.RCC_ADCCLKConfig) for RCC_ADCCLKConfig
    adc.o(i.ADCx_Init) refers to stm32f10x_adc.o(i.ADC_DeInit) for ADC_DeInit
    adc.o(i.ADCx_Init) refers to stm32f10x_adc.o(i.ADC_Init) for ADC_Init
    adc.o(i.ADCx_Init) refers to stm32f10x_adc.o(i.ADC_Cmd) for ADC_Cmd
    adc.o(i.ADCx_Init) refers to stm32f10x_adc.o(i.ADC_ResetCalibration) for ADC_ResetCalibration
    adc.o(i.ADCx_Init) refers to stm32f10x_adc.o(i.ADC_GetResetCalibrationStatus) for ADC_GetResetCalibrationStatus
    adc.o(i.ADCx_Init) refers to stm32f10x_adc.o(i.ADC_StartCalibration) for ADC_StartCalibration
    adc.o(i.ADCx_Init) refers to stm32f10x_adc.o(i.ADC_GetCalibrationStatus) for ADC_GetCalibrationStatus
    delay.o(i.Delay_Init) refers to system_stm32f10x.o(i.SystemCoreClockUpdate) for SystemCoreClockUpdate
    delay.o(i.Delay_Init) refers to delay.o(i.__NVIC_SetPriority) for __NVIC_SetPriority
    delay.o(i.Delay_Init) refers to system_stm32f10x.o(.data) for SystemCoreClock
    delay.o(i.SysClock_Init) refers to stm32f10x_rcc.o(i.RCC_SYSCLKConfig) for RCC_SYSCLKConfig
    delay.o(i.SysClock_Init) refers to stm32f10x_rcc.o(i.RCC_GetSYSCLKSource) for RCC_GetSYSCLKSource
    delay.o(i.SysClock_Init) refers to stm32f10x_rcc.o(i.RCC_HCLKConfig) for RCC_HCLKConfig
    delay.o(i.SysClock_Init) refers to stm32f10x_rcc.o(i.RCC_PCLK1Config) for RCC_PCLK1Config
    delay.o(i.SysClock_Init) refers to stm32f10x_rcc.o(i.RCC_PCLK2Config) for RCC_PCLK2Config
    delay.o(i.SysClock_Init) refers to stm32f10x_rcc.o(i.RCC_PLLCmd) for RCC_PLLCmd
    delay.o(i.SysClock_Init) refers to stm32f10x_rcc.o(i.RCC_HSEConfig) for RCC_HSEConfig
    delay.o(i.SysClock_Init) refers to stm32f10x_rcc.o(i.RCC_WaitForHSEStartUp) for RCC_WaitForHSEStartUp
    delay.o(i.SysClock_Init) refers to stm32f10x_rcc.o(i.RCC_PLLConfig) for RCC_PLLConfig
    delay.o(i.SysClock_Init) refers to stm32f10x_rcc.o(i.RCC_GetFlagStatus) for RCC_GetFlagStatus
    delay.o(i.SysClock_Init) refers to stm32f10x_rcc.o(i.RCC_APB2PeriphClockCmd) for RCC_APB2PeriphClockCmd
    delay.o(i.SysClock_Init) refers to delay.o(.data) for SysClock
    delay.o(i.SysClock_Init) refers to system_stm32f10x.o(.data) for SystemCoreClock
    delay.o(i.SysTick_Handler) refers to delay.o(.data) for System_ms
[...]
    ../fplib/microlib/fpflt.c                0x00000000   Number         0  fflti.o ABSOLUTE
    ../fplib/microlib/fpflt.c                0x00000000   Number         0  ffltui.o ABSOLUTE
    ../fplib/microlib/fpflt.c                0x00000000   Number         0  dflti.o ABSOLUTE
    ../fplib/microlib/fpflt.c                0x00000000   Number         0  dfltui.o ABSOLUTE
    ../fplib/microlib/fpflt.c                0x00000000   Number         0  dfltl.o ABSOLUTE
    ../fplib/microlib/fpflt.c                0x00000000   Number         0  dfltul.o ABSOLUTE
    ../fplib/microlib/fpmul.c                0x00000000   Number         0  dmul.o ABSOLUTE
    ../fplib/microlib/fpmul.c                0x00000000   Number         0  fmul.o ABSOLUTE
    ../fplib/microlib/fpscalb.c              0x00000000   Number         0  dscalb.o ABSOLUTE
    ../fplib/microlib/fpsqrt.c               0x00000000   Number         0  dsqrt.o ABSOLUTE
    ../mathlib/atof.c                        0x00000000   Number         0  atof.o ABSOLUTE
    ../mathlib/dunder.c                      0x00000000   Number         0  dunder.o ABSOLUTE
    ../mathlib/fpclassify.c                  0x00000000   Number         0  fpclassify.o ABSOLUTE
    ../mathlib/log.c                         0x00000000   Number         0  log.o ABSOLUTE
    ../mathlib/log.c                         0x00000000   Number         0  log_x.o ABSOLUTE
    ../mathlib/log10.c                       0x00000000   Number         0  log10_x.o ABSOLUTE
    ../mathlib/log10.c                       0x00000000   Number         0  log10.o ABSOLUTE
    ../mathlib/poly.c                        0x00000000   Number         0  poly.o ABSOLUTE
    ../mathlib/pow.c                         0x00000000   Number         0  pow_x.o ABSOLUTE
    ../mathlib/pow.c                         0x00000000   Number         0  pow.o ABSOLUTE
    ../mathlib/qnan.c                        0x00000000   Number         0  qnan.o ABSOLUTE
    ../mathlib/sqrt.c                        0x00000000   Number         0  sqrt_x.o ABSOLUTE
    ../mathlib/sqrt.c                        0x00000000   Number         0  sqrt.o ABSOLUTE
    .\\lib\\Core\\adc.c                      0x00000000   Number         0  adc.o ABSOLUTE
    .\\lib\\Core\\delay.c                    0x00000000   Number         0  delay.o ABSOLUTE
    .\\lib\\Core\\exti.c                     0x00000000   Number         0  exti.o ABSOLUTE
    .\\lib\\Core\\gpio.c                     0x00000000   Number         0  gpio.o ABSOLUTE
    .\\lib\\Core\\pwm.c                      0x00000000   Number         0  pwm.o ABSOLUTE
    .\\lib\\Core\\timer.c                    0x00000000   Number         0  timer.o ABSOLUTE
    .\\lib\\Dht11\\dht11.cpp                 0x00000000   Number         0  dht11.o ABSOLUTE
    .\\lib\\STM32F10x_FWLib\\src\\misc.c     0x00000000   Number         0  misc.o ABSOLUTE
    .\\lib\\STM32F10x_FWLib\\src\\stm32f10x_adc.c 0x00000000   Number         0  stm32f10x_adc.o ABSOLUTE
    .\\lib\\STM32F10x_FWLib\\src\\stm32f10x_bkp.c 0x00000000   Number         0  stm32f10x_bkp.o ABSOLUTE
    .\\lib\\STM32F10x_FWLib\\src\\stm32f10x_can.c 0x00000000   Number         0  stm32f10x_can.o ABSOLUTE
    .\\lib\\STM32F10x_FWLib\\src\\stm32f10x_cec.c 0x00000000   Number         0  stm32f10x_cec.o ABSOLUTE
    .\\lib\\STM32F10x_FWLib\\src\\stm32f10x_crc.c 0x00000000   Number         0  stm32f10x_crc.o ABSOLUTE
    .\\lib\\STM32F10x_FWLib\\src\\stm32f10x_dac.c 0x00000000   Number         0  stm32f10x_dac.o ABSOLUTE
    .\\lib\\STM32F10x_FWLib\\src\\stm32f10x_dbgmcu.c 0x00000000   Number         0  stm32f10x_dbgmcu.o ABSOLUTE
    .\\lib\\STM32F10x_FWLib\\src\\stm32f10x_dma.c 0x00000000   Number         0  stm32f10x_dma.o ABSOLUTE
    .\\lib\\STM32F10x_FWLib\\src\\stm32f10x_exti.c 0x00000000   Number         0  stm32f10x_exti.o ABSOLUTE
    .\\lib\\STM32F10x_FWLib\\src\\stm32f10x_flash.c 0x00000000   Number         0  stm32f10x_flash.o ABSOLUTE
    .\\lib\\STM32F10x_FWLib\\src\\stm32f10x_fsmc.c 0x00000000   Number         0  stm32f10x_fsmc.o ABSOLUTE
    .\\lib\\STM32F10x_FWLib\\src\\stm32f10x_gpio.c 0x00000000   Number         0  stm32f10x_gpio.o ABSOLUTE
    .\\lib\\STM32F10x_FWLib\\src\\stm32f10x_i2c.c 0x00000000   Number         0  stm32f10x_i2c.o ABSOLUTE
    .\\lib\\STM32F10x_FWLib\\src\\stm32f10x_iwdg.c 0x00000000   Number         0  stm32f10x_iwdg.o ABSOLUTE
    .\\lib\\STM32F10x_FWLib\\src\\stm32f10x_pwr.c 0x00000000   Number         0  stm32f10x_pwr.o ABSOLUTE
    .\\lib\\STM32F10x_FWLib\\src\\stm32f10x_rcc.c 0x00000000   Number         0  stm32f10x_rcc.o ABSOLUTE
    .\\lib\\STM32F10x_FWLib\\src\\stm32f10x_rtc.c 0x00000000   Number         0  stm32f10x_rtc.o ABSOLUTE
    .\\lib\\STM32F10x_FWLib\\src\\stm32f10x_sdio.c 0x00000000   Number         0  stm32f10x_sdio.o ABSOLUTE
    .\\lib\\STM32F10x_FWLib\\src\\stm32f10x_spi.c 0x00000000   Number         0  stm32f10x_spi.o ABSOLUTE
    .\\lib\\STM32F10x_FWLib\\src\\stm32f10x_tim.c 0x00000000   Number         0  stm32f10x_tim.o ABSOLUTE
    .\\lib\\STM32F10x_FWLib\\src\\stm32f10x_usart.c 0x00000000   Number         0  stm32f10x_usart.o ABSOLUTE
    .\\lib\\STM32F10x_FWLib\\src\\stm32f10x_wwdg.c 0x00000000   Number         0  stm32f10x_wwdg.o ABSOLUTE
    .\\lib\\STM32F10x_FWLib\\system_stm32f10x.c 0x00000000   Number         0  system_stm32f10x.o ABSOLUTE
    .\\lib\\Servo\\Servo.cpp                 0x00000000   Number         0  Servo.o ABSOLUTE
    .\\lib\\qiArdlib\\HardwareSerial.cpp     0x00000000   Number         0  HardwareSerial.o ABSOLUTE
    .\\lib\\qiArdlib\\IPAddress.cpp          0x00000000   Number         0  IPAddress.o ABSOLUTE
    .\\lib\\qiArdlib\\SPI.cpp                0x00000000   Number         0  SPI.o ABSOLUTE
    .\\lib\\qiArdlib\\Stream.cpp             0x00000000   Number         0  Stream.o ABSOLUTE
    .\\lib\\qiArdlib\\Tone.cpp               0x00000000   Number         0  Tone.o ABSOLUTE
    .\\lib\\qiArdlib\\WMath.cpp              0x00000000   Number         0  WMath.o ABSOLUTE
    .\\lib\\qiArdlib\\Wire.cpp               0x00000000   Number         0  Wire.o ABSOLUTE
    .\\lib\\qiArdlib\\WireBase.cpp           0x00000000   Number         0  WireBase.o ABSOLUTE
    .\\lib\\qiArdlib\\qiArdlib.c             0x00000000   Number         0  qiArdlib.o ABSOLUTE
    .\\src\\main.cpp                         0x00000000   Number         0  main.o ABSOLUTE
    .\lib\Core\adc.c                         0x00000000   Number         0  adc.o ABSOLUTE
    .\lib\Core\delay.c                       0x00000000   Number         0  delay.o ABSOLUTE
    .\lib\Core\exti.c                        0x00000000   Number         0  exti.o ABSOLUTE
    .\lib\Core\gpio.c                        0x00000000   Number         0  gpio.o ABSOLUTE
    .\lib\Core\pwm.c                         0x00000000   Number         0  pwm.o ABSOLUTE
    .\lib\Core\timer.c                       0x00000000   Number         0  timer.o ABSOLUTE
    .\lib\Dht11\dht11.cpp                    0x00000000   Number         0  dht11.o ABSOLUTE
    .\lib\STM32F10x_FWLib\src\misc.c         0x00000000   Number         0  misc.o ABSOLUTE
    .\lib\STM32F10x_FWLib\src\stm32f10x_adc.c 0x00000000   Number         0  stm32f10x_adc.o ABSOLUTE
    .\lib\STM32F10x_FWLib\src\stm32f10x_bkp.c 0x00000000   Number         0  stm32f10x_bkp.o ABSOLUTE
    .\lib\STM32F10x_FWLib\src\stm32f10x_can.c 0x00000000   Number         0  stm32f10x_can.o ABSOLUTE
    .\lib\STM32F10x_FWLib\src\stm32f10x_cec.c 0x00000000   Number         0  stm32f10x_cec.o ABSOLUTE
    .\lib\STM32F10x_FWLib\src\stm32f10x_crc.c 0x00000000   Number         0  stm32f10x_crc.o ABSOLUTE
    .\lib\STM32F10x_FWLib\src\stm32f10x_dac.c 0x00000000   Number         0  stm32f10x_dac.o ABSOLUTE
    .\lib\STM32F10x_FWLib\src\stm32f10x_dbgmcu.c 0x00000000   Number         0  stm32f10x_dbgmcu.o ABSOLUTE
    .\lib\STM32F10x_FWLib\src\stm32f10x_dma.c 0x00000000   Number         0  stm32f10x_dma.o ABSOLUTE
    .\lib\STM32F10x_FWLib\src\stm32f10x_exti.c 0x00000000   Number         0  stm32f10x_exti.o ABSOLUTE
    .\lib\STM32F10x_FWLib\src\stm32f10x_flash.c 0x00000000   Number         0  stm32f10x_flash.o ABSOLUTE
    .\lib\STM32F10x_FWLib\src\stm32f10x_fsmc.c 0x00000000   Number         0  stm32f10x_fsmc.o ABSOLUTE
    .\lib\STM32F10x_FWLib\src\stm32f10x_gpio.c 0x00000000   Number         0  stm32f10x_gpio.o ABSOLUTE
    .\lib\STM32F10x_FWLib\src\stm32f10x_i2c.c 0x00000000   Number         0  stm32f10x_i2c.o ABSOLUTE
    .\lib\STM32F10x_FWLib\src\stm32f10x_iwdg.c 0x00000000   Number         0  stm32f10x_iwdg.o ABSOLUTE
    .\lib\STM32F10x_FWLib\src\stm32f10x_pwr.c 0x00000000   Number         0  stm32f10x_pwr.o ABSOLUTE
    .\lib\STM32F10x_FWLib\src\stm32f10x_rcc.c 0x00000000   Number         0  stm32f10x_rcc.o ABSOLUTE
    .\lib\STM32F10x_FWLib\src\stm32f10x_rtc.c 0x00000000   Number         0  stm32f10x_rtc.o ABSOLUTE
    .\lib\STM32F10x_FWLib\src\stm32f10x_sdio.c 0x00000000   Number         0  stm32f10x_sdio.o ABSOLUTE
    .\lib\STM32F10x_FWLib\src\stm32f10x_spi.c 0x00000000   Number         0  stm32f10x_spi.o ABSOLUTE
    .\lib\STM32F10x_FWLib\src\stm32f10x_tim.c 0x00000000   Number         0  stm32f10x_tim.o ABSOLUTE
    .\lib\STM32F10x_FWLib\src\stm32f10x_usart.c 0x00000000   Number         0  stm32f10x_usart.o ABSOLUTE
    .\lib\STM32F10x_FWLib\src\stm32f10x_wwdg.c 0x00000000   Number         0  stm32f10x_wwdg.o ABSOLUTE
    .\lib\STM32F10x_FWLib\system_stm32f10x.c 0x00000000   Number         0  system_stm32f10x.o ABSOLUTE
    .\lib\Servo\Servo.cpp                    0x00000000   Number         0  Servo.o ABSOLUTE
    .\lib\qiArdlib\HardwareSerial.cpp        0x00000000   Number         0  HardwareSerial.o ABSOLUTE
    .\lib\qiArdlib\IPAddress.cpp             0x00000000   Number         0  IPAddress.o ABSOLUTE
    .\lib\qiArdlib\Print.cpp                 0x00000000   Number         0  Print.o ABSOLUTE
    .\lib\qiArdlib\SPI.cpp                   0x00000000   Number         0  SPI.o ABSOLUTE
    .\lib\qiArdlib\Stream.cpp                0x00000000   Number         0  Stream.o ABSOLUTE
    .\lib\qiArdlib\Tone.cpp                  0x00000000   Number         0  Tone.o ABSOLUTE
    .\lib\qiArdlib\WMath.cpp                 0x00000000   Number         0  WMath.o ABSOLUTE
    .\lib\qiArdlib\WString.cpp               0x00000000   Number         0  WString.o ABSOLUTE
    .\lib\qiArdlib\Wire.cpp                  0x00000000   Number         0  Wire.o ABSOLUTE
    .\lib\qiArdlib\WireBase.cpp              0x00000000   Number         0  WireBase.o ABSOLUTE
    .\lib\qiArdlib\dtostrf.c                 0x00000000   Number         0  dtostrf.o ABSOLUTE
    .\lib\qiArdlib\itoa.c                    0x00000000   Number         0  itoa.o ABSOLUTE
    .\lib\qiArdlib\new.cpp                   0x00000000   Number         0  new.o ABSOLUTE
    .\lib\qiArdlib\qiArdlib.c                0x00000000   Number         0  qiArdlib.o ABSOLUTE
    .\src\main.cpp                           0x00000000   Number         0  main.o ABSOLUTE
    .\src\startup_stm32f10x_md.s             0x00000000   Number         0  startup_stm32f10x_md.o ABSOLUTE
    cdcmple.s                                0x00000000   Number         0  cdcmple.o ABSOLUTE
    cdrcmple.s                               0x00000000   Number         0  cdrcmple.o ABSOLUTE
    cfcmple.s                                0x00000000   Number         0  cfcmple.o ABSOLUTE
    cfrcmple.s                               0x00000000   Number         0  cfrcmple.o ABSOLUTE
    dc.s                                     0x00000000   Number         0  dc.o ABSOLUTE
    handlers.s                               0x00000000   Number         0  handlers.o ABSOLUTE
    init.s                                   0x00000000   Number         0  init.o ABSOLUTE
    RESET                                    0x08000000   Section      236  startup_stm32f10x_md.o(RESET)
    .ARM.Collect$$$$00000000                 0x080000ec   Section        0  entry.o(.ARM.Collect$$$$00000000)
    .ARM.Collect$$$$00000001                 0x080000ec   Section        4  entry2.o(.ARM.Collect$$$$00000001)
    .ARM.Collect$$$$00000004                 0x080000f0   Section        4  entry5.o(.ARM.Collect$$$$00000004)
    .ARM.Collect$$$$00000008                 0x080000f4   Section        0  entry7b.o(.ARM.Collect$$$$00000008)
    .ARM.Collect$$$$00000009                 0x080000f4   Section        4  entry8a.o(.ARM.Collect$$$$00000009)
    .ARM.Collect$$$$0000000A                 0x080000f8   Section        0  entry8b.o(.ARM.Collect$$$$0000000A)
    .ARM.Collect$$$$0000000B                 0x080000f8   Section        8  entry9a.o(.ARM.Collect$$$$0000000B)
    .ARM.Collect$$$$0000000D                 0x08000100   Section        0  entry10a.o(.ARM.Collect$$$$0000000D)
    .ARM.Collect$$$$0000000E                 0x08000100   Section        4  entry10b.o(.ARM.Collect$$$$0000000E)
    .ARM.Collect$$$$0000000F                 0x08000104   Section        0  entry11a.o(.ARM.Collect$$$$0000000F)
    .ARM.Collect$$$$00002712                 0x08000104   Section        4  entry2.o(.ARM.Collect$$$$00002712)
    __lit__00000000                          0x08000104   Data           4  entry2.o(.ARM.Collect$$$$00002712)
    .text                                    0x08000108   Section       36  startup_stm32f10x_md.o(.text)
    .text                                    0x0800012c   Section        0  uldiv.o(.text)
    .text                                    0x0800018e   Section        0  memmovea.o(.text)
    .text                                    0x080001d0   Section        0  cpp_init.o(.text)
    .text                                    0x080001f0   Section        0  aeabi_atexit.o(.text)
    .text                                    0x0800021e   Section        0  dadd.o(.text)
    .text                                    0x0800036c   Section        0  dmul.o(.text)
    .text                                    0x08000450   Section        0  ddiv.o(.text)
    .text                                    0x0800052e   Section        0  fflti.o(.text)
    .text                                    0x08000540   Section        0  dflti.o(.text)
    .text                                    0x08000562   Section        0  dfltl.o(.text)
    .text                                    0x0800058a   Section        0  dfixi.o(.text)
    .text                                    0x080005c8   Section        0  dfixl.o(.text)
    .text                                    0x08000612   Section        0  f2d.o(.text)
    .text                                    0x08000638   Section       48  cdcmple.o(.text)
    .text                                    0x08000668   Section       48  cdrcmple.o(.text)
    .text                                    0x08000698   Section        0  llshl.o(.text)
    .text                                    0x080006b6   Section        0  llushr.o(.text)
    .text                                    0x080006d6   Section        0  llsshr.o(.text)
    .text                                    0x080006fa   Section        0  iusefp.o(.text)
    .text                                    0x080006fc   Section        0  cpp_dtor.o(.text)
    .text                                    0x08000704   Section        0  cpp_signal.o(.text)
    .text                                    0x08000706   Section        0  cxa_finalize.o(.text)
    .text                                    0x08000748   Section        0  fepilogue.o(.text)
    .text                                    0x080007b6   Section        0  depilogue.o(.text)
    .text                                    0x08000870   Section        0  dscalb.o(.text)
    .text                                    0x080008a0   Section       36  init.o(.text)
    .text                                    0x080008c4   Section        0  cpp_final.o(.text)
    .text                                    0x080008c6   Section        0  dsqrt.o(.text)
    i.ADC_DMA_Register                       0x08000968   Section        0  adc.o(i.ADC_DMA_Register)
    i.ADC_DMA_SearchChannel                  0x08000a1c   Section        0  adc.o(i.ADC_DMA_SearchChannel)
    ADC_DMA_SearchChannel                    0x08000a1d   Thumb Code    36  adc.o(i.ADC_DMA_SearchChannel)
    i.Delay_Init                             0x08000a48   Section        0  delay.o(i.Delay_Init)
    i.EXTI0_IRQHandler                       0x08000a94   Section        0  exti.o(i.EXTI0_IRQHandler)
    i.EXTI15_10_IRQHandler                   0x08000abc   Section        0  exti.o(i.EXTI15_10_IRQHandler)
    i.EXTI1_IRQHandler                       0x08000b90   Section        0  exti.o(i.EXTI1_IRQHandler)
    i.EXTI2_IRQHandler                       0x08000bb8   Section        0  exti.o(i.EXTI2_IRQHandler)
    i.EXTI3_IRQHandler                       0x08000be0   Section        0  exti.o(i.EXTI3_IRQHandler)
    i.EXTI4_IRQHandler                       0x08000c08   Section        0  exti.o(i.EXTI4_IRQHandler)
    i.EXTI9_5_IRQHandler                     0x08000c30   Section        0  exti.o(i.EXTI9_5_IRQHandler)
    i.EXTI_ClearITPendingBit                 0x08000cd8   Section        0  stm32f10x_exti.o(i.EXTI_ClearITPendingBit)
    i.EXTI_GetITStatus                       0x08000ce4   Section        0  stm32f10x_exti.o(i.EXTI_GetITStatus)
    i.GPIO_Init                              0x08000d0c   Section        0  stm32f10x_gpio.o(i.GPIO_Init)
    i.GPIOx_Init                             0x08000e24   Section        0  gpio.o(i.GPIOx_Init)
    i.NVIC_Init                              0x08000ecc   Section        0  misc.o(i.NVIC_Init)
    i.NVIC_PriorityGroupConfig               0x08000f3c   Section        0  misc.o(i.NVIC_PriorityGroupConfig)
    i.PWM_Init                               0x08000f50   Section        0  pwm.o(i.PWM_Init)
    i.RCC_APB1PeriphClockCmd                 0x08000fe4   Section        0  stm32f10x_rcc.o(i.RCC_APB1PeriphClockCmd)
    i.RCC_APB2PeriphClockCmd                 0x08001004   Section        0  stm32f10x_rcc.o(i.RCC_APB2PeriphClockCmd)
    i.RCC_GetClocksFreq                      0x08001024   Section        0  stm32f10x_rcc.o(i.RCC_GetClocksFreq)
    i.RCC_GetFlagStatus                      0x080010f8   Section        0  stm32f10x_rcc.o(i.RCC_GetFlagStatus)
    i.RCC_GetSYSCLKSource                    0x08001134   Section        0  stm32f10x_rcc.o(i.RCC_GetSYSCLKSource)
    i.RCC_HCLKConfig                         0x08001144   Section        0  stm32f10x_rcc.o(i.RCC_HCLKConfig)
    i.RCC_HSEConfig                          0x0800115c   Section        0  stm32f10x_rcc.o(i.RCC_HSEConfig)
    i.RCC_PCLK1Config                        0x080011a8   Section        0  stm32f10x_rcc.o(i.RCC_PCLK1Config)
    i.RCC_PCLK2Config                        0x080011c0   Section        0  stm32f10x_rcc.o(i.RCC_PCLK2Config)
    i.RCC_PLLCmd                             0x080011d8   Section        0  stm32f10x_rcc.o(i.RCC_PLLCmd)
    i.RCC_PLLConfig                          0x080011e4   Section        0  stm32f10x_rcc.o(i.RCC_PLLConfig)
    i.RCC_SYSCLKConfig                       0x08001200   Section        0  stm32f10x_rcc.o(i.RCC_SYSCLKConfig)
    i.RCC_WaitForHSEStartUp                  0x08001218   Section        0  stm32f10x_rcc.o(i.RCC_WaitForHSEStartUp)
    i.SetSysClock                            0x08001250   Section        0  system_stm32f10x.o(i.SetSysClock)
    SetSysClock                              0x08001251   Thumb Code     8  system_stm32f10x.o(i.SetSysClock)
    i.SetSysClockTo72                        0x08001258   Section        0  system_stm32f10x.o(i.SetSysClockTo72)
    SetSysClockTo72                          0x08001259   Thumb Code   214  system_stm32f10x.o(i.SetSysClockTo72)
    i.SysClock_Init                          0x08001338   Section        0  delay.o(i.SysClock_Init)
    i.SysTick_Handler                        0x080013c0   Section        0  delay.o(i.SysTick_Handler)
    i.SystemCoreClockUpdate                  0x080013d0   Section        0  system_stm32f10x.o(i.SystemCoreClockUpdate)
    i.SystemInit                             0x08001474   Section        0  system_stm32f10x.o(i.SystemInit)
    i.TIM1_UP_IRQHandler                     0x080014d4   Section        0  timer.o(i.TIM1_UP_IRQHandler)
    i.TIM2_IRQHandler                        0x08001504   Section        0  timer.o(i.TIM2_IRQHandler)
    i.TIM3_IRQHandler                        0x08001530   Section        0  timer.o(i.TIM3_IRQHandler)
    i.TIM4_IRQHandler                        0x08001560   Section        0  timer.o(i.TIM4_IRQHandler)
    i.TIM_ClearITPendingBit                  0x08001590   Section        0  stm32f10x_tim.o(i.TIM_ClearITPendingBit)
    i.TIM_Cmd                                0x08001596   Section        0  stm32f10x_tim.o(i.TIM_Cmd)
    i.TIM_CtrlPWMOutputs                     0x080015ae   Section        0  stm32f10x_tim.o(i.TIM_CtrlPWMOutputs)
    i.TIM_GetITStatus                        0x080015cc   Section        0  stm32f10x_tim.o(i.TIM_GetITStatus)
    i.TIM_OC1Init                            0x080015f0   Section        0  stm32f10x_tim.o(i.TIM_OC1Init)
    i.TIM_OC1PreloadConfig                   0x08001688   Section        0  stm32f10x_tim.o(i.TIM_OC1PreloadConfig)
    i.TIM_OC2Init                            0x0800169c   Section        0  stm32f10x_tim.o(i.TIM_OC2Init)
    i.TIM_OC2PreloadConfig                   0x08001740   Section        0  stm32f10x_tim.o(i.TIM_OC2PreloadConfig)
    i.TIM_OC3Init                            0x0800175c   Section        0  stm32f10x_tim.o(i.TIM_OC3Init)
    i.TIM_OC3PreloadConfig                   0x080017fc   Section        0  stm32f10x_tim.o(i.TIM_OC3PreloadConfig)
    i.TIM_OC4Init                            0x08001810   Section        0  stm32f10x_tim.o(i.TIM_OC4Init)
    i.TIM_OC4PreloadConfig                   0x0800188c   Section        0  stm32f10x_tim.o(i.TIM_OC4PreloadConfig)
    i.TIM_TimeBaseInit                       0x080018a8   Section        0  stm32f10x_tim.o(i.TIM_TimeBaseInit)
    i.TIMx_OCxInit                           0x0800194c   Section        0  pwm.o(i.TIMx_OCxInit)
    i.Timer_ClockCmd                         0x08001acc   Section        0  timer.o(i.Timer_ClockCmd)
    i.USART1_IRQHandler                      0x08001c30   Section        0  HardwareSerial.o(i.USART1_IRQHandler)
    i.USART2_IRQHandler                      0x08001c40   Section        0  HardwareSerial.o(i.USART2_IRQHandler)
    i.USART3_IRQHandler                      0x08001c50   Section        0  HardwareSerial.o(i.USART3_IRQHandler)
    i.USART_ClearITPendingBit                0x08001c60   Section        0  stm32f10x_usart.o(i.USART_ClearITPendingBit)
    i.USART_Cmd                              0x08001c7e   Section        0  stm32f10x_usart.o(i.USART_Cmd)
    i.USART_GetFlagStatus                    0x08001c96   Section        0  stm32f10x_usart.o(i.USART_GetFlagStatus)
    i.USART_GetITStatus                      0x08001cb0   Section        0  stm32f10x_usart.o(i.USART_GetITStatus)
    i.USART_ITConfig                         0x08001d04   Section        0  stm32f10x_usart.o(i.USART_ITConfig)
    i.USART_Init                             0x08001d50   Section        0  stm32f10x_usart.o(i.USART_Init)
    i.USART_ReceiveData                      0x08001e28   Section        0  stm32f10x_usart.o(i.USART_ReceiveData)
    i.USART_SendData                         0x08001e32   Section        0  stm32f10x_usart.o(i.USART_SendData)
    i._Z10Fahrenheitd                        0x08001e3c   Section        0  main.o(i._Z10Fahrenheitd)
    i._Z12dewPointFastdd                     0x08001e6c   Section        0  main.o(i._Z12dewPointFastdd)
    i._Z4loopv                               0x08001f1c   Section        0  main.o(i._Z4loopv)
    i._Z5setupv                              0x08002150   Section        0  main.o(i._Z5setupv)
    i._Z6Kelvind                             0x080021b0   Section        0  main.o(i._Z6Kelvind)
    i._Z8dewPointdd                          0x080021cc   Section        0  main.o(i._Z8dewPointdd)
    i._ZN14HardwareSerial10IRQHandlerEv      0x080023d8   Section        0  HardwareSerial.o(i._ZN14HardwareSerial10IRQHandlerEv)
    i._ZN14HardwareSerial5beginEj            0x0800242a   Section        0  HardwareSerial.o(i._ZN14HardwareSerial5beginEj)
    i._ZN14HardwareSerial5beginEj13SERIAL_Config 0x0800243c   Section        0  HardwareSerial.o(i._ZN14HardwareSerial5beginEj13SERIAL_Config)
    i._ZN14HardwareSerial5beginEj13SERIAL_Confighh 0x08002458   Section        0  HardwareSerial.o(i._ZN14HardwareSerial5beginEj13SERIAL_Confighh)
    i._ZN14HardwareSerial5writeEh            0x080025e8   Section        0  HardwareSerial.o(i._ZN14HardwareSerial5writeEh)
    i._ZN14HardwareSerialC1EP13USART_TypeDef 0x08002608   Section        0  HardwareSerial.o(i._ZN14HardwareSerialC1EP13USART_TypeDef)
    i._ZN5Print10printFloatEdh               0x0800263c   Section        0  Print.o(i._ZN5Print10printFloatEdh)
    i._ZN5Print11printNumberEyh              0x080027b0   Section        0  Print.o(i._ZN5Print11printNumberEyh)
    i._ZN5Print5printEPKc                    0x08002840   Section        0  Print.o(i._ZN5Print5printEPKc)
    i._ZN5Print5printEc                      0x08002852   Section        0  Print.o(i._ZN5Print5printEc)
    i._ZN5Print5printEdi                     0x08002864   Section        0  Print.o(i._ZN5Print5printEdi)
    i._ZN5Print5printEii                     0x0800287e   Section        0  Print.o(i._ZN5Print5printEii)
    i._ZN5Print5printExi                     0x08002894   Section        0  Print.o(i._ZN5Print5printExi)
    i._ZN5Print5writeEPKc                    0x080028d8   Section        0  Print.o(i._ZN5Print5writeEPKc)
    i._ZN5Print7printlnEPKc                  0x080028fa   Section        0  Print.o(i._ZN5Print7printlnEPKc)
    i._ZN5Print7printlnEdi                   0x08002916   Section        0  Print.o(i._ZN5Print7printlnEdi)
    i._ZN5Print7printlnEv                    0x08002942   Section        0  Print.o(i._ZN5Print7printlnEv)
    i._ZN5dht114readEi                       0x0800295e   Section        0  dht11.o(i._ZN5dht114readEi)
    i._ZN7TwoWireC1Ehhh                      0x08002a8c   Section        0  Wire.o(i._ZN7TwoWireC1Ehhh)
    i._ZN7TwoWireD1Ev                        0x08002ab0   Section        0  Wire.o(i._ZN7TwoWireD1Ev)
    i._ZN8SPIClassC1EP11SPI_TypeDef          0x08002acc   Section        0  SPI.o(i._ZN8SPIClassC1EP11SPI_TypeDef)
    i._ZN9IPAddressC1Ehhhh                   0x08002ad0   Section        0  IPAddress.o(i._ZN9IPAddressC1Ehhhh)
    i._ZN9PrintableC2Ev                      0x08002b00   Section        0  IPAddress.o(i._ZN9PrintableC2Ev)
    i.__ARM_fpclassify                       0x08002b0c   Section        0  fpclassify.o(i.__ARM_fpclassify)
    i.__NVIC_SetPriority                     0x08002b34   Section        0  delay.o(i.__NVIC_SetPriority)
    __NVIC_SetPriority                       0x08002b35   Thumb Code    32  delay.o(i.__NVIC_SetPriority)
    i.__cxa_pure_virtual                     0x08002b5c   Section        0  pure_virt.o(i.__cxa_pure_virtual)
    i.__free$realloc                         0x08002b64   Section        0  mallocr.o(i.__free$realloc)
    i.__kernel_poly                          0x08002bc0   Section        0  poly.o(i.__kernel_poly)
    i.__malloc$realloc                       0x08002c6c   Section        0  mallocr.o(i.__malloc$realloc)
    i.__mathlib_dbl_divzero                  0x08002cbc   Section        0  dunder.o(i.__mathlib_dbl_divzero)
    i.__mathlib_dbl_infnan                   0x08002ccc   Section        0  dunder.o(i.__mathlib_dbl_infnan)
    i.__mathlib_dbl_infnan2                  0x08002cd2   Section        0  dunder.o(i.__mathlib_dbl_infnan2)
    i.__mathlib_dbl_invalid                  0x08002cd6   Section        0  dunder.o(i.__mathlib_dbl_invalid)
    i.__mathlib_dbl_overflow                 0x08002ce2   Section        0  dunder.o(i.__mathlib_dbl_overflow)
    i.__mathlib_dbl_underflow                0x08002cf0   Section        0  dunder.o(i.__mathlib_dbl_underflow)
    i.__scatterload_copy                     0x08002d00   Section       14  handlers.o(i.__scatterload_copy)
    i.__scatterload_null                     0x08002d0e   Section        2  handlers.o(i.__scatterload_null)
    i.__scatterload_zeroinit                 0x08002d10   Section       14  handlers.o(i.__scatterload_zeroinit)
    i.__set_errno                            0x08002d20   Section        0  errno.o(i.__set_errno)
    i.__sti___13_IPAddress_cpp_0fe1e075      0x08002d2c   Section        0  IPAddress.o(i.__sti___13_IPAddress_cpp_0fe1e075)
    __sti___13_IPAddress_cpp_0fe1e075        0x08002d2d   Thumb Code    20  IPAddress.o(i.__sti___13_IPAddress_cpp_0fe1e075)
    i.__sti___18_HardwareSerial_cpp_cfa1b6a6 0x08002d44   Section        0  HardwareSerial.o(i.__sti___18_HardwareSerial_cpp_cfa1b6a6)
    __sti___18_HardwareSerial_cpp_cfa1b6a6   0x08002d45   Thumb Code    44  HardwareSerial.o(i.__sti___18_HardwareSerial_cpp_cfa1b6a6)
    i.__sti___7_SPI_cpp_ce5662b4             0x08002d98   Section        0  SPI.o(i.__sti___7_SPI_cpp_ce5662b4)
    __sti___7_SPI_cpp_ce5662b4               0x08002d99   Thumb Code    28  SPI.o(i.__sti___7_SPI_cpp_ce5662b4)
    i.__sti___8_Wire_cpp_928ee5ff            0x08002dcc   Section        0  Wire.o(i.__sti___8_Wire_cpp_928ee5ff)
    __sti___8_Wire_cpp_928ee5ff              0x08002dcd   Thumb Code    26  Wire.o(i.__sti___8_Wire_cpp_928ee5ff)
    i.delay_ms                               0x08002df4   Section        0  delay.o(i.delay_ms)
    i.delay_us                               0x08002e0c   Section        0  delay.o(i.delay_us)
    i.digitalRead                            0x08002e60   Section        0  qiArdlib.o(i.digitalRead)
    i.digitalWrite                           0x08002e8c   Section        0  qiArdlib.o(i.digitalWrite)
    i.internal_alloc                         0x08002ec4   Section        0  mallocr.o(i.internal_alloc)
    internal_alloc                           0x08002ec5   Thumb Code    76  mallocr.o(i.internal_alloc)
    i.log                                    0x08002f14   Section        0  log.o(i.log)
    i.log10                                  0x08003270   Section        0  log10.o(i.log10)
    i.main                                   0x08003354   Section        0  main.o(i.main)
    i.micros                                 0x08003374   Section        0  delay.o(i.micros)
    i.pinMode                                0x080033b4   Section        0  qiArdlib.o(i.pinMode)
    i.pow                                    0x08003440   Section        0  pow.o(i.pow)
    i.sqrt                                   0x08003e18   Section        0  sqrt.o(i.sqrt)
    .constdata                               0x08003e64   Section     1792  gpio.o(.constdata)
    .constdata                               0x08004568   Section       56  log.o(.constdata)
    Lg2                                      0x08004568   Data          24  log.o(.constdata)
    Lg                                       0x08004580   Data          32  log.o(.constdata)
    .constdata                               0x080045a0   Section      136  pow.o(.constdata)
    bp                                       0x080045a0   Data          16  pow.o(.constdata)
    dp_h                                     0x080045b0   Data          16  pow.o(.constdata)
    dp_l                                     0x080045c0   Data          16  pow.o(.constdata)
    L                                        0x080045d0   Data          48  pow.o(.constdata)
    P                                        0x08004600   Data          40  pow.o(.constdata)
    .constdata                               0x08004628   Section        8  qnan.o(.constdata)
    .constdata__ZTV14HardwareSerial          0x08004630   Section       36  HardwareSerial.o(.constdata__ZTV14HardwareSerial)
    .constdata__ZTV5Print                    0x08004654   Section       20  Print.o(.constdata__ZTV5Print)
    .constdata__ZTV6Stream                   0x08004668   Section       36  HardwareSerial.o(.constdata__ZTV6Stream)
    .constdata__ZTV7TwoWire                  0x0800468c   Section       16  Wire.o(.constdata__ZTV7TwoWire)
    .constdata__ZTV8WireBase                 0x0800469c   Section       16  WireBase.o(.constdata__ZTV8WireBase)
    .constdata__ZTV9IPAddress                0x080046ac   Section       12  IPAddress.o(.constdata__ZTV9IPAddress)
    .constdata__ZTV9Printable                0x080046b8   Section       12  IPAddress.o(.constdata__ZTV9Printable)
    .init_array                              0x080046e4   Section        4  HardwareSerial.o(.init_array)
    .init_array                              0x080046e8   Section        4  IPAddress.o(.init_array)
    .init_array                              0x080046ec   Section        4  SPI.o(.init_array)
    .init_array                              0x080046f0   Section        4  Wire.o(.init_array)
    .init_array                              0x080046f4   Section        0  cpp_init.o(.init_array)
    .data                                    0x20000000   Section        2  adc.o(.data)
    ADC_DMA_RegCnt                           0x20000000   Data           1  adc.o(.data)
    IsInit                                   0x20000001   Data           1  adc.o(.data)
    .data                                    0x20000004   Section      124  delay.o(.data)
    System_ms                                0x20000004   Data           4  delay.o(.data)
    SysClock                                 0x20000008   Data         120  delay.o(.data)
    .data                                    0x20000080   Section       20  stm32f10x_rcc.o(.data)
    APBAHBPrescTable                         0x20000080   Data          16  stm32f10x_rcc.o(.data)
    ADCPrescTable                            0x20000090   Data           4  stm32f10x_rcc.o(.data)
    .data                                    0x20000094   Section       20  system_stm32f10x.o(.data)
    .data                                    0x200000a8   Section        8  IPAddress.o(.data)
    INADDR_NONE                              0x200000a8   Data           8  IPAddress.o(.data)
    .data                                    0x200000b0   Section        8  main.o(.data)
    .data                                    0x200000b8   Section        4  mvars.o(.data)
    .data                                    0x200000bc   Section        4  mvars.o(.data)
    .data                                    0x200000c0   Section        4  errno.o(.data)
    _errno                                   0x200000c0   Data           4  errno.o(.data)
    .data                                    0x200000c4   Section        4  cpp_dtor.o(.data)
    ddtor_pointer                            0x200000c4   Data           4  cpp_dtor.o(.data)
    .bss                                     0x200000c8   Section       54  adc.o(.bss)
    ADC_DMA_RegChannelList                   0x200000c8   Data          18  adc.o(.bss)
    ADC_DMA_ConvertedValue                   0x200000da   Data          36  adc.o(.bss)
    .bss                                     0x20000100   Section       64  exti.o(.bss)
    EXTI_Function                            0x20000100   Data          64  exti.o(.bss)
    .bss                                     0x20000140   Section       32  timer.o(.bss)
    TIMx_Function                            0x20000140   Data          32  timer.o(.bss)
    .bss                                     0x20000160   Section      780  HardwareSerial.o(.bss)
    .bss                                     0x2000046c   Section       84  SPI.o(.bss)
    .bss                                     0x200004c0   Section       88  Wire.o(.bss)
    HEAP                                     0x20000518   Section      512  startup_stm32f10x_md.o(HEAP)
    STACK                                    0x20000718   Section     1024  startup_stm32f10x_md.o(STACK)

    Global Symbols

    Symbol Name                              Value     Ov Type        Size  Object(Section)

    BuildAttributes$$THM_ISAv4$P$D$K$B$S$PE$A:L22UL41UL21$X:L11$S22US41US21$IEEE1$IW$USESV6$~STKCKD$USESV7$~SHL$OTIME$ROPI$IEEEX$EBA8$UX$MICROLIB$REQ8$PRES8$EABIv2 0x00000000   Number         0  anon$$obj.o ABSOLUTE
    __ARM_use_no_argv                        0x00000000   Number         0  main.o ABSOLUTE
    _printf_a                                0x00000000   Number         0  stubs.o ABSOLUTE
    _printf_c                                0x00000000   Number         0  stubs.o ABSOLUTE
    _printf_charcount                        0x00000000   Number         0  stubs.o ABSOLUTE
    _printf_d                                0x00000000   Number         0  stubs.o ABSOLUTE
    _printf_e                                0x00000000   Number         0  stubs.o ABSOLUTE
    _printf_f                                0x00000000   Number         0  stubs.o ABSOLUTE
    _printf_flags                            0x00000000   Number         0  stubs.o ABSOLUTE
    _printf_fp_dec                           0x00000000   Number         0  stubs.o ABSOLUTE
    _printf_fp_hex                           0x00000000   Number         0  stubs.o ABSOLUTE
    _printf_g                                0x00000000   Number         0  stubs.o ABSOLUTE
    _printf_i                                0x00000000   Number         0  stubs.o ABSOLUTE
    _printf_int_dec                          0x00000000   Number         0  stubs.o ABSOLUTE
    _printf_l                                0x00000000   Number         0  stubs.o ABSOLUTE
    _printf_lc                               0x00000000   Number         0  stubs.o ABSOLUTE
    _printf_ll                               0x00000000   Number         0  stubs.o ABSOLUTE
    _printf_lld                              0x00000000   Number         0  stubs.o ABSOLUTE
    _printf_lli                              0x00000000   Number         0  stubs.o ABSOLUTE
    _printf_llo                              0x00000000   Number         0  stubs.o ABSOLUTE
    _printf_llu                              0x00000000   Number         0  stubs.o ABSOLUTE
    _printf_llx                              0x00000000   Number         0  stubs.o ABSOLUTE
    _printf_longlong_dec                     0x00000000   Number         0  stubs.o ABSOLUTE
    _printf_longlong_hex                     0x00000000   Number         0  stubs.o ABSOLUTE
    _printf_longlong_oct                     0x00000000   Number         0  stubs.o ABSOLUTE
    _printf_ls                               0x00000000   Number         0  stubs.o ABSOLUTE
    _printf_mbtowc                           0x00000000   Number         0  stubs.o ABSOLUTE
    _printf_n                                0x00000000   Number         0  stubs.o ABSOLUTE
    _printf_o                                0x00000000   Number         0  stubs.o ABSOLUTE
    _printf_p                                0x00000000   Number         0  stubs.o ABSOLUTE
    _printf_percent                          0x00000000   Number         0  stubs.o ABSOLUTE
    _printf_pre_padding                      0x00000000   Number         0  stubs.o ABSOLUTE
    _printf_return_value                     0x00000000   Number         0  stubs.o ABSOLUTE
    _printf_s                                0x00000000   Number         0  stubs.o ABSOLUTE
    _printf_sizespec                         0x00000000   Number         0  stubs.o ABSOLUTE
    _printf_str                              0x00000000   Number         0  stubs.o ABSOLUTE
    _printf_truncate_signed                  0x00000000   Number         0  stubs.o ABSOLUTE
    _printf_truncate_unsigned                0x00000000   Number         0  stubs.o ABSOLUTE
    _printf_u                                0x00000000   Number         0  stubs.o ABSOLUTE
    _printf_wc                               0x00000000   Number         0  stubs.o ABSOLUTE
    _printf_wctomb                           0x00000000   Number         0  stubs.o ABSOLUTE
    _printf_widthprec                        0x00000000   Number         0  stubs.o ABSOLUTE
    _printf_x                                0x00000000   Number         0  stubs.o ABSOLUTE
    __ARM::default_unexpected_handler()       - Undefined Weak Reference
    __ARM_exceptions_buffer_required          - Undefined Weak Reference
    __decompress                              - Undefined Weak Reference
    _clock_init                               - Undefined Weak Reference
    _microlib_exit                            - Undefined Weak Reference
    __Vectors_Size                           0x000000ec   Number         0  startup_stm32f10x_md.o ABSOLUTE
    __Vectors                                0x08000000   Data           4  startup_stm32f10x_md.o(RESET)
    __dso_handle                             0x08000000   Number         0  startup_stm32f10x_md.o(RESET)
    __Vectors_End                            0x080000ec   Data           0  startup_stm32f10x_md.o(RESET)
    __main                                   0x080000ed   Thumb Code     0  entry.o(.ARM.Collect$$$$00000000)
    _main_stk                                0x080000ed   Thumb Code     0  entry2.o(.ARM.Collect$$$$00000001)
    _main_scatterload                        0x080000f1   Thumb Code     0  entry5.o(.ARM.Collect$$$$00000004)
    __main_after_scatterload                 0x080000f5   Thumb Code     0  entry5.o(.ARM.Collect$$$$00000004)
    _main_clock                              0x080000f5   Thumb Code     0  entry7b.o(.ARM.Collect$$$$00000008)
    _main_cpp_init$empty                     0x080000f5   Thumb Code     0  entry8a.o(.ARM.Collect$$$$00000009)
    _main_cpp_init                           0x080000f9   Thumb Code     0  entry8b.o(.ARM.Collect$$$$0000000A)
    _main_init                               0x080000f9   Thumb Code     0  entry9a.o(.ARM.Collect$$$$0000000B)
    __rt_final_cpp                           0x08000101   Thumb Code     0  entry10a.o(.ARM.Collect$$$$0000000D)
    __rt_final_cpp$nonempty                  0x08000101   Thumb Code     0  entry10b.o(.ARM.Collect$$$$0000000E)
    __rt_final_exit                          0x08000105   Thumb Code     0  entry11a.o(.ARM.Collect$$$$0000000F)
    Reset_Handler                            0x08000109   Thumb Code     8  startup_stm32f10x_md.o(.text)
    NMI_Handler                              0x08000111   Thumb Code     2  startup_stm32f10x_md.o(.text)
    HardFault_Handler                        0x08000113   Thumb Code     2  startup_stm32f10x_md.o(.text)
    MemManage_Handler                        0x08000115   Thumb Code     2  startup_stm32f10x_md.o(.text)
    BusFault_Handler                         0x08000117   Thumb Code     2  startup_stm32f10x_md.o(.text)
    UsageFault_Handler                       0x08000119   Thumb Code     2  startup_stm32f10x_md.o(.text)
    SVC_Handler                              0x0800011b   Thumb Code     2  startup_stm32f10x_md.o(.text)
    DebugMon_Handler                         0x0800011d   Thumb Code     2  startup_stm32f10x_md.o(.text)
    PendSV_Handler                           0x0800011f   Thumb Code     2  startup_stm32f10x_md.o(.text)
    ADC1_2_IRQHandler                        0x08000123   Thumb Code     0  startup_stm32f10x_md.o(.text)
    CAN1_RX1_IRQHandler                      0x08000123   Thumb Code     0  startup_stm32f10x_md.o(.text)
    CAN1_SCE_IRQHandler                      0x08000123   Thumb Code     0  startup_stm32f10x_md.o(.text)
    DMA1_Channel1_IRQHandler                 0x08000123   Thumb Code     0  startup_stm32f10x_md.o(.text)
    DMA1_Channel2_IRQHandler                 0x08000123   Thumb Code     0  startup_stm32f10x_md.o(.text)
    DMA1_Channel3_IRQHandler                 0x08000123   Thumb Code     0  startup_stm32f10x_md.o(.text)
    DMA1_Channel4_IRQHandler                 0x08000123   Thumb Code     0  startup_stm32f10x_md.o(.text)
    DMA1_Channel5_IRQHandler                 0x08000123   Thumb Code     0  startup_stm32f10x_md.o(.text)
    DMA1_Channel6_IRQHandler                 0x08000123   Thumb Code     0  startup_stm32f10x_md.o(.text)
    DMA1_Channel7_IRQHandler                 0x08000123   Thumb Code     0  startup_stm32f10x_md.o(.text)
    FLASH_IRQHandler                         0x08000123   Thumb Code     0  startup_stm32f10x_md.o(.text)
    I2C1_ER_IRQHandler                       0x08000123   Thumb Code     0  startup_stm32f10x_md.o(.text)
    I2C1_EV_IRQHandler                       0x08000123   Thumb Code     0  startup_stm32f10x_md.o(.text)
    I2C2_ER_IRQHandler                       0x08000123   Thumb Code     0  startup_stm32f10x_md.o(.text)
    I2C2_EV_IRQHandler                       0x08000123   Thumb Code     0  startup_stm32f10x_md.o(.text)
    PVD_IRQHandler                           0x08000123   Thumb Code     0  startup_stm32f10x_md.o(.text)
    RCC_IRQHandler                           0x08000123   Thumb Code     0  startup_stm32f10x_md.o(.text)
    RTCAlarm_IRQHandler                      0x08000123   Thumb Code     0  startup_stm32f10x_md.o(.text)
    RTC_IRQHandler                           0x08000123   Thumb Code     0  startup_stm32f10x_md.o(.text)
    SPI1_IRQHandler                          0x08000123   Thumb Code     0  startup_stm32f10x_md.o(.text)
    SPI2_IRQHandler                          0x08000123   Thumb Code     0  startup_stm32f10x_md.o(.text)
    TAMPER_IRQHandler                        0x08000123   Thumb Code     0  startup_stm32f10x_md.o(.text)
    TIM1_BRK_IRQHandler                      0x08000123   Thumb Code     0  startup_stm32f10x_md.o(.text)
    TIM1_CC_IRQHandler                       0x08000123   Thumb Code     0  startup_stm32f10x_md.o(.text)
    TIM1_TRG_COM_IRQHandler                  0x08000123   Thumb Code     0  startup_stm32f10x_md.o(.text)
    USBWakeUp_IRQHandler                     0x08000123   Thumb Code     0  startup_stm32f10x_md.o(.text)
    USB_HP_CAN1_TX_IRQHandler                0x08000123   Thumb Code     0  startup_stm32f10x_md.o(.text)
    USB_LP_CAN1_RX0_IRQHandler               0x08000123   Thumb Code     0  startup_stm32f10x_md.o(.text)
    WWDG_IRQHandler                          0x08000123   Thumb Code     0  startup_stm32f10x_md.o(.text)
    __aeabi_uldivmod                         0x0800012d   Thumb Code    98  uldiv.o(.text)
    ___aeabi_memcpy4$move                    0x0800018f   Thumb Code     0  memmovea.o(.text)
    ___aeabi_memcpy8$move                    0x0800018f   Thumb Code     0  memmovea.o(.text)
    __aeabi_memcpy                           0x0800018f   Thumb Code    64  memmovea.o(.text)
    __aeabi_memmove                          0x0800018f   Thumb Code     0  memmovea.o(.text)
    __aeabi_memmove4                         0x0800018f   Thumb Code     0  memmovea.o(.text)
    __aeabi_memmove8                         0x0800018f   Thumb Code     0  memmovea.o(.text)
    __cpp_initialize__aeabi_                 0x080001d1   Thumb Code    22  cpp_init.o(.text)
    __aeabi_atexit                           0x080001f1   Thumb Code    46  aeabi_atexit.o(.text)
    __aeabi_dadd                             0x0800021f   Thumb Code   322  dadd.o(.text)
    __aeabi_dsub                             0x08000361   Thumb Code     6  dadd.o(.text)
    __aeabi_drsub                            0x08000367   Thumb Code     6  dadd.o(.text)
    __aeabi_dmul                             0x0800036d   Thumb Code   228  dmul.o(.text)
    __aeabi_ddiv                             0x08000451   Thumb Code   222  ddiv.o(.text)
    __aeabi_i2f                              0x0800052f   Thumb Code    18  fflti.o(.text)
    __aeabi_i2d                              0x08000541   Thumb Code    34  dflti.o(.text)
    __aeabi_l2d                              0x08000563   Thumb Code    40  dfltl.o(.text)
    __aeabi_d2iz                             0x0800058b   Thumb Code    62  dfixi.o(.text)
    __aeabi_d2lz                             0x080005c9   Thumb Code    74  dfixl.o(.text)
    __aeabi_f2d                              0x08000613   Thumb Code    38  f2d.o(.text)
    __aeabi_cdcmpeq                          0x08000639   Thumb Code     0  cdcmple.o(.text)
    __aeabi_cdcmple                          0x08000639   Thumb Code    48  cdcmple.o(.text)
    __aeabi_cdrcmple                         0x08000669   Thumb Code    48  cdrcmple.o(.text)
    __aeabi_llsl                             0x08000699   Thumb Code    30  llshl.o(.text)
    _ll_shift_l                              0x08000699   Thumb Code     0  llshl.o(.text)
    __aeabi_llsr                             0x080006b7   Thumb Code    32  llushr.o(.text)
    _ll_ushift_r                             0x080006b7   Thumb Code     0  llushr.o(.text)
    __aeabi_lasr                             0x080006d7   Thumb Code    36  llsshr.o(.text)
    _ll_sshift_r                             0x080006d7   Thumb Code     0  llsshr.o(.text)
    __I$use$fp                               0x080006fb   Thumb Code     0  iusefp.o(.text)
    __rt_ddtor_pointer_addr                  0x080006fd   Thumb Code     4  cpp_dtor.o(.text)
    __rt_SIGPVFN                             0x08000705   Thumb Code     2  cpp_signal.o(.text)
    __cxa_finalize                           0x08000707   Thumb Code    66  cxa_finalize.o(.text)
    _float_round                             0x08000749   Thumb Code    18  fepilogue.o(.text)
    _float_epilogue                          0x0800075b   Thumb Code    92  fepilogue.o(.text)
    _double_round                            0x080007b7   Thumb Code    30  depilogue.o(.text)
    _double_epilogue                         0x080007d5   Thumb Code   156  depilogue.o(.text)
    __ARM_scalbn                             0x08000871   Thumb Code    46  dscalb.o(.text)
    scalbn                                   0x08000871   Thumb Code     0  dscalb.o(.text)
    __scatterload                            0x080008a1   Thumb Code    28  init.o(.text)
    __scatterload_rt2                        0x080008a1   Thumb Code     0  init.o(.text)
    __rt_lib_shutdown_cpp_2                  0x080008c5   Thumb Code     2  cpp_final.o(.text)
    _dsqrt                                   0x080008c7   Thumb Code   162  dsqrt.o(.text)
    ADC_DMA_Register                         0x08000969   Thumb Code   168  adc.o(i.ADC_DMA_Register)
    Delay_Init                               0x08000a49   Thumb Code    70  delay.o(i.Delay_Init)
    EXTI0_IRQHandler                         0x08000a95   Thumb Code    34  exti.o(i.EXTI0_IRQHandler)
    EXTI15_10_IRQHandler                     0x08000abd   Thumb Code   208  exti.o(i.EXTI15_10_IRQHandler)
    EXTI1_IRQHandler                         0x08000b91   Thumb Code    34  exti.o(i.EXTI1_IRQHandler)
    EXTI2_IRQHandler                         0x08000bb9   Thumb Code    34  exti.o(i.EXTI2_IRQHandler)
    EXTI3_IRQHandler                         0x08000be1   Thumb Code    34  exti.o(i.EXTI3_IRQHandler)
    EXTI4_IRQHandler                         0x08000c09   Thumb Code    34  exti.o(i.EXTI4_IRQHandler)
    EXTI9_5_IRQHandler                       0x08000c31   Thumb Code   162  exti.o(i.EXTI9_5_IRQHandler)
    EXTI_ClearITPendingBit                   0x08000cd9   Thumb Code     6  stm32f10x_exti.o(i.EXTI_ClearITPendingBit)
    EXTI_GetITStatus                         0x08000ce5   Thumb Code    34  stm32f10x_exti.o(i.EXTI_GetITStatus)
    GPIO_Init                                0x08000d0d   Thumb Code   278  stm32f10x_gpio.o(i.GPIO_Init)
    GPIOx_Init                               0x08000e25   Thumb Code   138  gpio.o(i.GPIOx_Init)
    NVIC_Init                                0x08000ecd   Thumb Code   100  misc.o(i.NVIC_Init)
    NVIC_PriorityGroupConfig                 0x08000f3d   Thumb Code    10  misc.o(i.NVIC_PriorityGroupConfig)
    PWM_Init                                 0x08000f51   Thumb Code   140  pwm.o(i.PWM_Init)
    RCC_APB1PeriphClockCmd                   0x08000fe5   Thumb Code    26  stm32f10x_rcc.o(i.RCC_APB1PeriphClockCmd)
    RCC_APB2PeriphClockCmd                   0x08001005   Thumb Code    26  stm32f10x_rcc.o(i.RCC_APB2PeriphClockCmd)
    RCC_GetClocksFreq                        0x08001025   Thumb Code   192  stm32f10x_rcc.o(i.RCC_GetClocksFreq)
    RCC_GetFlagStatus                        0x080010f9   Thumb Code    56  stm32f10x_rcc.o(i.RCC_GetFlagStatus)
    RCC_GetSYSCLKSource                      0x08001135   Thumb Code    10  stm32f10x_rcc.o(i.RCC_GetSYSCLKSource)
    RCC_HCLKConfig                           0x08001145   Thumb Code    18  stm32f10x_rcc.o(i.RCC_HCLKConfig)
    RCC_HSEConfig                            0x0800115d   Thumb Code    70  stm32f10x_rcc.o(i.RCC_HSEConfig)
    RCC_PCLK1Config                          0x080011a9   Thumb Code    18  stm32f10x_rcc.o(i.RCC_PCLK1Config)
    RCC_PCLK2Config                          0x080011c1   Thumb Code    20  stm32f10x_rcc.o(i.RCC_PCLK2Config)
    RCC_PLLCmd                               0x080011d9   Thumb Code     6  stm32f10x_rcc.o(i.RCC_PLLCmd)
    RCC_PLLConfig                            0x080011e5   Thumb Code    24  stm32f10x_rcc.o(i.RCC_PLLConfig)
    RCC_SYSCLKConfig                         0x08001201   Thumb Code    18  stm32f10x_rcc.o(i.RCC_SYSCLKConfig)
    RCC_WaitForHSEStartUp                    0x08001219   Thumb Code    56  stm32f10x_rcc.o(i.RCC_WaitForHSEStartUp)
    SysClock_Init                            0x08001339   Thumb Code   126  delay.o(i.SysClock_Init)
    SysTick_Handler                          0x080013c1   Thumb Code    12  delay.o(i.SysTick_Handler)
    SystemCoreClockUpdate                    0x080013d1   Thumb Code   142  system_stm32f10x.o(i.SystemCoreClockUpdate)
    SystemInit                               0x08001475   Thumb Code    78  system_stm32f10x.o(i.SystemInit)
    TIM1_UP_IRQHandler                       0x080014d5   Thumb Code    38  timer.o(i.TIM1_UP_IRQHandler)
    TIM2_IRQHandler                          0x08001505   Thumb Code    38  timer.o(i.TIM2_IRQHandler)
    TIM3_IRQHandler                          0x08001531   Thumb Code    38  timer.o(i.TIM3_IRQHandler)
    TIM4_IRQHandler                          0x08001561   Thumb Code    38  timer.o(i.TIM4_IRQHandler)
    TIM_ClearITPendingBit                    0x08001591   Thumb Code     6  stm32f10x_tim.o(i.TIM_ClearITPendingBit)
    TIM_Cmd                                  0x08001597   Thumb Code    24  stm32f10x_tim.o(i.TIM_Cmd)
    TIM_CtrlPWMOutputs                       0x080015af   Thumb Code    30  stm32f10x_tim.o(i.TIM_CtrlPWMOutputs)
    TIM_GetITStatus                          0x080015cd   Thumb Code    34  stm32f10x_tim.o(i.TIM_GetITStatus)
    TIM_OC1Init                              0x080015f1   Thumb Code   132  stm32f10x_tim.o(i.TIM_OC1Init)
    TIM_OC1PreloadConfig                     0x08001689   Thumb Code    18  stm32f10x_tim.o(i.TIM_OC1PreloadConfig)
    TIM_OC2Init                              0x0800169d   Thumb Code   154  stm32f10x_tim.o(i.TIM_OC2Init)
    TIM_OC2PreloadConfig                     0x08001741   Thumb Code    26  stm32f10x_tim.o(i.TIM_OC2PreloadConfig)
    TIM_OC3Init                              0x0800175d   Thumb Code   150  stm32f10x_tim.o(i.TIM_OC3Init)
    TIM_OC3PreloadConfig                     0x080017fd   Thumb Code    18  stm32f10x_tim.o(i.TIM_OC3PreloadConfig)
    TIM_OC4Init                              0x08001811   Thumb Code   114  stm32f10x_tim.o(i.TIM_OC4Init)
    TIM_OC4PreloadConfig                     0x0800188d   Thumb Code    26  stm32f10x_tim.o(i.TIM_OC4PreloadConfig)
    TIM_TimeBaseInit                         0x080018a9   Thumb Code   122  stm32f10x_tim.o(i.TIM_TimeBaseInit)
    TIMx_OCxInit                             0x0800194d   Thumb Code   320  pwm.o(i.TIMx_OCxInit)
    Timer_ClockCmd                           0x08001acd   Thumb Code   290  timer.o(i.Timer_ClockCmd)
    USART1_IRQHandler                        0x08001c31   Thumb Code    10  HardwareSerial.o(i.USART1_IRQHandler)
    USART2_IRQHandler                        0x08001c41   Thumb Code    10  HardwareSerial.o(i.USART2_IRQHandler)
    USART3_IRQHandler                        0x08001c51   Thumb Code    10  HardwareSerial.o(i.USART3_IRQHandler)
    USART_ClearITPendingBit                  0x08001c61   Thumb Code    30  stm32f10x_usart.o(i.USART_ClearITPendingBit)
    USART_Cmd                                0x08001c7f   Thumb Code    24  stm32f10x_usart.o(i.USART_Cmd)
    USART_GetFlagStatus                      0x08001c97   Thumb Code    26  stm32f10x_usart.o(i.USART_GetFlagStatus)
    USART_GetITStatus                        0x08001cb1   Thumb Code    84  stm32f10x_usart.o(i.USART_GetITStatus)
    USART_ITConfig                           0x08001d05   Thumb Code    74  stm32f10x_usart.o(i.USART_ITConfig)
    USART_Init                               0x08001d51   Thumb Code   210  stm32f10x_usart.o(i.USART_Init)
    USART_ReceiveData                        0x08001e29   Thumb Code    10  stm32f10x_usart.o(i.USART_ReceiveData)
    USART_SendData                           0x08001e33   Thumb Code     8  stm32f10x_usart.o(i.USART_SendData)
    Fahrenheit(double)                       0x08001e3d   Thumb Code    34  main.o(i._Z10Fahrenheitd)
    dewPointFast(double, double)             0x08001e6d   Thumb Code   160  main.o(i._Z12dewPointFastdd)
    loop()                                   0x08001f1d   Thumb Code   362  main.o(i._Z4loopv)
    setup()                                  0x08002151   Thumb Code    44  main.o(i._Z5setupv)
    Kelvin(double)                           0x080021b1   Thumb Code    22  main.o(i._Z6Kelvind)
    dewPoint(double, double)                 0x080021cd   Thumb Code   424  main.o(i._Z8dewPointdd)
    HardwareSerial::IRQHandler()             0x080023d9   Thumb Code    82  HardwareSerial.o(i._ZN14HardwareSerial10IRQHandlerEv)
    HardwareSerial::begin(unsigned)          0x0800242b   Thumb Code    18  HardwareSerial.o(i._ZN14HardwareSerial5beginEj)
    HardwareSerial::begin(unsigned, SERIAL_Config) 0x0800243d   Thumb Code    26  HardwareSerial.o(i._ZN14HardwareSerial5beginEj13SERIAL_Config)
    HardwareSerial::begin(unsigned, SERIAL_Config, unsigned char, unsigned char) 0x08002459   Thumb Code   364  HardwareSerial.o(i._ZN14HardwareSerial5beginEj13SERIAL_Confighh)
    HardwareSerial::write(unsigned char)     0x080025e9   Thumb Code    32  HardwareSerial.o(i._ZN14HardwareSerial5writeEh)
    HardwareSerial::HardwareSerial(USART_TypeDef*) 0x08002609   Thumb Code    40  HardwareSerial.o(i._ZN14HardwareSerialC1EP13USART_TypeDef)
    HardwareSerial::HardwareSerial__sub_object(USART_TypeDef*) 0x08002609   Thumb Code     0  HardwareSerial.o(i._ZN14HardwareSerialC1EP13USART_TypeDef)
    Print::printFloat(double, unsigned char) 0x0800263d   Thumb Code   334  Print.o(i._ZN5Print10printFloatEdh)
    Print::printNumber(unsigned long long, unsigned char) 0x080027b1   Thumb Code   144  Print.o(i._ZN5Print11printNumberEyh)
    Print::print(const char*)                0x08002841   Thumb Code    18  Print.o(i._ZN5Print5printEPKc)
    Print::print(char)                       0x08002853   Thumb Code    18  Print.o(i._ZN5Print5printEc)
    Print::print(double, int)                0x08002865   Thumb Code    26  Print.o(i._ZN5Print5printEdi)
    Print::print(int, int)                   0x0800287f   Thumb Code    22  Print.o(i._ZN5Print5printEii)
    Print::print(long long, int)             0x08002895   Thumb Code    68  Print.o(i._ZN5Print5printExi)
    Print::write(const char*)                0x080028d9   Thumb Code    34  Print.o(i._ZN5Print5writeEPKc)
    Print::println(const char*)              0x080028fb   Thumb Code    28  Print.o(i._ZN5Print7printlnEPKc)
    Print::println(double, int)              0x08002917   Thumb Code    44  Print.o(i._ZN5Print7printlnEdi)
    Print::println()                         0x08002943   Thumb Code    28  Print.o(i._ZN5Print7printlnEv)
    dht11::read(int)                         0x0800295f   Thumb Code   300  dht11.o(i._ZN5dht114readEi)
    TwoWire::TwoWire(unsigned char, unsigned char, unsigned char) 0x08002a8d   Thumb Code    26  Wire.o(i._ZN7TwoWireC1Ehhh)
    TwoWire::TwoWire__sub_object(unsigned char, unsigned char, unsigned char) 0x08002a8d   Thumb Code     0  Wire.o(i._ZN7TwoWireC1Ehhh)
    TwoWire::~TwoWire()                      0x08002ab1   Thumb Code    22  Wire.o(i._ZN7TwoWireD1Ev)
    TwoWire::~TwoWire__sub_object()          0x08002ab1   Thumb Code     0  Wire.o(i._ZN7TwoWireD1Ev)
    SPIClass::SPIClass(SPI_TypeDef*)         0x08002acd   Thumb Code     4  SPI.o(i._ZN8SPIClassC1EP11SPI_TypeDef)
    SPIClass::SPIClass__sub_object(SPI_TypeDef*) 0x08002acd   Thumb Code     0  SPI.o(i._ZN8SPIClassC1EP11SPI_TypeDef)
    IPAddress::IPAddress(unsigned char, unsigned char, unsigned char, unsigned char) 0x08002ad1   Thumb Code    44  IPAddress.o(i._ZN9IPAddressC1Ehhhh)
    IPAddress::IPAddress__sub_object(unsigned char, unsigned char, unsigned char, unsigned char) 0x08002ad1   Thumb Code     0  IPAddress.o(i._ZN9IPAddressC1Ehhhh)
    Printable::Printable__sub_object()       0x08002b01   Thumb Code     6  IPAddress.o(i._ZN9PrintableC2Ev)
    __ARM_fpclassify                         0x08002b0d   Thumb Code    40  fpclassify.o(i.__ARM_fpclassify)
    __cxa_pure_virtual                       0x08002b5d   Thumb Code     6  pure_virt.o(i.__cxa_pure_virtual)
    free                                     0x08002b65   Thumb Code    88  mallocr.o(i.__free$realloc)
    __kernel_poly                            0x08002bc1   Thumb Code   170  poly.o(i.__kernel_poly)
    malloc                                   0x08002c6d   Thumb Code    64  mallocr.o(i.__malloc$realloc)
    __mathlib_dbl_divzero                    0x08002cbd   Thumb Code    12  dunder.o(i.__mathlib_dbl_divzero)
    __mathlib_dbl_infnan                     0x08002ccd   Thumb Code     6  dunder.o(i.__mathlib_dbl_infnan)
    __mathlib_dbl_infnan2                    0x08002cd3   Thumb Code     4  dunder.o(i.__mathlib_dbl_infnan2)
    __mathlib_dbl_invalid                    0x08002cd7   Thumb Code    12  dunder.o(i.__mathlib_dbl_invalid)
    __mathlib_dbl_overflow                   0x08002ce3   Thumb Code    14  dunder.o(i.__mathlib_dbl_overflow)
    __mathlib_dbl_underflow                  0x08002cf1   Thumb Code    10  dunder.o(i.__mathlib_dbl_underflow)
    __scatterload_copy                       0x08002d01   Thumb Code    14  handlers.o(i.__scatterload_copy)
    __scatterload_null                       0x08002d0f   Thumb Code     2  handlers.o(i.__scatterload_null)
    __scatterload_zeroinit                   0x08002d11   Thumb Code    14  handlers.o(i.__scatterload_zeroinit)
    __set_errno                              0x08002d21   Thumb Code     6  errno.o(i.__set_errno)
    delay_ms                                 0x08002df5   Thumb Code    18  delay.o(i.delay_ms)
    delay_us                                 0x08002e0d   Thumb Code    74  delay.o(i.delay_us)
    digitalRead                              0x08002e61   Thumb Code    40  qiArdlib.o(i.digitalRead)
    digitalWrite                             0x08002e8d   Thumb Code    50  qiArdlib.o(i.digitalWrite)
    log                                      0x08002f15   Thumb Code   808  log.o(i.log)
    log10                                    0x08003271   Thumb Code   198  log10.o(i.log10)
    main                                     0x08003355   Thumb Code    30  main.o(i.main)
    micros                                   0x08003375   Thumb Code    52  delay.o(i.micros)
    pinMode                                  0x080033b5   Thumb Code   134  qiArdlib.o(i.pinMode)
    pow                                      0x08003441   Thumb Code  2512  pow.o(i.pow)
    sqrt                                     0x08003e19   Thumb Code    76  sqrt.o(i.sqrt)
    PIN_MAP                                  0x08003e64   Data        1792  gpio.o(.constdata)
    __mathlib_zero                           0x08004628   Data           8  qnan.o(.constdata)
    vtable for HardwareSerial                0x08004630   Data          36  HardwareSerial.o(.constdata__ZTV14HardwareSerial)
    vtable for Print                         0x08004654   Data          20  Print.o(.constdata__ZTV5Print)
    vtable for Stream                        0x08004668   Data          36  HardwareSerial.o(.constdata__ZTV6Stream)
    vtable for TwoWire                       0x0800468c   Data          16  Wire.o(.constdata__ZTV7TwoWire)
    vtable for WireBase                      0x0800469c   Data          16  WireBase.o(.constdata__ZTV8WireBase)
    vtable for IPAddress                     0x080046ac   Data          12  IPAddress.o(.constdata__ZTV9IPAddress)
    vtable for Printable                     0x080046b8   Data          12  IPAddress.o(.constdata__ZTV9Printable)
    Region$$Table$$Base                      0x080046c4   Number         0  anon$$obj.o(Region$$Table)
    Region$$Table$$Limit                     0x080046e4   Number         0  anon$$obj.o(Region$$Table)
    SHT$$INIT_ARRAY$$Base                    0x080046e4   Number         0  HardwareSerial.o(.init_array)
    SHT$$INIT_ARRAY$$Limit                   0x080046f4   Number         0  cpp_init.o(.init_array)
    SystemCoreClock                          0x20000094   Data           4  system_stm32f10x.o(.data)
    AHBPrescTable                            0x20000098   Data          16  system_stm32f10x.o(.data)
    DHT11                                    0x200000b0   Data           8  main.o(.data)
    __microlib_freelist                      0x200000b8   Data           4  mvars.o(.data)
    __microlib_freelist_initialised          0x200000bc   Data           4  mvars.o(.data)
    Serial                                   0x20000160   Data         156  HardwareSerial.o(.bss)
    Serial2                                  0x200001fc   Data         156  HardwareSerial.o(.bss)
    Serial3                                  0x20000298   Data         156  HardwareSerial.o(.bss)
    Serial4                                  0x20000334   Data         156  HardwareSerial.o(.bss)
    Serial5                                  0x200003d0   Data         156  HardwareSerial.o(.bss)
    SPI                                      0x2000046c   Data          28  SPI.o(.bss)
    SPI_2                                    0x20000488   Data          28  SPI.o(.bss)
    SPI_3                                    0x200004a4   Data          28  SPI.o(.bss)
    Wire                                     0x200004c0   Data          88  Wire.o(.bss)
    __heap_base                              0x20000518   Data           0  startup_stm32f10x_md.o(HEAP)
    __heap_limit                             0x20000718   Data           0  startup_stm32f10x_md.o(HEAP)
    __initial_sp                             0x20000b18   Data           0  startup_stm32f10x_md.o(STACK)



==============================================================================

Memory Map of the image

  Image Entry point : 0x080000ed

  Load Region LR_IROM1 (Base: 0x08000000, Size: 0x000047bc, Max: 0x00010000, ABSOLUTE)

    Execution Region ER_IROM1 (Base: 0x08000000, Size: 0x000046f4, Max: 0x00010000, ABSOLUTE)

    Base Addr    Size         Type   Attr      Idx    E Section Name        Object

    0x08000000   0x000000ec   Data   RO         4151    RESET               startup_stm32f10x_md.o
    0x080000ec   0x00000000   Code   RO         6526  * .ARM.Collect$$$$00000000  mc_w.l(entry.o)
    0x080000ec   0x00000004   Code   RO         6974    .ARM.Collect$$$$00000001  mc_w.l(entry2.o)
    0x080000f0   0x00000004   Code   RO         6977    .ARM.Collect$$$$00000004  mc_w.l(entry5.o)
    0x080000f4   0x00000000   Code   RO         6979    .ARM.Collect$$$$00000008  mc_w.l(entry7b.o)
    0x080000f4   0x00000004   Code   RO         6980    .ARM.Collect$$$$00000009  mc_w.l(entry8a.o)
    0x080000f8   0x00000000   Code   RO         6981    .ARM.Collect$$$$0000000A  mc_w.l(entry8b.o)
    0x080000f8   0x00000008   Code   RO         6982    .ARM.Collect$$$$0000000B  mc_w.l(entry9a.o)
    0x08000100   0x00000000   Code   RO         6984    .ARM.Collect$$$$0000000D  mc_w.l(entry10a.o)
    0x08000100   0x00000004   Code   RO         6985    .ARM.Collect$$$$0000000E  mc_w.l(entry10b.o)
    0x08000104   0x00000000   Code   RO         6986    .ARM.Collect$$$$0000000F  mc_w.l(entry11a.o)
    0x08000104   0x00000004   Code   RO         6975    .ARM.Collect$$$$00002712  mc_w.l(entry2.o)
    0x08000108   0x00000024   Code   RO         4152    .text               startup_stm32f10x_md.o
    0x0800012c   0x00000062   Code   RO         6529    .text               mc_w.l(uldiv.o)
    0x0800018e   0x00000040   Code   RO         6568    .text               mc_w.l(memmovea.o)
    0x080001ce   0x00000002   PAD
    0x080001d0   0x00000020   Code   RO         6886    .text               mc_w.l(cpp_init.o)
    0x080001f0   0x0000002e   Code   RO         6888    .text               mc_w.l(aeabi_atexit.o)
    0x0800021e   0x0000014e   Code   RO         6896    .text               mf_w.l(dadd.o)
    0x0800036c   0x000000e4   Code   RO         6898    .text               mf_w.l(dmul.o)
    0x08000450   0x000000de   Code   RO         6900    .text               mf_w.l(ddiv.o)
    0x0800052e   0x00000012   Code   RO         6902    .text               mf_w.l(fflti.o)
    0x08000540   0x00000022   Code   RO         6906    .text               mf_w.l(dflti.o)
    0x08000562   0x00000028   Code   RO         6910    .text               mf_w.l(dfltl.o)
    0x0800058a   0x0000003e   Code   RO         6916    .text               mf_w.l(dfixi.o)
    0x080005c8   0x0000004a   Code   RO         6920    .text               mf_w.l(dfixl.o)
    0x08000612   0x00000026   Code   RO         6922    .text               mf_w.l(f2d.o)
    0x08000638   0x00000030   Code   RO         6924    .text               mf_w.l(cdcmple.o)
    0x08000668   0x00000030   Code   RO         6926    .text               mf_w.l(cdrcmple.o)
    0x08000698   0x0000001e   Code   RO         6993    .text               mc_w.l(llshl.o)
    0x080006b6   0x00000020   Code   RO         6995    .text               mc_w.l(llushr.o)
    0x080006d6   0x00000024   Code   RO         6997    .text               mc_w.l(llsshr.o)
    0x080006fa   0x00000000   Code   RO         7012    .text               mc_w.l(iusefp.o)
    0x080006fa   0x00000002   PAD
    0x080006fc   0x00000008   Code   RO         7013    .text               mc_w.l(cpp_dtor.o)
    0x08000704   0x00000002   Code   RO         7016    .text               mc_w.l(cpp_signal.o)
    0x08000706   0x00000042   Code   RO         7018    .text               mc_w.l(cxa_finalize.o)
    0x08000748   0x0000006e   Code   RO         7020    .text               mf_w.l(fepilogue.o)
    0x080007b6   0x000000ba   Code   RO         7022    .text               mf_w.l(depilogue.o)
    0x08000870   0x0000002e   Code   RO         7024    .text               mf_w.l(dscalb.o)
    0x0800089e   0x00000002   PAD
    0x080008a0   0x00000024   Code   RO         7041    .text               mc_w.l(init.o)
    0x080008c4   0x00000002   Code   RO         7053    .text               mc_w.l(cpp_final.o)
    0x080008c6   0x000000a2   Code   RO         7055    .text               mf_w.l(dsqrt.o)
    0x08000968   0x000000b4   Code   RO            6    i.ADC_DMA_Register  adc.o
    0x08000a1c   0x0000002c   Code   RO            7    i.ADC_DMA_SearchChannel  adc.o
    0x08000a48   0x0000004c   Code   RO          164    i.Delay_Init        delay.o
    0x08000a94   0x00000028   Code   RO          238    i.EXTI0_IRQHandler  exti.o
    0x08000abc   0x000000d4   Code   RO          239    i.EXTI15_10_IRQHandler  exti.o
    0x08000b90   0x00000028   Code   RO          240    i.EXTI1_IRQHandler  exti.o
    0x08000bb8   0x00000028   Code   RO          241    i.EXTI2_IRQHandler  exti.o
    0x08000be0   0x00000028   Code   RO          242    i.EXTI3_IRQHandler  exti.o
    0x08000c08   0x00000028   Code   RO          243    i.EXTI4_IRQHandler  exti.o
    0x08000c30   0x000000a8   Code   RO          244    i.EXTI9_5_IRQHandler  exti.o
    0x08000cd8   0x0000000c   Code   RO         1594    i.EXTI_ClearITPendingBit  stm32f10x_exti.o
    0x08000ce4   0x00000028   Code   RO         1598    i.EXTI_GetITStatus  stm32f10x_exti.o
    0x08000d0c   0x00000116   Code   RO         1992    i.GPIO_Init         stm32f10x_gpio.o
    0x08000e22   0x00000002   PAD
    0x08000e24   0x000000a8   Code   RO          338    i.GPIOx_Init        gpio.o
    0x08000ecc   0x00000070   Code   RO          601    i.NVIC_Init         misc.o
    0x08000f3c   0x00000014   Code   RO          602    i.NVIC_PriorityGroupConfig  misc.o
    0x08000f50   0x00000094   Code   RO          388    i.PWM_Init          pwm.o
    0x08000fe4   0x00000020   Code   RO         2462    i.RCC_APB1PeriphClockCmd  stm32f10x_rcc.o
    0x08001004   0x00000020   Code   RO         2464    i.RCC_APB2PeriphClockCmd  stm32f10x_rcc.o
    0x08001024   0x000000d4   Code   RO         2472    i.RCC_GetClocksFreq  stm32f10x_rcc.o
    0x080010f8   0x0000003c   Code   RO         2473    i.RCC_GetFlagStatus  stm32f10x_rcc.o
    0x08001134   0x00000010   Code   RO         2475    i.RCC_GetSYSCLKSource  stm32f10x_rcc.o
    0x08001144   0x00000018   Code   RO         2476    i.RCC_HCLKConfig    stm32f10x_rcc.o
    0x0800115c   0x0000004c   Code   RO         2477    i.RCC_HSEConfig     stm32f10x_rcc.o
    0x080011a8   0x00000018   Code   RO         2483    i.RCC_PCLK1Config   stm32f10x_rcc.o
    0x080011c0   0x00000018   Code   RO         2484    i.RCC_PCLK2Config   stm32f10x_rcc.o
    0x080011d8   0x0000000c   Code   RO         2485    i.RCC_PLLCmd        stm32f10x_rcc.o
    0x080011e4   0x0000001c   Code   RO         2486    i.RCC_PLLConfig     stm32f10x_rcc.o
    0x08001200   0x00000018   Code   RO         2489    i.RCC_SYSCLKConfig  stm32f10x_rcc.o
    0x08001218   0x00000038   Code   RO         2491    i.RCC_WaitForHSEStartUp  stm32f10x_rcc.o
    0x08001250   0x00000008   Code   RO         3961    i.SetSysClock       system_stm32f10x.o
    0x08001258   0x000000e0   Code   RO         3962    i.SetSysClockTo72   system_stm32f10x.o
    0x08001338   0x00000088   Code   RO          165    i.SysClock_Init     delay.o
    0x080013c0   0x00000010   Code   RO          166    i.SysTick_Handler   delay.o
    0x080013d0   0x000000a4   Code   RO         3963    i.SystemCoreClockUpdate  system_stm32f10x.o
    0x08001474   0x00000060   Code   RO         3964    i.SystemInit        system_stm32f10x.o
    0x080014d4   0x00000030   Code   RO          483    i.TIM1_UP_IRQHandler  timer.o
    0x08001504   0x0000002c   Code   RO          484    i.TIM2_IRQHandler   timer.o
    0x08001530   0x00000030   Code   RO          485    i.TIM3_IRQHandler   timer.o
    0x08001560   0x00000030   Code   RO          486    i.TIM4_IRQHandler   timer.o
    0x08001590   0x00000006   Code   RO         3148    i.TIM_ClearITPendingBit  stm32f10x_tim.o
    0x08001596   0x00000018   Code   RO         3153    i.TIM_Cmd           stm32f10x_tim.o
    0x080015ae   0x0000001e   Code   RO         3155    i.TIM_CtrlPWMOutputs  stm32f10x_tim.o
    0x080015cc   0x00000022   Code   RO         3174    i.TIM_GetITStatus   stm32f10x_tim.o
    0x080015ee   0x00000002   PAD
    0x080015f0   0x00000098   Code   RO         3182    i.TIM_OC1Init       stm32f10x_tim.o
    0x08001688   0x00000012   Code   RO         3185    i.TIM_OC1PreloadConfig  stm32f10x_tim.o
    0x0800169a   0x00000002   PAD
    0x0800169c   0x000000a4   Code   RO         3187    i.TIM_OC2Init       stm32f10x_tim.o
    0x08001740   0x0000001a   Code   RO         3190    i.TIM_OC2PreloadConfig  stm32f10x_tim.o
    0x0800175a   0x00000002   PAD
    0x0800175c   0x000000a0   Code   RO         3192    i.TIM_OC3Init       stm32f10x_tim.o
    0x080017fc   0x00000012   Code   RO         3195    i.TIM_OC3PreloadConfig  stm32f10x_tim.o
    0x0800180e   0x00000002   PAD
    0x08001810   0x0000007c   Code   RO         3197    i.TIM_OC4Init       stm32f10x_tim.o
    0x0800188c   0x0000001a   Code   RO         3199    i.TIM_OC4PreloadConfig  stm32f10x_tim.o
    0x080018a6   0x00000002   PAD
    0x080018a8   0x000000a4   Code   RO         3224    i.TIM_TimeBaseInit  stm32f10x_tim.o
    0x0800194c   0x00000180   Code   RO          390    i.TIMx_OCxInit      pwm.o
    0x08001acc   0x00000164   Code   RO          491    i.Timer_ClockCmd    timer.o
    0x08001c30   0x00000010   Code   RO         4478    i.USART1_IRQHandler  HardwareSerial.o
    0x08001c40   0x00000010   Code   RO         4479    i.USART2_IRQHandler  HardwareSerial.o
    0x08001c50   0x00000010   Code   RO         4480    i.USART3_IRQHandler  HardwareSerial.o
    0x08001c60   0x0000001e   Code   RO         3701    i.USART_ClearITPendingBit  stm32f10x_usart.o
    0x08001c7e   0x00000018   Code   RO         3704    i.USART_Cmd         stm32f10x_usart.o
    0x08001c96   0x0000001a   Code   RO         3707    i.USART_GetFlagStatus  stm32f10x_usart.o
    0x08001cb0   0x00000054   Code   RO         3708    i.USART_GetITStatus  stm32f10x_usart.o
    0x08001d04   0x0000004a   Code   RO         3710    i.USART_ITConfig    stm32f10x_usart.o
    0x08001d4e   0x00000002   PAD
    0x08001d50   0x000000d8   Code   RO         3711    i.USART_Init        stm32f10x_usart.o
    0x08001e28   0x0000000a   Code   RO         3718    i.USART_ReceiveData  stm32f10x_usart.o
    0x08001e32   0x00000008   Code   RO         3721    i.USART_SendData    stm32f10x_usart.o
    0x08001e3a   0x00000002   PAD
    0x08001e3c   0x00000030   Code   RO         6318    i._Z10Fahrenheitd   main.o
    0x08001e6c   0x000000b0   Code   RO         6319    i._Z12dewPointFastdd  main.o
    0x08001f1c   0x00000234   Code   RO         6320    i._Z4loopv          main.o
    0x08002150   0x00000060   Code   RO         6321    i._Z5setupv         main.o
    0x080021b0   0x0000001c   Code   RO         6322    i._Z6Kelvind        main.o
    0x080021cc   0x0000020c   Code   RO         6323    i._Z8dewPointdd     main.o
    0x080023d8   0x00000052   Code   RO         4483    i._ZN14HardwareSerial10IRQHandlerEv  HardwareSerial.o
    0x0800242a   0x00000012   Code   RO         4488    i._ZN14HardwareSerial5beginEj  HardwareSerial.o
    0x0800243c   0x0000001a   Code   RO         4489    i._ZN14HardwareSerial5beginEj13SERIAL_Config  HardwareSerial.o
    0x08002456   0x00000002   PAD
    0x08002458   0x00000190   Code   RO         4490    i._ZN14HardwareSerial5beginEj13SERIAL_Confighh  HardwareSerial.o
    0x080025e8   0x00000020   Code   RO         4492    i._ZN14HardwareSerial5writeEh  HardwareSerial.o
    0x08002608   0x00000034   Code   RO         4494    i._ZN14HardwareSerialC1EP13USART_TypeDef  HardwareSerial.o
    0x0800263c   0x00000174   Code   RO         4729    i._ZN5Print10printFloatEdh  Print.o
    0x080027b0   0x00000090   Code   RO         4730    i._ZN5Print11printNumberEyh  Print.o
    0x08002840   0x00000012   Code   RO         4732    i._ZN5Print5printEPKc  Print.o
    0x08002852   0x00000012   Code   RO         4735    i._ZN5Print5printEc  Print.o
    0x08002864   0x0000001a   Code   RO         4736    i._ZN5Print5printEdi  Print.o
    0x0800287e   0x00000016   Code   RO         4738    i._ZN5Print5printEii  Print.o
    0x08002894   0x00000044   Code   RO         4742    i._ZN5Print5printExi  Print.o
    0x080028d8   0x00000022   Code   RO         4744    i._ZN5Print5writeEPKc  Print.o
    0x080028fa   0x0000001c   Code   RO         4748    i._ZN5Print7printlnEPKc  Print.o
    0x08002916   0x0000002c   Code   RO         4752    i._ZN5Print7printlnEdi  Print.o
    0x08002942   0x0000001c   Code   RO         4758    i._ZN5Print7printlnEv  Print.o
    0x0800295e   0x0000012c   Code   RO         4159    i._ZN5dht114readEi  dht11.o
    0x08002a8a   0x00000002   PAD
    0x08002a8c   0x00000024   Code   RO         6060    i._ZN7TwoWireC1Ehhh  Wire.o
    0x08002ab0   0x0000001c   Code   RO         6061    i._ZN7TwoWireD1Ev   Wire.o
    0x08002acc   0x00000004   Code   RO         5000    i._ZN8SPIClassC1EP11SPI_TypeDef  SPI.o
    0x08002ad0   0x00000030   Code   RO         4642    i._ZN9IPAddressC1Ehhhh  IPAddress.o
    0x08002b00   0x0000000c   Code   RO         4714    i._ZN9PrintableC2Ev  IPAddress.o
    0x08002b0c   0x00000028   Code   RO         6961    i.__ARM_fpclassify  m_ws.l(fpclassify.o)
    0x08002b34   0x00000028   Code   RO          167    i.__NVIC_SetPriority  delay.o
    0x08002b5c   0x00000006   Code   RO         6385    i.__cxa_pure_virtual  cpprt_w.l(pure_virt.o)
    0x08002b62   0x00000002   PAD
    0x08002b64   0x0000005c   Code   RO         6857    i.__free$realloc    mc_w.l(mallocr.o)
    0x08002bc0   0x000000aa   Code   RO         6963    i.__kernel_poly     m_ws.l(poly.o)
    0x08002c6a   0x00000002   PAD
    0x08002c6c   0x00000050   Code   RO         6858    i.__malloc$realloc  mc_w.l(mallocr.o)
    0x08002cbc   0x00000010   Code   RO         6947    i.__mathlib_dbl_divzero  m_ws.l(dunder.o)
    0x08002ccc   0x00000006   Code   RO         6948    i.__mathlib_dbl_infnan  m_ws.l(dunder.o)
    0x08002cd2   0x00000004   Code   RO         6949    i.__mathlib_dbl_infnan2  m_ws.l(dunder.o)
    0x08002cd6   0x0000000c   Code   RO         6950    i.__mathlib_dbl_invalid  m_ws.l(dunder.o)
    0x08002ce2   0x0000000e   Code   RO         6951    i.__mathlib_dbl_overflow  m_ws.l(dunder.o)
    0x08002cf0   0x00000010   Code   RO         6953    i.__mathlib_dbl_underflow  m_ws.l(dunder.o)
    0x08002d00   0x0000000e   Code   RO         7071    i.__scatterload_copy  mc_w.l(handlers.o)
    0x08002d0e   0x00000002   Code   RO         7072    i.__scatterload_null  mc_w.l(handlers.o)
    0x08002d10   0x0000000e   Code   RO         7073    i.__scatterload_zeroinit  mc_w.l(handlers.o)
    0x08002d1e   0x00000002   PAD
    0x08002d20   0x0000000c   Code   RO         7003    i.__set_errno       mc_w.l(errno.o)
    0x08002d2c   0x00000018   Code   RO         4649    i.__sti___13_IPAddress_cpp_0fe1e075  IPAddress.o
    0x08002d44   0x00000054   Code   RO         4495    i.__sti___18_HardwareSerial_cpp_cfa1b6a6  HardwareSerial.o
    0x08002d98   0x00000034   Code   RO         5003    i.__sti___7_SPI_cpp_ce5662b4  SPI.o
    0x08002dcc   0x00000028   Code   RO         6062    i.__sti___8_Wire_cpp_928ee5ff  Wire.o
    0x08002df4   0x00000018   Code   RO          168    i.delay_ms          delay.o
    0x08002e0c   0x00000054   Code   RO          169    i.delay_us          delay.o
    0x08002e60   0x0000002c   Code   RO         4065    i.digitalRead       qiArdlib.o
    0x08002e8c   0x00000038   Code   RO         4066    i.digitalWrite      qiArdlib.o
    0x08002ec4   0x00000050   Code   RO         6859    i.internal_alloc    mc_w.l(mallocr.o)
    0x08002f14   0x0000035c   Code   RO         6499    i.log               m_ws.l(log.o)
    0x08003270   0x000000e4   Code   RO         6509    i.log10             m_ws.l(log10.o)
    0x08003354   0x0000001e   Code   RO         6324    i.main              main.o
    0x08003372   0x00000002   PAD
    0x08003374   0x00000040   Code   RO          170    i.micros            delay.o
    0x080033b4   0x0000008c   Code   RO         4069    i.pinMode           qiArdlib.o
    0x08003440   0x000009d8   Code   RO         6517    i.pow               m_ws.l(pow.o)
    0x08003e18   0x0000004c   Code   RO         6967    i.sqrt              m_ws.l(sqrt.o)
    0x08003e64   0x00000700   Data   RO          339    .constdata          gpio.o
    0x08004564   0x00000004   PAD
    0x08004568   0x00000038   Data   RO         6500    .constdata          m_ws.l(log.o)
    0x080045a0   0x00000088   Data   RO         6518    .constdata          m_ws.l(pow.o)
    0x08004628   0x00000008   Data   RO         6965    .constdata          m_ws.l(qnan.o)
    0x08004630   0x00000024   Data   RO         4605    .constdata__ZTV14HardwareSerial  HardwareSerial.o
    0x08004654   0x00000014   Data   RO         4933    .constdata__ZTV5Print  Print.o
    0x08004668   0x00000024   Data   RO         4607    .constdata__ZTV6Stream  HardwareSerial.o
    0x0800468c   0x00000010   Data   RO         6147    .constdata__ZTV7TwoWire  Wire.o
    0x0800469c   0x00000010   Data   RO         6266    .constdata__ZTV8WireBase  WireBase.o
    0x080046ac   0x0000000c   Data   RO         4713    .constdata__ZTV9IPAddress  IPAddress.o
    0x080046b8   0x0000000c   Data   RO         4718    .constdata__ZTV9Printable  IPAddress.o
    0x080046c4   0x00000020   Data   RO         7069    Region$$Table       anon$$obj.o
    0x080046e4   0x00000004   Data   RO         4515    .init_array         HardwareSerial.o
    0x080046e8   0x00000004   Data   RO         4661    .init_array         IPAddress.o
    0x080046ec   0x00000004   Data   RO         5032    .init_array         SPI.o
    0x080046f0   0x00000004   Data   RO         6078    .init_array         Wire.o
    0x080046f4   0x00000000   Data   RO         6884    .init_array         mc_w.l(cpp_init.o)


    Execution Region RW_IRAM1 (Base: 0x20000000, Size: 0x00000b18, Max: 0x00002800, ABSOLUTE)

    Base Addr    Size         Type   Attr      Idx    E Section Name        Object

    0x20000000   0x00000002   Data   RW           11    .data               adc.o
    0x20000002   0x00000002   PAD
    0x20000004   0x0000007c   Data   RW          172    .data               delay.o
    0x20000080   0x00000014   Data   RW         2492    .data               stm32f10x_rcc.o
    0x20000094   0x00000014   Data   RW         3965    .data               system_stm32f10x.o
    0x200000a8   0x00000008   Data   RW         4660    .data               IPAddress.o
    0x200000b0   0x00000008   Data   RW         6332    .data               main.o
    0x200000b8   0x00000004   Data   RW         6999    .data               mc_w.l(mvars.o)
    0x200000bc   0x00000004   Data   RW         7000    .data               mc_w.l(mvars.o)
    0x200000c0   0x00000004   Data   RW         7004    .data               mc_w.l(errno.o)
    0x200000c4   0x00000004   Data   RW         7014    .data               mc_w.l(cpp_dtor.o)
    0x200000c8   0x00000036   Zero   RW           10    .bss                adc.o
    0x200000fe   0x00000002   PAD
    0x20000100   0x00000040   Zero   RW          249    .bss                exti.o
    0x20000140   0x00000020   Zero   RW          499    .bss                timer.o
    0x20000160   0x0000030c   Zero   RW         4514    .bss                HardwareSerial.o
    0x2000046c   0x00000054   Zero   RW         5031    .bss                SPI.o
    0x200004c0   0x00000058   Zero   RW         6077    .bss                Wire.o
    0x20000518   0x00000200   Zero   RW         4150    HEAP                startup_stm32f10x_md.o
    0x20000718   0x00000400   Zero   RW         4149    STACK               startup_stm32f10x_md.o


==============================================================================

Image component sizes


      Code (inc. data)   RO Data    RW Data    ZI Data      Debug   Object Name

       742        106         76          0        780      13517   HardwareSerial.o
        84         14         28          8          0       2320   IPAddress.o
       802         38         20          0          0      18508   Print.o
        56         24          4          0         84       4558   SPI.o
       104         30         20          0         88       3811   Wire.o
         0          0         16          0          0          0   WireBase.o
       224         20          0          2         54     238751   adc.o
       440         56          0        124          0      28941   delay.o
       300          0          0          0          0     242817   dht11.o
       580         40          0          0         64       4143   exti.o
       168         30       1792          0          0       3131   gpio.o
      1466        390          0          8          0       3694   main.o
       132         22          0          0          0      11851   misc.o
       532         72          0          0          0       2566   pwm.o
       240         16          0          0          0       1587   qiArdlib.o
        36          8        236          0       1536        756   startup_stm32f10x_md.o
        52         12          0          0          0       1076   stm32f10x_exti.o
       278          0          0          0          0      10288   stm32f10x_gpio.o
       620         80          0         20          0      18369   stm32f10x_rcc.o
       946         92          0          0          0      28712   stm32f10x_tim.o
       472          6          0          0          0      12619   stm32f10x_usart.o
       492         50          0         20          0       2729   system_stm32f10x.o
       544        102          0          0         32       3328   timer.o

    ----------------------------------------------------------------------
      9332       1208       2228        184       2640     658072   Object Totals
         0          0         32          0          0          0   (incl. Generated)
        22          0          4          2          2          0   (incl. Padding)

    ----------------------------------------------------------------------

      Code (inc. data)   RO Data    RW Data    ZI Data      Debug   Library Member Name

         6          0          0          0          0         68   pure_virt.o
        68         10          0          0          0        408   dunder.o
        40          0          0          0          0         68   fpclassify.o
       860         52         56          0          0        256   log.o
       228         30          0          0          0        120   log10.o
       170          0          0          0          0         96   poly.o
      2520        190        136          0          0        324   pow.o
         0          0          8          0          0          0   qnan.o
        76          0          0          0          0         84   sqrt.o
        46          0          0          0          0         84   aeabi_atexit.o
         8          4          0          4          0         68   cpp_dtor.o
         2          0          0          0          0         68   cpp_final.o
        32         10          0          0          0         80   cpp_init.o
         2          0          0          0          0         68   cpp_signal.o
        66          0          0          0          0         84   cxa_finalize.o
         0          0          0          0          0          0   entry.o
         0          0          0          0          0          0   entry10a.o
         4          0          0          0          0          0   entry10b.o
         0          0          0          0          0          0   entry11a.o
         8          4          0          0          0          0   entry2.o
         4          0          0          0          0          0   entry5.o
         0          0          0          0          0          0   entry7b.o
         4          0          0          0          0          0   entry8a.o
         0          0          0          0          0          0   entry8b.o
         8          4          0          0          0          0   entry9a.o
        12          6          0          4          0         68   errno.o
        30          0          0          0          0          0   handlers.o
        36          8          0          0          0         68   init.o
         0          0          0          0          0          0   iusefp.o
        30          0          0          0          0         68   llshl.o
        36          0          0          0          0         68   llsshr.o
        32          0          0          0          0         68   llushr.o
       252         24          0          0          0        252   mallocr.o
        64          0          0          0          0         76   memmovea.o
         0          0          0          8          0          0   mvars.o
        98          0          0          0          0         92   uldiv.o
        48          0          0          0          0         68   cdcmple.o
        48          0          0          0          0         68   cdrcmple.o
       334          0          0          0          0        148   dadd.o
       222          0          0          0          0        100   ddiv.o
       186          0          0          0          0        176   depilogue.o
        62          0          0          0          0         80   dfixi.o
        74          0          0          0          0         80   dfixl.o
        34          0          0          0          0         76   dflti.o
        40          0          0          0          0         80   dfltl.o
       228          0          0          0          0         96   dmul.o
        46          0          0          0          0         80   dscalb.o
       162          0          0          0          0        100   dsqrt.o
        38          0          0          0          0         68   f2d.o
       110          0          0          0          0        168   fepilogue.o
        18          0          0          0          0         68   fflti.o

    ----------------------------------------------------------------------
      6404        342        200         16          0       4092   Library Totals
        12          0          0          0          0          0   (incl. Padding)

    ----------------------------------------------------------------------

      Code (inc. data)   RO Data    RW Data    ZI Data      Debug   Library Name

         6          0          0          0          0         68   cpprt_w.l
      3962        282        200          0          0       1356   m_ws.l
       774         60          0         16          0       1212   mc_w.l
      1650          0          0          0          0       1456   mf_w.l

    ----------------------------------------------------------------------
      6404        342        200         16          0       4092   Library Totals

    ----------------------------------------------------------------------

==============================================================================


      Code (inc. data)   RO Data    RW Data    ZI Data      Debug   

     15736       1550       2428        200       2640     654880   Grand Totals
     15736       1550       2428        200       2640     654880   ELF Image Totals
     15736       1550       2428        200          0          0   ROM Totals

==============================================================================

    Total RO  Size (Code + RO Data)                18164 (  17.74kB)
    Total RW  Size (RW Data + ZI Data)              2840 (   2.77kB)
    Total ROM Size (Code + RO Data + RW Data)      18364 (  17.93kB)

==============================================================================

